Component: ARM Compiler 5.06 update 6 (build 750) Tool: armlink [4d35ed]

==============================================================================

Section Cross References

    startup_stm32f429xx.o(RESET) refers to startup_stm32f429xx.o(STACK) for __initial_sp
    startup_stm32f429xx.o(RESET) refers to startup_stm32f429xx.o(.text) for Reset_Handler
    startup_stm32f429xx.o(RESET) refers to stm32f4xx_it.o(i.NMI_Handler) for NMI_Handler
    startup_stm32f429xx.o(RESET) refers to stm32f4xx_it.o(i.HardFault_Handler) for HardFault_Handler
    startup_stm32f429xx.o(RESET) refers to stm32f4xx_it.o(i.MemManage_Handler) for MemManage_Handler
    startup_stm32f429xx.o(RESET) refers to stm32f4xx_it.o(i.BusFault_Handler) for BusFault_Handler
    startup_stm32f429xx.o(RESET) refers to stm32f4xx_it.o(i.UsageFault_Handler) for UsageFault_Handler
    startup_stm32f429xx.o(RESET) refers to stm32f4xx_it.o(i.SVC_Handler) for SVC_Handler
    startup_stm32f429xx.o(RESET) refers to stm32f4xx_it.o(i.DebugMon_Handler) for DebugMon_Handler
    startup_stm32f429xx.o(RESET) refers to stm32f4xx_it.o(i.PendSV_Handler) for PendSV_Handler
    startup_stm32f429xx.o(RESET) refers to stm32f4xx_it.o(i.SysTick_Handler) for SysTick_Handler
    startup_stm32f429xx.o(.text) refers to system_stm32f4xx.o(i.SystemInit) for SystemInit
    startup_stm32f429xx.o(.text) refers to entry.o(.ARM.Collect$$$$00000000) for __main
    stm32f429i_discovery.o(i.BSP_LED_Init) refers to stm32f4xx_hal_gpio.o(i.HAL_GPIO_Init) for HAL_GPIO_Init
    stm32f429i_discovery.o(i.BSP_LED_Init) refers to stm32f4xx_hal_gpio.o(i.HAL_GPIO_WritePin) for HAL_GPIO_WritePin
    stm32f429i_discovery.o(i.BSP_LED_Init) refers to stm32f429i_discovery.o(.constdata) for .constdata
    stm32f429i_discovery.o(i.BSP_LED_Init) refers to stm32f429i_discovery.o(.data) for .data
    stm32f429i_discovery.o(i.BSP_LED_Off) refers to stm32f4xx_hal_gpio.o(i.HAL_GPIO_WritePin) for HAL_GPIO_WritePin
    stm32f429i_discovery.o(i.BSP_LED_Off) refers to stm32f429i_discovery.o(.constdata) for .constdata
    stm32f429i_discovery.o(i.BSP_LED_Off) refers to stm32f429i_discovery.o(.data) for .data
    stm32f429i_discovery.o(i.BSP_LED_On) refers to stm32f4xx_hal_gpio.o(i.HAL_GPIO_WritePin) for HAL_GPIO_WritePin
    stm32f429i_discovery.o(i.BSP_LED_On) refers to stm32f429i_discovery.o(.constdata) for .constdata
    stm32f429i_discovery.o(i.BSP_LED_On) refers to stm32f429i_discovery.o(.data) for .data
    stm32f429i_discovery.o(i.BSP_LED_Toggle) refers to stm32f4xx_hal_gpio.o(i.HAL_GPIO_TogglePin) for HAL_GPIO_TogglePin
    stm32f429i_discovery.o(i.BSP_LED_Toggle) refers to stm32f429i_discovery.o(.constdata) for .constdata
    stm32f429i_discovery.o(i.BSP_LED_Toggle) refers to stm32f429i_discovery.o(.data) for .data
    stm32f429i_discovery.o(i.BSP_PB_GetState) refers to stm32f4xx_hal_gpio.o(i.HAL_GPIO_ReadPin) for HAL_GPIO_ReadPin
    stm32f429i_discovery.o(i.BSP_PB_GetState) refers to stm32f429i_discovery.o(.constdata) for .constdata
    stm32f429i_discovery.o(i.BSP_PB_GetState) refers to stm32f429i_discovery.o(.data) for .data
    stm32f429i_discovery.o(i.BSP_PB_Init) refers to stm32f4xx_hal_gpio.o(i.HAL_GPIO_Init) for HAL_GPIO_Init
    stm32f429i_discovery.o(i.BSP_PB_Init) refers to stm32f4xx_hal_cortex.o(i.HAL_NVIC_SetPriority) for HAL_NVIC_SetPriority
    stm32f429i_discovery.o(i.BSP_PB_Init) refers to stm32f4xx_hal_cortex.o(i.HAL_NVIC_EnableIRQ) for HAL_NVIC_EnableIRQ
    stm32f429i_discovery.o(i.BSP_PB_Init) refers to stm32f429i_discovery.o(.constdata) for .constdata
    stm32f429i_discovery.o(i.BSP_PB_Init) refers to stm32f429i_discovery.o(.data) for .data
    stm32f429i_discovery.o(i.GYRO_IO_Init) refers to stm32f4xx_hal_gpio.o(i.HAL_GPIO_Init) for HAL_GPIO_Init
    stm32f429i_discovery.o(i.GYRO_IO_Init) refers to stm32f4xx_hal_gpio.o(i.HAL_GPIO_WritePin) for HAL_GPIO_WritePin
    stm32f429i_discovery.o(i.GYRO_IO_Init) refers to stm32f429i_discovery.o(i.SPIx_Init) for SPIx_Init
    stm32f429i_discovery.o(i.GYRO_IO_Read) refers to stm32f4xx_hal_gpio.o(i.HAL_GPIO_WritePin) for HAL_GPIO_WritePin
    stm32f429i_discovery.o(i.GYRO_IO_Read) refers to stm32f429i_discovery.o(i.SPIx_WriteRead) for SPIx_WriteRead
    stm32f429i_discovery.o(i.GYRO_IO_Write) refers to stm32f4xx_hal_gpio.o(i.HAL_GPIO_WritePin) for HAL_GPIO_WritePin
    stm32f429i_discovery.o(i.GYRO_IO_Write) refers to stm32f429i_discovery.o(i.SPIx_WriteRead) for SPIx_WriteRead
    stm32f429i_discovery.o(i.I2Cx_Error) refers to stm32f4xx_hal_i2c.o(i.HAL_I2C_DeInit) for HAL_I2C_DeInit
    stm32f429i_discovery.o(i.I2Cx_Error) refers to stm32f429i_discovery.o(i.I2Cx_Init) for I2Cx_Init
    stm32f429i_discovery.o(i.I2Cx_Error) refers to stm32f429i_discovery.o(.bss) for .bss
    stm32f429i_discovery.o(i.I2Cx_Init) refers to stm32f4xx_hal_i2c.o(i.HAL_I2C_GetState) for HAL_I2C_GetState
    stm32f429i_discovery.o(i.I2Cx_Init) refers to stm32f429i_discovery.o(i.I2Cx_MspInit) for I2Cx_MspInit
[...]
    i.HAL_I2C_Mem_Read                       0x08001c5c   Section        0  stm32f4xx_hal_i2c.o(i.HAL_I2C_Mem_Read)
    i.HAL_I2C_Mem_Write                      0x08001e58   Section        0  stm32f4xx_hal_i2c.o(i.HAL_I2C_Mem_Write)
    i.HAL_I2C_MspDeInit                      0x08001f94   Section        0  i2c.o(i.HAL_I2C_MspDeInit)
    i.HAL_I2C_MspInit                        0x08001fd0   Section        0  i2c.o(i.HAL_I2C_MspInit)
    i.HAL_IncTick                            0x08002060   Section        0  stm32f4xx_hal.o(i.HAL_IncTick)
    i.HAL_Init                               0x08002070   Section        0  stm32f4xx_hal.o(i.HAL_Init)
    i.HAL_InitTick                           0x080020a4   Section        0  stm32f4xx_hal.o(i.HAL_InitTick)
    i.HAL_LTDC_ConfigLayer                   0x080020e4   Section        0  stm32f4xx_hal_ltdc.o(i.HAL_LTDC_ConfigLayer)
    i.HAL_LTDC_EnableDither                  0x08002138   Section        0  stm32f4xx_hal_ltdc.o(i.HAL_LTDC_EnableDither)
    i.HAL_LTDC_Init                          0x08002168   Section        0  stm32f4xx_hal_ltdc.o(i.HAL_LTDC_Init)
    i.HAL_LTDC_MspInit                       0x0800225c   Section        0  ltdc.o(i.HAL_LTDC_MspInit)
    i.HAL_MspInit                            0x080023d0   Section        0  stm32f4xx_hal_msp.o(i.HAL_MspInit)
    i.HAL_NVIC_EnableIRQ                     0x08002404   Section        0  stm32f4xx_hal_cortex.o(i.HAL_NVIC_EnableIRQ)
    i.HAL_NVIC_SetPriority                   0x0800241c   Section        0  stm32f4xx_hal_cortex.o(i.HAL_NVIC_SetPriority)
    i.HAL_NVIC_SetPriorityGrouping           0x0800245c   Section        0  stm32f4xx_hal_cortex.o(i.HAL_NVIC_SetPriorityGrouping)
    i.HAL_RCCEx_PeriphCLKConfig              0x08002480   Section        0  stm32f4xx_hal_rcc_ex.o(i.HAL_RCCEx_PeriphCLKConfig)
    i.HAL_RCC_ClockConfig                    0x080026b4   Section        0  stm32f4xx_hal_rcc.o(i.HAL_RCC_ClockConfig)
    i.HAL_RCC_GetPCLK1Freq                   0x080027e4   Section        0  stm32f4xx_hal_rcc.o(i.HAL_RCC_GetPCLK1Freq)
    i.HAL_RCC_GetSysClockFreq                0x08002804   Section        0  stm32f4xx_hal_rcc.o(i.HAL_RCC_GetSysClockFreq)
    i.HAL_RCC_OscConfig                      0x08002864   Section        0  stm32f4xx_hal_rcc.o(i.HAL_RCC_OscConfig)
    i.HAL_RTC_Init                           0x08002b80   Section        0  stm32f4xx_hal_rtc.o(i.HAL_RTC_Init)
    i.HAL_RTC_MspInit                        0x08002c2c   Section        0  rtc.o(i.HAL_RTC_MspInit)
    i.HAL_RTC_SetDate                        0x08002c44   Section        0  stm32f4xx_hal_rtc.o(i.HAL_RTC_SetDate)
    i.HAL_RTC_SetTime                        0x08002d0c   Section        0  stm32f4xx_hal_rtc.o(i.HAL_RTC_SetTime)
    i.HAL_RTC_WaitForSynchro                 0x08002dfc   Section        0  stm32f4xx_hal_rtc.o(i.HAL_RTC_WaitForSynchro)
    i.HAL_SDRAM_Init                         0x08002e32   Section        0  stm32f4xx_hal_sdram.o(i.HAL_SDRAM_Init)
    i.HAL_SDRAM_MspInit                      0x08002e74   Section        0  fmc.o(i.HAL_SDRAM_MspInit)
    i.HAL_SDRAM_ProgramRefreshRate           0x08002e78   Section        0  stm32f4xx_hal_sdram.o(i.HAL_SDRAM_ProgramRefreshRate)
    i.HAL_SDRAM_SendCommand                  0x08002e9c   Section        0  stm32f4xx_hal_sdram.o(i.HAL_SDRAM_SendCommand)
    i.HAL_SPI_DeInit                         0x08002ecc   Section        0  stm32f4xx_hal_spi.o(i.HAL_SPI_DeInit)
    i.HAL_SPI_GetState                       0x08002efa   Section        0  stm32f4xx_hal_spi.o(i.HAL_SPI_GetState)
    i.HAL_SPI_Init                           0x08002f00   Section        0  stm32f4xx_hal_spi.o(i.HAL_SPI_Init)
    i.HAL_SPI_MspDeInit                      0x08002f80   Section        0  spi.o(i.HAL_SPI_MspDeInit)
    i.HAL_SPI_MspInit                        0x08002fac   Section        0  spi.o(i.HAL_SPI_MspInit)
    i.HAL_SPI_Receive                        0x08003014   Section        0  stm32f4xx_hal_spi.o(i.HAL_SPI_Receive)
    i.HAL_SPI_Transmit                       0x08003164   Section        0  stm32f4xx_hal_spi.o(i.HAL_SPI_Transmit)
    i.HAL_SPI_TransmitReceive                0x080032cc   Section        0  stm32f4xx_hal_spi.o(i.HAL_SPI_TransmitReceive)
    i.HAL_SYSTICK_Config                     0x080034a4   Section        0  stm32f4xx_hal_cortex.o(i.HAL_SYSTICK_Config)
    i.HardFault_Handler                      0x080034cc   Section        0  stm32f4xx_it.o(i.HardFault_Handler)
    i.I2C_IsAcknowledgeFailed                0x080034ce   Section        0  stm32f4xx_hal_i2c.o(i.I2C_IsAcknowledgeFailed)
    I2C_IsAcknowledgeFailed                  0x080034cf   Thumb Code    40  stm32f4xx_hal_i2c.o(i.I2C_IsAcknowledgeFailed)
    i.I2C_RequestMemoryRead                  0x080034f6   Section        0  stm32f4xx_hal_i2c.o(i.I2C_RequestMemoryRead)
    I2C_RequestMemoryRead                    0x080034f7   Thumb Code   240  stm32f4xx_hal_i2c.o(i.I2C_RequestMemoryRead)
    i.I2C_RequestMemoryWrite                 0x080035e8   Section        0  stm32f4xx_hal_i2c.o(i.I2C_RequestMemoryWrite)
    I2C_RequestMemoryWrite                   0x080035e9   Thumb Code   156  stm32f4xx_hal_i2c.o(i.I2C_RequestMemoryWrite)
    i.I2C_WaitOnBTFFlagUntilTimeout          0x08003688   Section        0  stm32f4xx_hal_i2c.o(i.I2C_WaitOnBTFFlagUntilTimeout)
    I2C_WaitOnBTFFlagUntilTimeout            0x08003689   Thumb Code    78  stm32f4xx_hal_i2c.o(i.I2C_WaitOnBTFFlagUntilTimeout)
    i.I2C_WaitOnFlagUntilTimeout             0x080036d6   Section        0  stm32f4xx_hal_i2c.o(i.I2C_WaitOnFlagUntilTimeout)
    I2C_WaitOnFlagUntilTimeout               0x080036d7   Thumb Code    96  stm32f4xx_hal_i2c.o(i.I2C_WaitOnFlagUntilTimeout)
    i.I2C_WaitOnMasterAddressFlagUntilTimeout 0x08003738   Section        0  stm32f4xx_hal_i2c.o(i.I2C_WaitOnMasterAddressFlagUntilTimeout)
    I2C_WaitOnMasterAddressFlagUntilTimeout  0x08003739   Thumb Code   136  stm32f4xx_hal_i2c.o(i.I2C_WaitOnMasterAddressFlagUntilTimeout)
    i.I2C_WaitOnRXNEFlagUntilTimeout         0x080037c0   Section        0  stm32f4xx_hal_i2c.o(i.I2C_WaitOnRXNEFlagUntilTimeout)
    I2C_WaitOnRXNEFlagUntilTimeout           0x080037c1   Thumb Code    98  stm32f4xx_hal_i2c.o(i.I2C_WaitOnRXNEFlagUntilTimeout)
    i.I2C_WaitOnTXEFlagUntilTimeout          0x08003822   Section        0  stm32f4xx_hal_i2c.o(i.I2C_WaitOnTXEFlagUntilTimeout)
    I2C_WaitOnTXEFlagUntilTimeout            0x08003823   Thumb Code    78  stm32f4xx_hal_i2c.o(i.I2C_WaitOnTXEFlagUntilTimeout)
    i.I2Cx_Error                             0x08003870   Section        0  stm32f429i_discovery.o(i.I2Cx_Error)
    I2Cx_Error                               0x08003871   Thumb Code    16  stm32f429i_discovery.o(i.I2Cx_Error)
    i.I2Cx_Init                              0x08003884   Section        0  stm32f429i_discovery.o(i.I2Cx_Init)
    I2Cx_Init                                0x08003885   Thumb Code    58  stm32f429i_discovery.o(i.I2Cx_Init)
    i.I2Cx_MspInit                           0x080038cc   Section        0  stm32f429i_discovery.o(i.I2Cx_MspInit)
    I2Cx_MspInit                             0x080038cd   Thumb Code   166  stm32f429i_discovery.o(i.I2Cx_MspInit)
    i.IOE_Delay                              0x08003984   Section        0  stm32f429i_discovery.o(i.IOE_Delay)
    i.IOE_ITConfig                           0x08003988   Section        0  stm32f429i_discovery.o(i.IOE_ITConfig)
    i.IOE_Init                               0x080039d8   Section        0  stm32f429i_discovery.o(i.IOE_Init)
    i.IOE_Read                               0x080039dc   Section        0  stm32f429i_discovery.o(i.IOE_Read)
    i.IOE_ReadMultiple                       0x08003a10   Section        0  stm32f429i_discovery.o(i.IOE_ReadMultiple)
    i.IOE_Write                              0x08003a40   Section        0  stm32f429i_discovery.o(i.IOE_Write)
    i.LCD_Delay                              0x08003a70   Section        0  stm32f429i_discovery.o(i.LCD_Delay)
    i.LCD_IO_Init                            0x08003a74   Section        0  stm32f429i_discovery.o(i.LCD_IO_Init)
    i.LCD_IO_ReadData                        0x08003b1c   Section        0  stm32f429i_discovery.o(i.LCD_IO_ReadData)
    i.LCD_IO_WriteData                       0x08003b88   Section        0  stm32f429i_discovery.o(i.LCD_IO_WriteData)
    i.LCD_IO_WriteReg                        0x08003bc0   Section        0  stm32f429i_discovery.o(i.LCD_IO_WriteReg)
    i.LTDC_SetConfig                         0x08003bf8   Section        0  stm32f4xx_hal_ltdc.o(i.LTDC_SetConfig)
    LTDC_SetConfig                           0x08003bf9   Thumb Code   354  stm32f4xx_hal_ltdc.o(i.LTDC_SetConfig)
    i.MX_DMA2D_Init                          0x08003d5c   Section        0  dma2d.o(i.MX_DMA2D_Init)
    i.MX_FMC_Init                            0x08003da0   Section        0  fmc.o(i.MX_FMC_Init)
    i.MX_GPIO_Init                           0x08003df4   Section        0  gpio.o(i.MX_GPIO_Init)
    i.MX_I2C3_Init                           0x08003fb8   Section        0  i2c.o(i.MX_I2C3_Init)
    i.MX_LTDC_Init                           0x08004014   Section        0  ltdc.o(i.MX_LTDC_Init)
    i.MX_RTC_Init                            0x080040ec   Section        0  rtc.o(i.MX_RTC_Init)
    i.MX_SPI5_Init                           0x0800416c   Section        0  spi.o(i.MX_SPI5_Init)
    i.MemManage_Handler                      0x080041b0   Section        0  stm32f4xx_it.o(i.MemManage_Handler)
    i.NMI_Handler                            0x080041b2   Section        0  stm32f4xx_it.o(i.NMI_Handler)
    i.NVIC_SetPriority                       0x080041b4   Section        0  stm32f4xx_hal_cortex.o(i.NVIC_SetPriority)
    NVIC_SetPriority                         0x080041b5   Thumb Code    32  stm32f4xx_hal_cortex.o(i.NVIC_SetPriority)
    i.PendSV_Handler                         0x080041d4   Section        0  stm32f4xx_it.o(i.PendSV_Handler)
    i.RTC_Bcd2ToByte                         0x080041d6   Section        0  stm32f4xx_hal_rtc.o(i.RTC_Bcd2ToByte)
    i.RTC_ByteToBcd2                         0x080041e8   Section        0  stm32f4xx_hal_rtc.o(i.RTC_ByteToBcd2)
    i.RTC_EnterInitMode                      0x08004200   Section        0  stm32f4xx_hal_rtc.o(i.RTC_EnterInitMode)
    i.SPI_CheckFlag_BSY                      0x0800423a   Section        0  stm32f4xx_hal_spi.o(i.SPI_CheckFlag_BSY)
    SPI_CheckFlag_BSY                        0x0800423b   Thumb Code    32  stm32f4xx_hal_spi.o(i.SPI_CheckFlag_BSY)
    i.SPI_WaitFlagStateUntilTimeout          0x0800425a   Section        0  stm32f4xx_hal_spi.o(i.SPI_WaitFlagStateUntilTimeout)
    SPI_WaitFlagStateUntilTimeout            0x0800425b   Thumb Code   150  stm32f4xx_hal_spi.o(i.SPI_WaitFlagStateUntilTimeout)
    i.SPIx_Error                             0x080042f0   Section        0  stm32f429i_discovery.o(i.SPIx_Error)
    SPIx_Error                               0x080042f1   Thumb Code    16  stm32f429i_discovery.o(i.SPIx_Error)
    i.SPIx_Init                              0x08004304   Section        0  stm32f429i_discovery.o(i.SPIx_Init)
    SPIx_Init                                0x08004305   Thumb Code   138  stm32f429i_discovery.o(i.SPIx_Init)
    i.SPIx_Write                             0x080043a0   Section        0  stm32f429i_discovery.o(i.SPIx_Write)
    SPIx_Write                               0x080043a1   Thumb Code    26  stm32f429i_discovery.o(i.SPIx_Write)
    i.SVC_Handler                            0x080043c4   Section        0  stm32f4xx_it.o(i.SVC_Handler)
    i.SysTick_Handler                        0x080043c6   Section        0  stm32f4xx_it.o(i.SysTick_Handler)
    i.SystemClock_Config                     0x080043cc   Section        0  main.o(i.SystemClock_Config)
    i.SystemInit                             0x08004474   Section        0  system_stm32f4xx.o(i.SystemInit)
    i.UsageFault_Handler                     0x080044c8   Section        0  stm32f4xx_it.o(i.UsageFault_Handler)
    i.__0sprintf                             0x080044cc   Section        0  printfa.o(i.__0sprintf)
    i.__scatterload_copy                     0x080044f4   Section       14  handlers.o(i.__scatterload_copy)
    i.__scatterload_null                     0x08004502   Section        2  handlers.o(i.__scatterload_null)
    i.__scatterload_zeroinit                 0x08004504   Section       14  handlers.o(i.__scatterload_zeroinit)
    i._fp_digits                             0x08004514   Section        0  printfa.o(i._fp_digits)
    _fp_digits                               0x08004515   Thumb Code   366  printfa.o(i._fp_digits)
    i._printf_core                           0x08004698   Section        0  printfa.o(i._printf_core)
    _printf_core                             0x08004699   Thumb Code  1744  printfa.o(i._printf_core)
    i._printf_post_padding                   0x08004d74   Section        0  printfa.o(i._printf_post_padding)
    _printf_post_padding                     0x08004d75   Thumb Code    36  printfa.o(i._printf_post_padding)
    i._printf_pre_padding                    0x08004d98   Section        0  printfa.o(i._printf_pre_padding)
    _printf_pre_padding                      0x08004d99   Thumb Code    46  printfa.o(i._printf_pre_padding)
    i._sputc                                 0x08004dc6   Section        0  printfa.o(i._sputc)
    _sputc                                   0x08004dc7   Thumb Code    10  printfa.o(i._sputc)
    i.ack_i2c                                0x08004dd0   Section        0  main.o(i.ack_i2c)
    i.envia_0_i2c                            0x08004e30   Section        0  main.o(i.envia_0_i2c)
    i.envia_1_i2c                            0x08004e60   Section        0  main.o(i.envia_1_i2c)
    i.ili9341_DisplayOff                     0x08004e8c   Section        0  ili9341.o(i.ili9341_DisplayOff)
    i.ili9341_DisplayOn                      0x08004e92   Section        0  ili9341.o(i.ili9341_DisplayOn)
    i.ili9341_GetLcdPixelHeight              0x08004e98   Section        0  ili9341.o(i.ili9341_GetLcdPixelHeight)
    i.ili9341_GetLcdPixelWidth               0x08004e9e   Section        0  ili9341.o(i.ili9341_GetLcdPixelWidth)
    i.ili9341_Init                           0x08004ea2   Section        0  ili9341.o(i.ili9341_Init)
    i.ili9341_ReadID                         0x08005134   Section        0  ili9341.o(i.ili9341_ReadID)
    i.le_byte                                0x08005148   Section        0  main.o(i.le_byte)
    i.le_temperatura                         0x08005278   Section        0  main.o(i.le_temperatura)
    i.le_umidade                             0x08005334   Section        0  main.o(i.le_umidade)
    i.main                                   0x0800546c   Section        0  main.o(i.main)
    i.start_i2c                              0x08005570   Section        0  main.o(i.start_i2c)
    i.stmpe811_ClearGlobalIT                 0x080055d0   Section        0  stmpe811.o(i.stmpe811_ClearGlobalIT)
    i.stmpe811_DisableGlobalIT               0x080055da   Section        0  stmpe811.o(i.stmpe811_DisableGlobalIT)
    i.stmpe811_DisableITSource               0x080055f6   Section        0  stmpe811.o(i.stmpe811_DisableITSource)
    i.stmpe811_EnableGlobalIT                0x08005614   Section        0  stmpe811.o(i.stmpe811_EnableGlobalIT)
    i.stmpe811_EnableITSource                0x08005630   Section        0  stmpe811.o(i.stmpe811_EnableITSource)
    i.stmpe811_GetInstance                   0x08005650   Section        0  stmpe811.o(i.stmpe811_GetInstance)
    stmpe811_GetInstance                     0x08005651   Thumb Code    24  stmpe811.o(i.stmpe811_GetInstance)
    i.stmpe811_IO_EnableAF                   0x0800566c   Section        0  stmpe811.o(i.stmpe811_IO_EnableAF)
    i.stmpe811_Init                          0x0800568c   Section        0  stmpe811.o(i.stmpe811_Init)
    i.stmpe811_ReadID                        0x080056bc   Section        0  stmpe811.o(i.stmpe811_ReadID)
    i.stmpe811_Reset                         0x080056dc   Section        0  stmpe811.o(i.stmpe811_Reset)
    i.stmpe811_TS_ClearIT                    0x08005704   Section        0  stmpe811.o(i.stmpe811_TS_ClearIT)
    i.stmpe811_TS_DetectTouch                0x0800570a   Section        0  stmpe811.o(i.stmpe811_TS_DetectTouch)
    i.stmpe811_TS_DisableIT                  0x08005740   Section        0  stmpe811.o(i.stmpe811_TS_DisableIT)
    i.stmpe811_TS_EnableIT                   0x08005754   Section        0  stmpe811.o(i.stmpe811_TS_EnableIT)
    i.stmpe811_TS_GetXY                      0x0800576e   Section        0  stmpe811.o(i.stmpe811_TS_GetXY)
    i.stmpe811_TS_ITStatus                   0x080057ac   Section        0  stmpe811.o(i.stmpe811_TS_ITStatus)
    i.stmpe811_TS_Start                      0x080057bc   Section        0  stmpe811.o(i.stmpe811_TS_Start)
    .constdata                               0x0800585e   Section     6840  stm32f429i_discovery_lcd.o(.constdata)
    .constdata                               0x08007316   Section     1140  stm32f429i_discovery_lcd.o(.constdata)
    .constdata                               0x0800778a   Section        8  stm32f4xx_hal_dma.o(.constdata)
    flagBitshiftOffset                       0x0800778a   Data           8  stm32f4xx_hal_dma.o(.constdata)
    .constdata                               0x08007792   Section       16  system_stm32f4xx.o(.constdata)
    .constdata                               0x080077a2   Section        8  system_stm32f4xx.o(.constdata)
    .data                                    0x20000000   Section       24  stm32f429i_discovery.o(.data)
    Is_LCD_IO_Initialized                    0x20000000   Data           1  stm32f429i_discovery.o(.data)
    .data                                    0x20000018   Section       16  stm32f429i_discovery_lcd.o(.data)
    ActiveLayer                              0x20000018   Data           4  stm32f429i_discovery_lcd.o(.data)
    .data                                    0x20000028   Section        8  stm32f429i_discovery_lcd.o(.data)
    .data                                    0x20000030   Section        1  stm32f429i_discovery_sdram.o(.data)
    sdramstatus                              0x20000030   Data           1  stm32f429i_discovery_sdram.o(.data)
    .data                                    0x20000034   Section       16  stm32f429i_discovery_ts.o(.data)
    TsXBoundary                              0x20000034   Data           2  stm32f429i_discovery_ts.o(.data)
    TsYBoundary                              0x20000036   Data           2  stm32f429i_discovery_ts.o(.data)
    _x                                       0x20000038   Data           4  stm32f429i_discovery_ts.o(.data)
    _y                                       0x2000003c   Data           4  stm32f429i_discovery_ts.o(.data)
    TsDrv                                    0x20000040   Data           4  stm32f429i_discovery_ts.o(.data)
    .data                                    0x20000044   Section       56  ili9341.o(.data)
    .data                                    0x2000007c   Section       40  stmpe811.o(.data)
    .data                                    0x200000a4   Section        2  stmpe811.o(.data)
    .data                                    0x200000a8   Section        8  fmc.o(.data)
    FMC_Initialized                          0x200000a8   Data           4  fmc.o(.data)
    FMC_DeInitialized                        0x200000ac   Data           4  fmc.o(.data)
    .data                                    0x200000b0   Section       12  stm32f4xx_hal.o(.data)
    .data                                    0x200000bc   Section        4  system_stm32f4xx.o(.data)
    .bss                                     0x200000c0   Section      172  stm32f429i_discovery.o(.bss)
    SpiHandle                                0x20000114   Data          88  stm32f429i_discovery.o(.bss)
    .bss                                     0x2000016c   Section      304  stm32f429i_discovery_lcd.o(.bss)
    Dma2dHandler                             0x20000214   Data          64  stm32f429i_discovery_lcd.o(.bss)
    PeriphClkInitStruct                      0x20000254   Data          48  stm32f429i_discovery_lcd.o(.bss)
    DrawProp                                 0x20000284   Data          24  stm32f429i_discovery_lcd.o(.bss)
    .bss                                     0x2000029c   Section      288  stm32f429i_discovery_sdram.o(.bss)
    dmaHandle                                0x2000029c   Data          96  stm32f429i_discovery_sdram.o(.bss)
    dma_handle                               0x200002fc   Data          96  stm32f429i_discovery_sdram.o(.bss)
    SdramHandle                              0x2000035c   Data          52  stm32f429i_discovery_sdram.o(.bss)
    Timing                                   0x20000390   Data          28  stm32f429i_discovery_sdram.o(.bss)
    Command                                  0x200003ac   Data          16  stm32f429i_discovery_sdram.o(.bss)
    .bss                                     0x200003bc   Section       64  dma2d.o(.bss)
    .bss                                     0x200003fc   Section       52  fmc.o(.bss)
    .bss                                     0x20000430   Section       84  i2c.o(.bss)
    .bss                                     0x20000484   Section      168  ltdc.o(.bss)
    .bss                                     0x2000052c   Section       32  rtc.o(.bss)
    .bss                                     0x2000054c   Section       88  spi.o(.bss)
    STACK                                    0x200005a8   Section     1024  startup_stm32f429xx.o(STACK)

    Global Symbols

    Symbol Name                              Value     Ov Type        Size  Object(Section)

    BuildAttributes$$THM_ISAv4$E$P$D$K$B$S$7EM$VFPi3$EXTD16$VFPS$VFMA$PE$A:L22UL41UL21$X:L11$S22US41US21$IEEE1$IW$USESV6$~STKCKD$USESV7$~SHL$OTIME$ROPI$EBA8$MICROLIB$REQ8$PRES8$EABIv2 0x00000000   Number         0  anon$$obj.o ABSOLUTE
    __ARM_use_no_argv                        0x00000000   Number         0  main.o ABSOLUTE
    _printf_a                                0x00000000   Number         0  stubs.o ABSOLUTE
    _printf_c                                0x00000000   Number         0  stubs.o ABSOLUTE
    _printf_charcount                        0x00000000   Number         0  stubs.o ABSOLUTE
    _printf_d                                0x00000000   Number         0  stubs.o ABSOLUTE
    _printf_e                                0x00000000   Number         0  stubs.o ABSOLUTE
    _printf_f                                0x00000000   Number         0  stubs.o ABSOLUTE
    _printf_flags                            0x00000000   Number         0  stubs.o ABSOLUTE
    _printf_fp_dec                           0x00000000   Number         0  stubs.o ABSOLUTE
    _printf_fp_hex                           0x00000000   Number         0  stubs.o ABSOLUTE
    _printf_g                                0x00000000   Number         0  stubs.o ABSOLUTE
    _printf_i                                0x00000000   Number         0  stubs.o ABSOLUTE
    _printf_int_dec                          0x00000000   Number         0  stubs.o ABSOLUTE
    _printf_l                                0x00000000   Number         0  stubs.o ABSOLUTE
    _printf_lc                               0x00000000   Number         0  stubs.o ABSOLUTE
    _printf_ll                               0x00000000   Number         0  stubs.o ABSOLUTE
    _printf_lld                              0x00000000   Number         0  stubs.o ABSOLUTE
    _printf_lli                              0x00000000   Number         0  stubs.o ABSOLUTE
    _printf_llo                              0x00000000   Number         0  stubs.o ABSOLUTE
    _printf_llu                              0x00000000   Number         0  stubs.o ABSOLUTE
    _printf_llx                              0x00000000   Number         0  stubs.o ABSOLUTE
    _printf_longlong_dec                     0x00000000   Number         0  stubs.o ABSOLUTE
    _printf_longlong_hex                     0x00000000   Number         0  stubs.o ABSOLUTE
    _printf_longlong_oct                     0x00000000   Number         0  stubs.o ABSOLUTE
    _printf_ls                               0x00000000   Number         0  stubs.o ABSOLUTE
    _printf_mbtowc                           0x00000000   Number         0  stubs.o ABSOLUTE
    _printf_n                                0x00000000   Number         0  stubs.o ABSOLUTE
    _printf_o                                0x00000000   Number         0  stubs.o ABSOLUTE
    _printf_p                                0x00000000   Number         0  stubs.o ABSOLUTE
    _printf_percent                          0x00000000   Number         0  stubs.o ABSOLUTE
    _printf_pre_padding                      0x00000000   Number         0  stubs.o ABSOLUTE
    _printf_return_value                     0x00000000   Number         0  stubs.o ABSOLUTE
    _printf_s                                0x00000000   Number         0  stubs.o ABSOLUTE
    _printf_sizespec                         0x00000000   Number         0  stubs.o ABSOLUTE
    _printf_str                              0x00000000   Number         0  stubs.o ABSOLUTE
    _printf_truncate_signed                  0x00000000   Number         0  stubs.o ABSOLUTE
    _printf_truncate_unsigned                0x00000000   Number         0  stubs.o ABSOLUTE
    _printf_u                                0x00000000   Number         0  stubs.o ABSOLUTE
    _printf_wc                               0x00000000   Number         0  stubs.o ABSOLUTE
    _printf_wctomb                           0x00000000   Number         0  stubs.o ABSOLUTE
    _printf_widthprec                        0x00000000   Number         0  stubs.o ABSOLUTE
    _printf_x                                0x00000000   Number         0  stubs.o ABSOLUTE
    __cpp_initialize__aeabi_                  - Undefined Weak Reference
    __cxa_finalize                            - Undefined Weak Reference
    __decompress                              - Undefined Weak Reference
    _clock_init                               - Undefined Weak Reference
    _microlib_exit                            - Undefined Weak Reference
    __Vectors_Size                           0x000001ac   Number         0  startup_stm32f429xx.o ABSOLUTE
    __Vectors                                0x08000000   Data           4  startup_stm32f429xx.o(RESET)
    __Vectors_End                            0x080001ac   Data           0  startup_stm32f429xx.o(RESET)
    __main                                   0x080001ad   Thumb Code     0  entry.o(.ARM.Collect$$$$00000000)
    _main_stk                                0x080001ad   Thumb Code     0  entry2.o(.ARM.Collect$$$$00000001)
    _main_scatterload                        0x080001b1   Thumb Code     0  entry5.o(.ARM.Collect$$$$00000004)
    __main_after_scatterload                 0x080001b5   Thumb Code     0  entry5.o(.ARM.Collect$$$$00000004)
    _main_clock                              0x080001b5   Thumb Code     0  entry7b.o(.ARM.Collect$$$$00000008)
    _main_cpp_init                           0x080001b5   Thumb Code     0  entry8b.o(.ARM.Collect$$$$0000000A)
    _main_init                               0x080001b5   Thumb Code     0  entry9a.o(.ARM.Collect$$$$0000000B)
    __rt_final_cpp                           0x080001bd   Thumb Code     0  entry10a.o(.ARM.Collect$$$$0000000D)
    __rt_final_exit                          0x080001bd   Thumb Code     0  entry11a.o(.ARM.Collect$$$$0000000F)
    Reset_Handler                            0x080001c1   Thumb Code     8  startup_stm32f429xx.o(.text)
    ADC_IRQHandler                           0x080001db   Thumb Code     0  startup_stm32f429xx.o(.text)
    CAN1_RX0_IRQHandler                      0x080001db   Thumb Code     0  startup_stm32f429xx.o(.text)
    CAN1_RX1_IRQHandler                      0x080001db   Thumb Code     0  startup_stm32f429xx.o(.text)
    CAN1_SCE_IRQHandler                      0x080001db   Thumb Code     0  startup_stm32f429xx.o(.text)
    CAN1_TX_IRQHandler                       0x080001db   Thumb Code     0  startup_stm32f429xx.o(.text)
    CAN2_RX0_IRQHandler                      0x080001db   Thumb Code     0  startup_stm32f429xx.o(.text)
    CAN2_RX1_IRQHandler                      0x080001db   Thumb Code     0  startup_stm32f429xx.o(.text)
    CAN2_SCE_IRQHandler                      0x080001db   Thumb Code     0  startup_stm32f429xx.o(.text)
    CAN2_TX_IRQHandler                       0x080001db   Thumb Code     0  startup_stm32f429xx.o(.text)
    DCMI_IRQHandler                          0x080001db   Thumb Code     0  startup_stm32f429xx.o(.text)
    DMA1_Stream0_IRQHandler                  0x080001db   Thumb Code     0  startup_stm32f429xx.o(.text)
    DMA1_Stream1_IRQHandler                  0x080001db   Thumb Code     0  startup_stm32f429xx.o(.text)
    DMA1_Stream2_IRQHandler                  0x080001db   Thumb Code     0  startup_stm32f429xx.o(.text)
    DMA1_Stream3_IRQHandler                  0x080001db   Thumb Code     0  startup_stm32f429xx.o(.text)
    DMA1_Stream4_IRQHandler                  0x080001db   Thumb Code     0  startup_stm32f429xx.o(.text)
    DMA1_Stream5_IRQHandler                  0x080001db   Thumb Code     0  startup_stm32f429xx.o(.text)
    DMA1_Stream6_IRQHandler                  0x080001db   Thumb Code     0  startup_stm32f429xx.o(.text)
    DMA1_Stream7_IRQHandler                  0x080001db   Thumb Code     0  startup_stm32f429xx.o(.text)
    DMA2D_IRQHandler                         0x080001db   Thumb Code     0  startup_stm32f429xx.o(.text)
    DMA2_Stream0_IRQHandler                  0x080001db   Thumb Code     0  startup_stm32f429xx.o(.text)
    DMA2_Stream1_IRQHandler                  0x080001db   Thumb Code     0  startup_stm32f429xx.o(.text)
    DMA2_Stream2_IRQHandler                  0x080001db   Thumb Code     0  startup_stm32f429xx.o(.text)
    DMA2_Stream3_IRQHandler                  0x080001db   Thumb Code     0  startup_stm32f429xx.o(.text)
    DMA2_Stream4_IRQHandler                  0x080001db   Thumb Code     0  startup_stm32f429xx.o(.text)
    DMA2_Stream5_IRQHandler                  0x080001db   Thumb Code     0  startup_stm32f429xx.o(.text)
    DMA2_Stream6_IRQHandler                  0x080001db   Thumb Code     0  startup_stm32f429xx.o(.text)
    DMA2_Stream7_IRQHandler                  0x080001db   Thumb Code     0  startup_stm32f429xx.o(.text)
    ETH_IRQHandler                           0x080001db   Thumb Code     0  startup_stm32f429xx.o(.text)
    ETH_WKUP_IRQHandler                      0x080001db   Thumb Code     0  startup_stm32f429xx.o(.text)
    EXTI0_IRQHandler                         0x080001db   Thumb Code     0  startup_stm32f429xx.o(.text)
    EXTI15_10_IRQHandler                     0x080001db   Thumb Code     0  startup_stm32f429xx.o(.text)
    EXTI1_IRQHandler                         0x080001db   Thumb Code     0  startup_stm32f429xx.o(.text)
    EXTI2_IRQHandler                         0x080001db   Thumb Code     0  startup_stm32f429xx.o(.text)
    EXTI3_IRQHandler                         0x080001db   Thumb Code     0  startup_stm32f429xx.o(.text)
    EXTI4_IRQHandler                         0x080001db   Thumb Code     0  startup_stm32f429xx.o(.text)
    EXTI9_5_IRQHandler                       0x080001db   Thumb Code     0  startup_stm32f429xx.o(.text)
    FLASH_IRQHandler                         0x080001db   Thumb Code     0  startup_stm32f429xx.o(.text)
    FMC_IRQHandler                           0x080001db   Thumb Code     0  startup_stm32f429xx.o(.text)
    FPU_IRQHandler                           0x080001db   Thumb Code     0  startup_stm32f429xx.o(.text)
    HASH_RNG_IRQHandler                      0x080001db   Thumb Code     0  startup_stm32f429xx.o(.text)
    I2C1_ER_IRQHandler                       0x080001db   Thumb Code     0  startup_stm32f429xx.o(.text)
    I2C1_EV_IRQHandler                       0x080001db   Thumb Code     0  startup_stm32f429xx.o(.text)
    I2C2_ER_IRQHandler                       0x080001db   Thumb Code     0  startup_stm32f429xx.o(.text)
    I2C2_EV_IRQHandler                       0x080001db   Thumb Code     0  startup_stm32f429xx.o(.text)
    I2C3_ER_IRQHandler                       0x080001db   Thumb Code     0  startup_stm32f429xx.o(.text)
    I2C3_EV_IRQHandler                       0x080001db   Thumb Code     0  startup_stm32f429xx.o(.text)
    LTDC_ER_IRQHandler                       0x080001db   Thumb Code     0  startup_stm32f429xx.o(.text)
    LTDC_IRQHandler                          0x080001db   Thumb Code     0  startup_stm32f429xx.o(.text)
    OTG_FS_IRQHandler                        0x080001db   Thumb Code     0  startup_stm32f429xx.o(.text)
    OTG_FS_WKUP_IRQHandler                   0x080001db   Thumb Code     0  startup_stm32f429xx.o(.text)
    OTG_HS_EP1_IN_IRQHandler                 0x080001db   Thumb Code     0  startup_stm32f429xx.o(.text)
    OTG_HS_EP1_OUT_IRQHandler                0x080001db   Thumb Code     0  startup_stm32f429xx.o(.text)
    OTG_HS_IRQHandler                        0x080001db   Thumb Code     0  startup_stm32f429xx.o(.text)
    OTG_HS_WKUP_IRQHandler                   0x080001db   Thumb Code     0  startup_stm32f429xx.o(.text)
    PVD_IRQHandler                           0x080001db   Thumb Code     0  startup_stm32f429xx.o(.text)
    RCC_IRQHandler                           0x080001db   Thumb Code     0  startup_stm32f429xx.o(.text)
    RTC_Alarm_IRQHandler                     0x080001db   Thumb Code     0  startup_stm32f429xx.o(.text)
    RTC_WKUP_IRQHandler                      0x080001db   Thumb Code     0  startup_stm32f429xx.o(.text)
    SAI1_IRQHandler                          0x080001db   Thumb Code     0  startup_stm32f429xx.o(.text)
    SDIO_IRQHandler                          0x080001db   Thumb Code     0  startup_stm32f429xx.o(.text)
    SPI1_IRQHandler                          0x080001db   Thumb Code     0  startup_stm32f429xx.o(.text)
    SPI2_IRQHandler                          0x080001db   Thumb Code     0  startup_stm32f429xx.o(.text)
    SPI3_IRQHandler                          0x080001db   Thumb Code     0  startup_stm32f429xx.o(.text)
    SPI4_IRQHandler                          0x080001db   Thumb Code     0  startup_stm32f429xx.o(.text)
    SPI5_IRQHandler                          0x080001db   Thumb Code     0  startup_stm32f429xx.o(.text)
    SPI6_IRQHandler                          0x080001db   Thumb Code     0  startup_stm32f429xx.o(.text)
    TAMP_STAMP_IRQHandler                    0x080001db   Thumb Code     0  startup_stm32f429xx.o(.text)
    TIM1_BRK_TIM9_IRQHandler                 0x080001db   Thumb Code     0  startup_stm32f429xx.o(.text)
    TIM1_CC_IRQHandler                       0x080001db   Thumb Code     0  startup_stm32f429xx.o(.text)
    TIM1_TRG_COM_TIM11_IRQHandler            0x080001db   Thumb Code     0  startup_stm32f429xx.o(.text)
    TIM1_UP_TIM10_IRQHandler                 0x080001db   Thumb Code     0  startup_stm32f429xx.o(.text)
    TIM2_IRQHandler                          0x080001db   Thumb Code     0  startup_stm32f429xx.o(.text)
    TIM3_IRQHandler                          0x080001db   Thumb Code     0  startup_stm32f429xx.o(.text)
    TIM4_IRQHandler                          0x080001db   Thumb Code     0  startup_stm32f429xx.o(.text)
    TIM5_IRQHandler                          0x080001db   Thumb Code     0  startup_stm32f429xx.o(.text)
    TIM6_DAC_IRQHandler                      0x080001db   Thumb Code     0  startup_stm32f429xx.o(.text)
    TIM7_IRQHandler                          0x080001db   Thumb Code     0  startup_stm32f429xx.o(.text)
    TIM8_BRK_TIM12_IRQHandler                0x080001db   Thumb Code     0  startup_stm32f429xx.o(.text)
    TIM8_CC_IRQHandler                       0x080001db   Thumb Code     0  startup_stm32f429xx.o(.text)
    TIM8_TRG_COM_TIM14_IRQHandler            0x080001db   Thumb Code     0  startup_stm32f429xx.o(.text)
    TIM8_UP_TIM13_IRQHandler                 0x080001db   Thumb Code     0  startup_stm32f429xx.o(.text)
    UART4_IRQHandler                         0x080001db   Thumb Code     0  startup_stm32f429xx.o(.text)
    UART5_IRQHandler                         0x080001db   Thumb Code     0  startup_stm32f429xx.o(.text)
    UART7_IRQHandler                         0x080001db   Thumb Code     0  startup_stm32f429xx.o(.text)
    UART8_IRQHandler                         0x080001db   Thumb Code     0  startup_stm32f429xx.o(.text)
    USART1_IRQHandler                        0x080001db   Thumb Code     0  startup_stm32f429xx.o(.text)
    USART2_IRQHandler                        0x080001db   Thumb Code     0  startup_stm32f429xx.o(.text)
    USART3_IRQHandler                        0x080001db   Thumb Code     0  startup_stm32f429xx.o(.text)
    USART6_IRQHandler                        0x080001db   Thumb Code     0  startup_stm32f429xx.o(.text)
    WWDG_IRQHandler                          0x080001db   Thumb Code     0  startup_stm32f429xx.o(.text)
    __aeabi_uldivmod                         0x080001e5   Thumb Code    98  uldiv.o(.text)
    __aeabi_memcpy                           0x08000247   Thumb Code    36  memcpya.o(.text)
    __aeabi_memcpy4                          0x08000247   Thumb Code     0  memcpya.o(.text)
    __aeabi_memcpy8                          0x08000247   Thumb Code     0  memcpya.o(.text)
    __aeabi_memset                           0x0800026b   Thumb Code    14  memseta.o(.text)
    __aeabi_memset4                          0x0800026b   Thumb Code     0  memseta.o(.text)
    __aeabi_memset8                          0x0800026b   Thumb Code     0  memseta.o(.text)
    __aeabi_memclr                           0x08000279   Thumb Code     4  memseta.o(.text)
    __aeabi_memclr4                          0x08000279   Thumb Code     0  memseta.o(.text)
    __aeabi_memclr8                          0x08000279   Thumb Code     0  memseta.o(.text)
    _memset$wrapper                          0x0800027d   Thumb Code    18  memseta.o(.text)
    __aeabi_dadd                             0x0800028f   Thumb Code   322  dadd.o(.text)
    __aeabi_dsub                             0x080003d1   Thumb Code     6  dadd.o(.text)
    __aeabi_drsub                            0x080003d7   Thumb Code     6  dadd.o(.text)
    __aeabi_dmul                             0x080003dd   Thumb Code   228  dmul.o(.text)
    __aeabi_i2d                              0x080004c1   Thumb Code    34  dflti.o(.text)
    __aeabi_ui2d                             0x080004e3   Thumb Code    26  dfltui.o(.text)
    __aeabi_f2d                              0x080004fd   Thumb Code    38  f2d.o(.text)
    __aeabi_d2f                              0x08000523   Thumb Code    56  d2f.o(.text)
    __aeabi_uidiv                            0x0800055b   Thumb Code     0  uidiv.o(.text)
    __aeabi_uidivmod                         0x0800055b   Thumb Code    44  uidiv.o(.text)
    __aeabi_llsl                             0x08000587   Thumb Code    30  llshl.o(.text)
    _ll_shift_l                              0x08000587   Thumb Code     0  llshl.o(.text)
    __aeabi_llsr                             0x080005a5   Thumb Code    32  llushr.o(.text)
    _ll_ushift_r                             0x080005a5   Thumb Code     0  llushr.o(.text)
    __aeabi_lasr                             0x080005c5   Thumb Code    36  llsshr.o(.text)
    _ll_sshift_r                             0x080005c5   Thumb Code     0  llsshr.o(.text)
    __I$use$fp                               0x080005e9   Thumb Code     0  iusefp.o(.text)
    _float_round                             0x080005e9   Thumb Code    18  fepilogue.o(.text)
    _float_epilogue                          0x080005fb   Thumb Code    92  fepilogue.o(.text)
    _double_round                            0x08000657   Thumb Code    30  depilogue.o(.text)
    _double_epilogue                         0x08000675   Thumb Code   156  depilogue.o(.text)
    __aeabi_ddiv                             0x08000711   Thumb Code   222  ddiv.o(.text)
    __aeabi_d2ulz                            0x080007ef   Thumb Code    48  dfixul.o(.text)
    __aeabi_cdrcmple                         0x08000821   Thumb Code    48  cdrcmple.o(.text)
    __scatterload                            0x08000851   Thumb Code    28  init.o(.text)
    __scatterload_rt2                        0x08000851   Thumb Code     0  init.o(.text)
    BSP_LCD_Clear                            0x08000875   Thumb Code    50  stm32f429i_discovery_lcd.o(i.BSP_LCD_Clear)
    BSP_LCD_DisplayChar                      0x080008b1   Thumb Code    44  stm32f429i_discovery_lcd.o(i.BSP_LCD_DisplayChar)
    BSP_LCD_DisplayOn                        0x080008e5   Thumb Code    14  stm32f429i_discovery_lcd.o(i.BSP_LCD_DisplayOn)
    BSP_LCD_DisplayStringAt                  0x080008f9   Thumb Code   188  stm32f429i_discovery_lcd.o(i.BSP_LCD_DisplayStringAt)
    BSP_LCD_DisplayStringAtLine              0x080009bd   Thumb Code    28  stm32f429i_discovery_lcd.o(i.BSP_LCD_DisplayStringAtLine)
    BSP_LCD_DrawPixel                        0x080009d9   Thumb Code    42  stm32f429i_discovery_lcd.o(i.BSP_LCD_DrawPixel)
    BSP_LCD_GetFont                          0x08000a0d   Thumb Code    18  stm32f429i_discovery_lcd.o(i.BSP_LCD_GetFont)
    BSP_LCD_GetXSize                         0x08000a29   Thumb Code     8  stm32f429i_discovery_lcd.o(i.BSP_LCD_GetXSize)
    BSP_LCD_GetYSize                         0x08000a35   Thumb Code     8  stm32f429i_discovery_lcd.o(i.BSP_LCD_GetYSize)
    BSP_LCD_Init                             0x08000a41   Thumb Code   130  stm32f429i_discovery_lcd.o(i.BSP_LCD_Init)
    BSP_LCD_LayerDefaultInit                 0x08000ad5   Thumb Code   116  stm32f429i_discovery_lcd.o(i.BSP_LCD_LayerDefaultInit)
    BSP_LCD_MspInit                          0x08000b55   Thumb Code   270  stm32f429i_discovery_lcd.o(i.BSP_LCD_MspInit)
    BSP_LCD_SelectLayer                      0x08000c81   Thumb Code     6  stm32f429i_discovery_lcd.o(i.BSP_LCD_SelectLayer)
    BSP_LCD_SetFont                          0x08000c8d   Thumb Code    18  stm32f429i_discovery_lcd.o(i.BSP_LCD_SetFont)
    BSP_LCD_SetTextColor                     0x08000ca9   Thumb Code    16  stm32f429i_discovery_lcd.o(i.BSP_LCD_SetTextColor)
    BSP_SDRAM_Init                           0x08000cc1   Thumb Code   106  stm32f429i_discovery_sdram.o(i.BSP_SDRAM_Init)
    BSP_SDRAM_Initialization_sequence        0x08000d39   Thumb Code   132  stm32f429i_discovery_sdram.o(i.BSP_SDRAM_Initialization_sequence)
    BSP_SDRAM_MspInit                        0x08000dc1   Thumb Code   320  stm32f429i_discovery_sdram.o(i.BSP_SDRAM_MspInit)
    BSP_TS_Init                              0x08000f25   Thumb Code    48  stm32f429i_discovery_ts.o(i.BSP_TS_Init)
    BusFault_Handler                         0x08000f5d   Thumb Code     2  stm32f4xx_it.o(i.BusFault_Handler)
    DebugMon_Handler                         0x08001071   Thumb Code     2  stm32f4xx_it.o(i.DebugMon_Handler)
    Error_Handler                            0x08001129   Thumb Code     2  main.o(i.Error_Handler)
    FMC_SDRAM_Init                           0x0800112b   Thumb Code    80  stm32f4xx_ll_fmc.o(i.FMC_SDRAM_Init)
    FMC_SDRAM_ProgramRefreshRate             0x0800117b   Thumb Code    12  stm32f4xx_ll_fmc.o(i.FMC_SDRAM_ProgramRefreshRate)
    FMC_SDRAM_SendCommand                    0x08001187   Thumb Code    72  stm32f4xx_ll_fmc.o(i.FMC_SDRAM_SendCommand)
    FMC_SDRAM_Timing_Init                    0x080011d1   Thumb Code   124  stm32f4xx_ll_fmc.o(i.FMC_SDRAM_Timing_Init)
    HAL_DMA2D_ConfigLayer                    0x080012b1   Thumb Code   162  stm32f4xx_hal_dma2d.o(i.HAL_DMA2D_ConfigLayer)
    HAL_DMA2D_Init                           0x08001359   Thumb Code    90  stm32f4xx_hal_dma2d.o(i.HAL_DMA2D_Init)
    HAL_DMA2D_MspInit                        0x080013b5   Thumb Code    30  dma2d.o(i.HAL_DMA2D_MspInit)
    HAL_DMA2D_PollForTransfer                0x080013dd   Thumb Code   268  stm32f4xx_hal_dma2d.o(i.HAL_DMA2D_PollForTransfer)
    HAL_DMA2D_Start                          0x080014e9   Thumb Code    52  stm32f4xx_hal_dma2d.o(i.HAL_DMA2D_Start)
    HAL_DMA_DeInit                           0x0800151d   Thumb Code    86  stm32f4xx_hal_dma.o(i.HAL_DMA_DeInit)
    HAL_DMA_Init                             0x08001575   Thumb Code   206  stm32f4xx_hal_dma.o(i.HAL_DMA_Init)
    HAL_Delay                                0x08001649   Thumb Code    32  stm32f4xx_hal.o(i.HAL_Delay)
    HAL_GPIO_DeInit                          0x08001741   Thumb Code   320  stm32f4xx_hal_gpio.o(i.HAL_GPIO_DeInit)
    HAL_GPIO_Init                            0x080018b1   Thumb Code   408  stm32f4xx_hal_gpio.o(i.HAL_GPIO_Init)
    HAL_GPIO_ReadPin                         0x08001a7d   Thumb Code    10  stm32f4xx_hal_gpio.o(i.HAL_GPIO_ReadPin)
    HAL_GPIO_WritePin                        0x08001a87   Thumb Code    10  stm32f4xx_hal_gpio.o(i.HAL_GPIO_WritePin)
    HAL_GetTick                              0x08001a91   Thumb Code     6  stm32f4xx_hal.o(i.HAL_GetTick)
    HAL_I2CEx_ConfigAnalogFilter             0x08001a9d   Thumb Code    66  stm32f4xx_hal_i2c_ex.o(i.HAL_I2CEx_ConfigAnalogFilter)
    HAL_I2CEx_ConfigDigitalFilter            0x08001adf   Thumb Code    62  stm32f4xx_hal_i2c_ex.o(i.HAL_I2CEx_ConfigDigitalFilter)
    HAL_I2C_DeInit                           0x08001b1d   Thumb Code    50  stm32f4xx_hal_i2c.o(i.HAL_I2C_DeInit)
    HAL_I2C_GetState                         0x08001b4f   Thumb Code     6  stm32f4xx_hal_i2c.o(i.HAL_I2C_GetState)
    HAL_I2C_Init                             0x08001b55   Thumb Code   254  stm32f4xx_hal_i2c.o(i.HAL_I2C_Init)
    HAL_I2C_Mem_Read                         0x08001c5d   Thumb Code   496  stm32f4xx_hal_i2c.o(i.HAL_I2C_Mem_Read)
    HAL_I2C_Mem_Write                        0x08001e59   Thumb Code   306  stm32f4xx_hal_i2c.o(i.HAL_I2C_Mem_Write)
    HAL_I2C_MspDeInit                        0x08001f95   Thumb Code    44  i2c.o(i.HAL_I2C_MspDeInit)
    HAL_I2C_MspInit                          0x08001fd1   Thumb Code   126  i2c.o(i.HAL_I2C_MspInit)
    HAL_IncTick                              0x08002061   Thumb Code    12  stm32f4xx_hal.o(i.HAL_IncTick)
    HAL_Init                                 0x08002071   Thumb Code    48  stm32f4xx_hal.o(i.HAL_Init)
    HAL_InitTick                             0x080020a5   Thumb Code    54  stm32f4xx_hal.o(i.HAL_InitTick)
    HAL_LTDC_ConfigLayer                     0x080020e5   Thumb Code    82  stm32f4xx_hal_ltdc.o(i.HAL_LTDC_ConfigLayer)
    HAL_LTDC_EnableDither                    0x08002139   Thumb Code    42  stm32f4xx_hal_ltdc.o(i.HAL_LTDC_EnableDither)
    HAL_LTDC_Init                            0x08002169   Thumb Code   238  stm32f4xx_hal_ltdc.o(i.HAL_LTDC_Init)
    HAL_LTDC_MspInit                         0x0800225d   Thumb Code   340  ltdc.o(i.HAL_LTDC_MspInit)
    HAL_MspInit                              0x080023d1   Thumb Code    48  stm32f4xx_hal_msp.o(i.HAL_MspInit)
    HAL_NVIC_EnableIRQ                       0x08002405   Thumb Code    22  stm32f4xx_hal_cortex.o(i.HAL_NVIC_EnableIRQ)
    HAL_NVIC_SetPriority                     0x0800241d   Thumb Code    60  stm32f4xx_hal_cortex.o(i.HAL_NVIC_SetPriority)
    HAL_NVIC_SetPriorityGrouping             0x0800245d   Thumb Code    26  stm32f4xx_hal_cortex.o(i.HAL_NVIC_SetPriorityGrouping)
    HAL_RCCEx_PeriphCLKConfig                0x08002481   Thumb Code   528  stm32f4xx_hal_rcc_ex.o(i.HAL_RCCEx_PeriphCLKConfig)
    HAL_RCC_ClockConfig                      0x080026b5   Thumb Code   286  stm32f4xx_hal_rcc.o(i.HAL_RCC_ClockConfig)
    HAL_RCC_GetPCLK1Freq                     0x080027e5   Thumb Code    20  stm32f4xx_hal_rcc.o(i.HAL_RCC_GetPCLK1Freq)
    HAL_RCC_GetSysClockFreq                  0x08002805   Thumb Code    88  stm32f4xx_hal_rcc.o(i.HAL_RCC_GetSysClockFreq)
    HAL_RCC_OscConfig                        0x08002865   Thumb Code   770  stm32f4xx_hal_rcc.o(i.HAL_RCC_OscConfig)
    HAL_RTC_Init                             0x08002b81   Thumb Code   166  stm32f4xx_hal_rtc.o(i.HAL_RTC_Init)
    HAL_RTC_MspInit                          0x08002c2d   Thumb Code    16  rtc.o(i.HAL_RTC_MspInit)
    HAL_RTC_SetDate                          0x08002c45   Thumb Code   194  stm32f4xx_hal_rtc.o(i.HAL_RTC_SetDate)
    HAL_RTC_SetTime                          0x08002d0d   Thumb Code   236  stm32f4xx_hal_rtc.o(i.HAL_RTC_SetTime)
    HAL_RTC_WaitForSynchro                   0x08002dfd   Thumb Code    54  stm32f4xx_hal_rtc.o(i.HAL_RTC_WaitForSynchro)
    HAL_SDRAM_Init                           0x08002e33   Thumb Code    66  stm32f4xx_hal_sdram.o(i.HAL_SDRAM_Init)
    HAL_SDRAM_MspInit                        0x08002e75   Thumb Code     4  fmc.o(i.HAL_SDRAM_MspInit)
    HAL_SDRAM_ProgramRefreshRate             0x08002e79   Thumb Code    34  stm32f4xx_hal_sdram.o(i.HAL_SDRAM_ProgramRefreshRate)
    HAL_SDRAM_SendCommand                    0x08002e9d   Thumb Code    48  stm32f4xx_hal_sdram.o(i.HAL_SDRAM_SendCommand)
    HAL_SPI_DeInit                           0x08002ecd   Thumb Code    46  stm32f4xx_hal_spi.o(i.HAL_SPI_DeInit)
    HAL_SPI_GetState                         0x08002efb   Thumb Code     6  stm32f4xx_hal_spi.o(i.HAL_SPI_GetState)
    HAL_SPI_Init                             0x08002f01   Thumb Code   128  stm32f4xx_hal_spi.o(i.HAL_SPI_Init)
    HAL_SPI_MspDeInit                        0x08002f81   Thumb Code    30  spi.o(i.HAL_SPI_MspDeInit)
    HAL_SPI_MspInit                          0x08002fad   Thumb Code    92  spi.o(i.HAL_SPI_MspInit)
    HAL_SPI_Receive                          0x08003015   Thumb Code   336  stm32f4xx_hal_spi.o(i.HAL_SPI_Receive)
    HAL_SPI_Transmit                         0x08003165   Thumb Code   360  stm32f4xx_hal_spi.o(i.HAL_SPI_Transmit)
    HAL_SPI_TransmitReceive                  0x080032cd   Thumb Code   472  stm32f4xx_hal_spi.o(i.HAL_SPI_TransmitReceive)
    HAL_SYSTICK_Config                       0x080034a5   Thumb Code    40  stm32f4xx_hal_cortex.o(i.HAL_SYSTICK_Config)
    HardFault_Handler                        0x080034cd   Thumb Code     2  stm32f4xx_it.o(i.HardFault_Handler)
    IOE_Delay                                0x08003985   Thumb Code     4  stm32f429i_discovery.o(i.IOE_Delay)
    IOE_ITConfig                             0x08003989   Thumb Code    68  stm32f429i_discovery.o(i.IOE_ITConfig)
    IOE_Init                                 0x080039d9   Thumb Code     4  stm32f429i_discovery.o(i.IOE_Init)
    IOE_Read                                 0x080039dd   Thumb Code    44  stm32f429i_discovery.o(i.IOE_Read)
    IOE_ReadMultiple                         0x08003a11   Thumb Code    38  stm32f429i_discovery.o(i.IOE_ReadMultiple)
    IOE_Write                                0x08003a41   Thumb Code    40  stm32f429i_discovery.o(i.IOE_Write)
    LCD_Delay                                0x08003a71   Thumb Code     4  stm32f429i_discovery.o(i.LCD_Delay)
    LCD_IO_Init                              0x08003a75   Thumb Code   150  stm32f429i_discovery.o(i.LCD_IO_Init)
    LCD_IO_ReadData                          0x08003b1d   Thumb Code    92  stm32f429i_discovery.o(i.LCD_IO_ReadData)
    LCD_IO_WriteData                         0x08003b89   Thumb Code    46  stm32f429i_discovery.o(i.LCD_IO_WriteData)
    LCD_IO_WriteReg                          0x08003bc1   Thumb Code    48  stm32f429i_discovery.o(i.LCD_IO_WriteReg)
    MX_DMA2D_Init                            0x08003d5d   Thumb Code    58  dma2d.o(i.MX_DMA2D_Init)
    MX_FMC_Init                              0x08003da1   Thumb Code    74  fmc.o(i.MX_FMC_Init)
    MX_GPIO_Init                             0x08003df5   Thumb Code   422  gpio.o(i.MX_GPIO_Init)
    MX_I2C3_Init                             0x08003fb9   Thumb Code    78  i2c.o(i.MX_I2C3_Init)
    MX_LTDC_Init                             0x08004015   Thumb Code   208  ltdc.o(i.MX_LTDC_Init)
    MX_RTC_Init                              0x080040ed   Thumb Code   120  rtc.o(i.MX_RTC_Init)
    MX_SPI5_Init                             0x0800416d   Thumb Code    60  spi.o(i.MX_SPI5_Init)
    MemManage_Handler                        0x080041b1   Thumb Code     2  stm32f4xx_it.o(i.MemManage_Handler)
    NMI_Handler                              0x080041b3   Thumb Code     2  stm32f4xx_it.o(i.NMI_Handler)
    PendSV_Handler                           0x080041d5   Thumb Code     2  stm32f4xx_it.o(i.PendSV_Handler)
    RTC_Bcd2ToByte                           0x080041d7   Thumb Code    18  stm32f4xx_hal_rtc.o(i.RTC_Bcd2ToByte)
    RTC_ByteToBcd2                           0x080041e9   Thumb Code    22  stm32f4xx_hal_rtc.o(i.RTC_ByteToBcd2)
    RTC_EnterInitMode                        0x08004201   Thumb Code    58  stm32f4xx_hal_rtc.o(i.RTC_EnterInitMode)
    SVC_Handler                              0x080043c5   Thumb Code     2  stm32f4xx_it.o(i.SVC_Handler)
    SysTick_Handler                          0x080043c7   Thumb Code     4  stm32f4xx_it.o(i.SysTick_Handler)
    SystemClock_Config                       0x080043cd   Thumb Code   158  main.o(i.SystemClock_Config)
    SystemInit                               0x08004475   Thumb Code    66  system_stm32f4xx.o(i.SystemInit)
    UsageFault_Handler                       0x080044c9   Thumb Code     2  stm32f4xx_it.o(i.UsageFault_Handler)
    __0sprintf                               0x080044cd   Thumb Code    34  printfa.o(i.__0sprintf)
    __1sprintf                               0x080044cd   Thumb Code     0  printfa.o(i.__0sprintf)
    __2sprintf                               0x080044cd   Thumb Code     0  printfa.o(i.__0sprintf)
    __c89sprintf                             0x080044cd   Thumb Code     0  printfa.o(i.__0sprintf)
    sprintf                                  0x080044cd   Thumb Code     0  printfa.o(i.__0sprintf)
    __scatterload_copy                       0x080044f5   Thumb Code    14  handlers.o(i.__scatterload_copy)
    __scatterload_null                       0x08004503   Thumb Code     2  handlers.o(i.__scatterload_null)
    __scatterload_zeroinit                   0x08004505   Thumb Code    14  handlers.o(i.__scatterload_zeroinit)
    ack_i2c                                  0x08004dd1   Thumb Code    90  main.o(i.ack_i2c)
    envia_0_i2c                              0x08004e31   Thumb Code    42  main.o(i.envia_0_i2c)
    envia_1_i2c                              0x08004e61   Thumb Code    40  main.o(i.envia_1_i2c)
    ili9341_DisplayOff                       0x08004e8d   Thumb Code     6  ili9341.o(i.ili9341_DisplayOff)
    ili9341_DisplayOn                        0x08004e93   Thumb Code     6  ili9341.o(i.ili9341_DisplayOn)
    ili9341_GetLcdPixelHeight                0x08004e99   Thumb Code     6  ili9341.o(i.ili9341_GetLcdPixelHeight)
    ili9341_GetLcdPixelWidth                 0x08004e9f   Thumb Code     4  ili9341.o(i.ili9341_GetLcdPixelWidth)
    ili9341_Init                             0x08004ea3   Thumb Code   658  ili9341.o(i.ili9341_Init)
    ili9341_ReadID                           0x08005135   Thumb Code    18  ili9341.o(i.ili9341_ReadID)
    le_byte                                  0x08005149   Thumb Code   298  main.o(i.le_byte)
    le_temperatura                           0x08005279   Thumb Code   134  main.o(i.le_temperatura)
    le_umidade                               0x08005335   Thumb Code   226  main.o(i.le_umidade)
    main                                     0x0800546d   Thumb Code   230  main.o(i.main)
    start_i2c                                0x08005571   Thumb Code    92  main.o(i.start_i2c)
    stmpe811_ClearGlobalIT                   0x080055d1   Thumb Code    10  stmpe811.o(i.stmpe811_ClearGlobalIT)
    stmpe811_DisableGlobalIT                 0x080055db   Thumb Code    28  stmpe811.o(i.stmpe811_DisableGlobalIT)
    stmpe811_DisableITSource                 0x080055f7   Thumb Code    30  stmpe811.o(i.stmpe811_DisableITSource)
    stmpe811_EnableGlobalIT                  0x08005615   Thumb Code    28  stmpe811.o(i.stmpe811_EnableGlobalIT)
    stmpe811_EnableITSource                  0x08005631   Thumb Code    30  stmpe811.o(i.stmpe811_EnableITSource)
    stmpe811_IO_EnableAF                     0x0800566d   Thumb Code    30  stmpe811.o(i.stmpe811_IO_EnableAF)
    stmpe811_Init                            0x0800568d   Thumb Code    42  stmpe811.o(i.stmpe811_Init)
    stmpe811_ReadID                          0x080056bd   Thumb Code    32  stmpe811.o(i.stmpe811_ReadID)
    stmpe811_Reset                           0x080056dd   Thumb Code    40  stmpe811.o(i.stmpe811_Reset)
    stmpe811_TS_ClearIT                      0x08005705   Thumb Code     6  stmpe811.o(i.stmpe811_TS_ClearIT)
    stmpe811_TS_DetectTouch                  0x0800570b   Thumb Code    54  stmpe811.o(i.stmpe811_TS_DetectTouch)
    stmpe811_TS_DisableIT                    0x08005741   Thumb Code    20  stmpe811.o(i.stmpe811_TS_DisableIT)
    stmpe811_TS_EnableIT                     0x08005755   Thumb Code    26  stmpe811.o(i.stmpe811_TS_EnableIT)
    stmpe811_TS_GetXY                        0x0800576f   Thumb Code    62  stmpe811.o(i.stmpe811_TS_GetXY)
    stmpe811_TS_ITStatus                     0x080057ad   Thumb Code    16  stmpe811.o(i.stmpe811_TS_ITStatus)
    stmpe811_TS_Start                        0x080057bd   Thumb Code   162  stmpe811.o(i.stmpe811_TS_Start)
    Font24_Table                             0x0800585e   Data        6840  stm32f429i_discovery_lcd.o(.constdata)
    Font12_Table                             0x08007316   Data        1140  stm32f429i_discovery_lcd.o(.constdata)
    AHBPrescTable                            0x08007792   Data          16  system_stm32f4xx.o(.constdata)
    APBPrescTable                            0x080077a2   Data           8  system_stm32f4xx.o(.constdata)
    Region$$Table$$Base                      0x080077ac   Number         0  anon$$obj.o(Region$$Table)
    Region$$Table$$Limit                     0x080077cc   Number         0  anon$$obj.o(Region$$Table)
    BUTTON_PORT                              0x20000004   Data           4  stm32f429i_discovery.o(.data)
    I2cxTimeout                              0x20000008   Data           4  stm32f429i_discovery.o(.data)
    SpixTimeout                              0x2000000c   Data           4  stm32f429i_discovery.o(.data)
    GPIO_PORT                                0x20000010   Data           8  stm32f429i_discovery.o(.data)
    LcdDrv                                   0x2000001c   Data           4  stm32f429i_discovery_lcd.o(.data)
    Font24                                   0x20000020   Data           8  stm32f429i_discovery_lcd.o(.data)
    Font12                                   0x20000028   Data           8  stm32f429i_discovery_lcd.o(.data)
    ili9341_drv                              0x20000044   Data          56  ili9341.o(.data)
    stmpe811_ts_drv                          0x2000007c   Data          40  stmpe811.o(.data)
    stmpe811                                 0x200000a4   Data           2  stmpe811.o(.data)
    uwTickFreq                               0x200000b0   Data           1  stm32f4xx_hal.o(.data)
    uwTickPrio                               0x200000b4   Data           4  stm32f4xx_hal.o(.data)
    uwTick                                   0x200000b8   Data           4  stm32f4xx_hal.o(.data)
    SystemCoreClock                          0x200000bc   Data           4  system_stm32f4xx.o(.data)
    I2cHandle                                0x200000c0   Data          84  stm32f429i_discovery.o(.bss)
    LtdcHandler                              0x2000016c   Data         168  stm32f429i_discovery_lcd.o(.bss)
    hdma2d                                   0x200003bc   Data          64  dma2d.o(.bss)
    hsdram1                                  0x200003fc   Data          52  fmc.o(.bss)
    hi2c3                                    0x20000430   Data          84  i2c.o(.bss)
    hltdc                                    0x20000484   Data         168  ltdc.o(.bss)
    hrtc                                     0x2000052c   Data          32  rtc.o(.bss)
    hspi5                                    0x2000054c   Data          88  spi.o(.bss)
    __initial_sp                             0x200009a8   Data           0  startup_stm32f429xx.o(STACK)



==============================================================================

Memory Map of the image

  Image Entry point : 0x080001ad

  Load Region LR_IROM1 (Base: 0x08000000, Size: 0x0000788c, Max: 0x00200000, ABSOLUTE)

    Execution Region ER_IROM1 (Exec base: 0x08000000, Load base: 0x08000000, Size: 0x000077cc, Max: 0x00200000, ABSOLUTE)

    Exec Addr    Load Addr    Size         Type   Attr      Idx    E Section Name        Object

    0x08000000   0x08000000   0x000001ac   Data   RO            3    RESET               startup_stm32f429xx.o
    0x080001ac   0x080001ac   0x00000000   Code   RO         4874  * .ARM.Collect$$$$00000000  mc_w.l(entry.o)
    0x080001ac   0x080001ac   0x00000004   Code   RO         5158    .ARM.Collect$$$$00000001  mc_w.l(entry2.o)
    0x080001b0   0x080001b0   0x00000004   Code   RO         5161    .ARM.Collect$$$$00000004  mc_w.l(entry5.o)
    0x080001b4   0x080001b4   0x00000000   Code   RO         5163    .ARM.Collect$$$$00000008  mc_w.l(entry7b.o)
    0x080001b4   0x080001b4   0x00000000   Code   RO         5165    .ARM.Collect$$$$0000000A  mc_w.l(entry8b.o)
    0x080001b4   0x080001b4   0x00000008   Code   RO         5166    .ARM.Collect$$$$0000000B  mc_w.l(entry9a.o)
    0x080001bc   0x080001bc   0x00000000   Code   RO         5168    .ARM.Collect$$$$0000000D  mc_w.l(entry10a.o)
    0x080001bc   0x080001bc   0x00000000   Code   RO         5170    .ARM.Collect$$$$0000000F  mc_w.l(entry11a.o)
    0x080001bc   0x080001bc   0x00000004   Code   RO         5159    .ARM.Collect$$$$00002712  mc_w.l(entry2.o)
    0x080001c0   0x080001c0   0x00000024   Code   RO            4    .text               startup_stm32f429xx.o
    0x080001e4   0x080001e4   0x00000062   Code   RO         4877    .text               mc_w.l(uldiv.o)
    0x08000246   0x08000246   0x00000024   Code   RO         4879    .text               mc_w.l(memcpya.o)
    0x0800026a   0x0800026a   0x00000024   Code   RO         4881    .text               mc_w.l(memseta.o)
    0x0800028e   0x0800028e   0x0000014e   Code   RO         5146    .text               mf_w.l(dadd.o)
    0x080003dc   0x080003dc   0x000000e4   Code   RO         5148    .text               mf_w.l(dmul.o)
    0x080004c0   0x080004c0   0x00000022   Code   RO         5150    .text               mf_w.l(dflti.o)
    0x080004e2   0x080004e2   0x0000001a   Code   RO         5152    .text               mf_w.l(dfltui.o)
    0x080004fc   0x080004fc   0x00000026   Code   RO         5154    .text               mf_w.l(f2d.o)
    0x08000522   0x08000522   0x00000038   Code   RO         5156    .text               mf_w.l(d2f.o)
    0x0800055a   0x0800055a   0x0000002c   Code   RO         5175    .text               mc_w.l(uidiv.o)
    0x08000586   0x08000586   0x0000001e   Code   RO         5177    .text               mc_w.l(llshl.o)
    0x080005a4   0x080005a4   0x00000020   Code   RO         5179    .text               mc_w.l(llushr.o)
    0x080005c4   0x080005c4   0x00000024   Code   RO         5181    .text               mc_w.l(llsshr.o)
    0x080005e8   0x080005e8   0x00000000   Code   RO         5183    .text               mc_w.l(iusefp.o)
    0x080005e8   0x080005e8   0x0000006e   Code   RO         5184    .text               mf_w.l(fepilogue.o)
    0x08000656   0x08000656   0x000000ba   Code   RO         5186    .text               mf_w.l(depilogue.o)
    0x08000710   0x08000710   0x000000de   Code   RO         5188    .text               mf_w.l(ddiv.o)
    0x080007ee   0x080007ee   0x00000030   Code   RO         5190    .text               mf_w.l(dfixul.o)
    0x0800081e   0x0800081e   0x00000002   PAD
    0x08000820   0x08000820   0x00000030   Code   RO         5192    .text               mf_w.l(cdrcmple.o)
    0x08000850   0x08000850   0x00000024   Code   RO         5194    .text               mc_w.l(init.o)
    0x08000874   0x08000874   0x0000003c   Code   RO          393    i.BSP_LCD_Clear     stm32f429i_discovery_lcd.o
    0x080008b0   0x080008b0   0x00000034   Code   RO          395    i.BSP_LCD_DisplayChar  stm32f429i_discovery_lcd.o
    0x080008e4   0x080008e4   0x00000014   Code   RO          397    i.BSP_LCD_DisplayOn  stm32f429i_discovery_lcd.o
    0x080008f8   0x080008f8   0x000000c4   Code   RO          398    i.BSP_LCD_DisplayStringAt  stm32f429i_discovery_lcd.o
    0x080009bc   0x080009bc   0x0000001c   Code   RO          399    i.BSP_LCD_DisplayStringAtLine  stm32f429i_discovery_lcd.o
    0x080009d8   0x080009d8   0x00000034   Code   RO          405    i.BSP_LCD_DrawPixel  stm32f429i_discovery_lcd.o
    0x08000a0c   0x08000a0c   0x0000001c   Code   RO          415    i.BSP_LCD_GetFont   stm32f429i_discovery_lcd.o
    0x08000a28   0x08000a28   0x0000000c   Code   RO          417    i.BSP_LCD_GetXSize  stm32f429i_discovery_lcd.o
    0x08000a34   0x08000a34   0x0000000c   Code   RO          418    i.BSP_LCD_GetYSize  stm32f429i_discovery_lcd.o
    0x08000a40   0x08000a40   0x00000094   Code   RO          419    i.BSP_LCD_Init      stm32f429i_discovery_lcd.o
    0x08000ad4   0x08000ad4   0x00000080   Code   RO          420    i.BSP_LCD_LayerDefaultInit  stm32f429i_discovery_lcd.o
    0x08000b54   0x08000b54   0x0000012c   Code   RO          421    i.BSP_LCD_MspInit   stm32f429i_discovery_lcd.o
    0x08000c80   0x08000c80   0x0000000c   Code   RO          426    i.BSP_LCD_SelectLayer  stm32f429i_discovery_lcd.o
    0x08000c8c   0x08000c8c   0x0000001c   Code   RO          430    i.BSP_LCD_SetFont   stm32f429i_discovery_lcd.o
    0x08000ca8   0x08000ca8   0x00000018   Code   RO          437    i.BSP_LCD_SetTextColor  stm32f429i_discovery_lcd.o
    0x08000cc0   0x08000cc0   0x00000078   Code   RO          748    i.BSP_SDRAM_Init    stm32f429i_discovery_sdram.o
    0x08000d38   0x08000d38   0x00000088   Code   RO          749    i.BSP_SDRAM_Initialization_sequence  stm32f429i_discovery_sdram.o
    0x08000dc0   0x08000dc0   0x00000164   Code   RO          751    i.BSP_SDRAM_MspInit  stm32f429i_discovery_sdram.o
    0x08000f24   0x08000f24   0x00000038   Code   RO          832    i.BSP_TS_Init       stm32f429i_discovery_ts.o
    0x08000f5c   0x08000f5c   0x00000002   Code   RO         1641    i.BusFault_Handler  stm32f4xx_it.o
    0x08000f5e   0x08000f5e   0x00000096   Code   RO         1740    i.DMA2D_SetConfig   stm32f4xx_hal_dma2d.o
    0x08000ff4   0x08000ff4   0x00000028   Code   RO         4223    i.DMA_CalcBaseAndBitshift  stm32f4xx_hal_dma.o
    0x0800101c   0x0800101c   0x00000054   Code   RO         4224    i.DMA_CheckFifoParam  stm32f4xx_hal_dma.o
    0x08001070   0x08001070   0x00000002   Code   RO         1642    i.DebugMon_Handler  stm32f4xx_it.o
    0x08001072   0x08001072   0x00000002   PAD
    0x08001074   0x08001074   0x000000b4   Code   RO          441    i.DrawChar          stm32f429i_discovery_lcd.o
    0x08001128   0x08001128   0x00000002   Code   RO         1160    i.Error_Handler     main.o
    0x0800112a   0x0800112a   0x00000050   Code   RO         1957    i.FMC_SDRAM_Init    stm32f4xx_ll_fmc.o
    0x0800117a   0x0800117a   0x0000000c   Code   RO         1958    i.FMC_SDRAM_ProgramRefreshRate  stm32f4xx_ll_fmc.o
    0x08001186   0x08001186   0x00000048   Code   RO         1959    i.FMC_SDRAM_SendCommand  stm32f4xx_ll_fmc.o
    0x080011ce   0x080011ce   0x00000002   PAD
    0x080011d0   0x080011d0   0x00000080   Code   RO         1961    i.FMC_SDRAM_Timing_Init  stm32f4xx_ll_fmc.o
    0x08001250   0x08001250   0x00000060   Code   RO          442    i.FillBuffer        stm32f429i_discovery_lcd.o
    0x080012b0   0x080012b0   0x000000a8   Code   RO         1752    i.HAL_DMA2D_ConfigLayer  stm32f4xx_hal_dma2d.o
    0x08001358   0x08001358   0x0000005a   Code   RO         1760    i.HAL_DMA2D_Init    stm32f4xx_hal_dma2d.o
    0x080013b2   0x080013b2   0x00000002   PAD
    0x080013b4   0x080013b4   0x00000028   Code   RO         1384    i.HAL_DMA2D_MspInit  dma2d.o
    0x080013dc   0x080013dc   0x0000010c   Code   RO         1764    i.HAL_DMA2D_PollForTransfer  stm32f4xx_hal_dma2d.o
    0x080014e8   0x080014e8   0x00000034   Code   RO         1767    i.HAL_DMA2D_Start   stm32f4xx_hal_dma2d.o
    0x0800151c   0x0800151c   0x00000056   Code   RO         4228    i.HAL_DMA_DeInit    stm32f4xx_hal_dma.o
    0x08001572   0x08001572   0x00000002   PAD
    0x08001574   0x08001574   0x000000d4   Code   RO         4232    i.HAL_DMA_Init      stm32f4xx_hal_dma.o
    0x08001648   0x08001648   0x00000024   Code   RO         4663    i.HAL_Delay         stm32f4xx_hal.o
    0x0800166c   0x0800166c   0x000000d4   Code   RO         1425    i.HAL_FMC_MspInit   fmc.o
    0x08001740   0x08001740   0x00000170   Code   RO         4116    i.HAL_GPIO_DeInit   stm32f4xx_hal_gpio.o
    0x080018b0   0x080018b0   0x000001cc   Code   RO         4119    i.HAL_GPIO_Init     stm32f4xx_hal_gpio.o
    0x08001a7c   0x08001a7c   0x0000000a   Code   RO         4121    i.HAL_GPIO_ReadPin  stm32f4xx_hal_gpio.o
    0x08001a86   0x08001a86   0x0000000a   Code   RO         4123    i.HAL_GPIO_WritePin  stm32f4xx_hal_gpio.o
    0x08001a90   0x08001a90   0x0000000c   Code   RO         4671    i.HAL_GetTick       stm32f4xx_hal.o
    0x08001a9c   0x08001a9c   0x00000042   Code   RO         2671    i.HAL_I2CEx_ConfigAnalogFilter  stm32f4xx_hal_i2c_ex.o
    0x08001ade   0x08001ade   0x0000003e   Code   RO         2672    i.HAL_I2CEx_ConfigDigitalFilter  stm32f4xx_hal_i2c_ex.o
    0x08001b1c   0x08001b1c   0x00000032   Code   RO         2275    i.HAL_I2C_DeInit    stm32f4xx_hal_i2c.o
    0x08001b4e   0x08001b4e   0x00000006   Code   RO         2283    i.HAL_I2C_GetState  stm32f4xx_hal_i2c.o
    0x08001b54   0x08001b54   0x00000108   Code   RO         2284    i.HAL_I2C_Init      stm32f4xx_hal_i2c.o
    0x08001c5c   0x08001c5c   0x000001fc   Code   RO         2300    i.HAL_I2C_Mem_Read  stm32f4xx_hal_i2c.o
    0x08001e58   0x08001e58   0x0000013c   Code   RO         2303    i.HAL_I2C_Mem_Write  stm32f4xx_hal_i2c.o
    0x08001f94   0x08001f94   0x0000003c   Code   RO         1473    i.HAL_I2C_MspDeInit  i2c.o
    0x08001fd0   0x08001fd0   0x00000090   Code   RO         1474    i.HAL_I2C_MspInit   i2c.o
    0x08002060   0x08002060   0x00000010   Code   RO         4675    i.HAL_IncTick       stm32f4xx_hal.o
    0x08002070   0x08002070   0x00000034   Code   RO         4676    i.HAL_Init          stm32f4xx_hal.o
    0x080020a4   0x080020a4   0x00000040   Code   RO         4677    i.HAL_InitTick      stm32f4xx_hal.o
    0x080020e4   0x080020e4   0x00000052   Code   RO         2704    i.HAL_LTDC_ConfigLayer  stm32f4xx_hal_ltdc.o
    0x08002136   0x08002136   0x00000002   PAD
    0x08002138   0x08002138   0x00000030   Code   RO         2716    i.HAL_LTDC_EnableDither  stm32f4xx_hal_ltdc.o
    0x08002168   0x08002168   0x000000f4   Code   RO         2721    i.HAL_LTDC_Init     stm32f4xx_hal_ltdc.o
    0x0800225c   0x0800225c   0x00000174   Code   RO         1516    i.HAL_LTDC_MspInit  ltdc.o
    0x080023d0   0x080023d0   0x00000034   Code   RO         1716    i.HAL_MspInit       stm32f4xx_hal_msp.o
    0x08002404   0x08002404   0x00000016   Code   RO         4526    i.HAL_NVIC_EnableIRQ  stm32f4xx_hal_cortex.o
    0x0800241a   0x0800241a   0x00000002   PAD
    0x0800241c   0x0800241c   0x00000040   Code   RO         4532    i.HAL_NVIC_SetPriority  stm32f4xx_hal_cortex.o
    0x0800245c   0x0800245c   0x00000024   Code   RO         4533    i.HAL_NVIC_SetPriorityGrouping  stm32f4xx_hal_cortex.o
    0x08002480   0x08002480   0x00000234   Code   RO         3820    i.HAL_RCCEx_PeriphCLKConfig  stm32f4xx_hal_rcc_ex.o
    0x080026b4   0x080026b4   0x00000130   Code   RO         3713    i.HAL_RCC_ClockConfig  stm32f4xx_hal_rcc.o
    0x080027e4   0x080027e4   0x00000020   Code   RO         3720    i.HAL_RCC_GetPCLK1Freq  stm32f4xx_hal_rcc.o
    0x08002804   0x08002804   0x00000060   Code   RO         3722    i.HAL_RCC_GetSysClockFreq  stm32f4xx_hal_rcc.o
    0x08002864   0x08002864   0x0000031c   Code   RO         3725    i.HAL_RCC_OscConfig  stm32f4xx_hal_rcc.o
    0x08002b80   0x08002b80   0x000000ac   Code   RO         3002    i.HAL_RTC_Init      stm32f4xx_hal_rtc.o
    0x08002c2c   0x08002c2c   0x00000018   Code   RO         1558    i.HAL_RTC_MspInit   rtc.o
    0x08002c44   0x08002c44   0x000000c8   Code   RO         3008    i.HAL_RTC_SetDate   stm32f4xx_hal_rtc.o
    0x08002d0c   0x08002d0c   0x000000f0   Code   RO         3009    i.HAL_RTC_SetTime   stm32f4xx_hal_rtc.o
    0x08002dfc   0x08002dfc   0x00000036   Code   RO         3010    i.HAL_RTC_WaitForSynchro  stm32f4xx_hal_rtc.o
    0x08002e32   0x08002e32   0x00000042   Code   RO         2123    i.HAL_SDRAM_Init    stm32f4xx_hal_sdram.o
    0x08002e74   0x08002e74   0x00000004   Code   RO         1427    i.HAL_SDRAM_MspInit  fmc.o
    0x08002e78   0x08002e78   0x00000022   Code   RO         2126    i.HAL_SDRAM_ProgramRefreshRate  stm32f4xx_hal_sdram.o
    0x08002e9a   0x08002e9a   0x00000002   PAD
    0x08002e9c   0x08002e9c   0x00000030   Code   RO         2132    i.HAL_SDRAM_SendCommand  stm32f4xx_hal_sdram.o
    0x08002ecc   0x08002ecc   0x0000002e   Code   RO         3365    i.HAL_SPI_DeInit    stm32f4xx_hal_spi.o
    0x08002efa   0x08002efa   0x00000006   Code   RO         3368    i.HAL_SPI_GetState  stm32f4xx_hal_spi.o
    0x08002f00   0x08002f00   0x00000080   Code   RO         3370    i.HAL_SPI_Init      stm32f4xx_hal_spi.o
    0x08002f80   0x08002f80   0x0000002c   Code   RO         1599    i.HAL_SPI_MspDeInit  spi.o
    0x08002fac   0x08002fac   0x00000068   Code   RO         1600    i.HAL_SPI_MspInit   spi.o
    0x08003014   0x08003014   0x00000150   Code   RO         3373    i.HAL_SPI_Receive   stm32f4xx_hal_spi.o
    0x08003164   0x08003164   0x00000168   Code   RO         3378    i.HAL_SPI_Transmit  stm32f4xx_hal_spi.o
    0x080032cc   0x080032cc   0x000001d8   Code   RO         3379    i.HAL_SPI_TransmitReceive  stm32f4xx_hal_spi.o
    0x080034a4   0x080034a4   0x00000028   Code   RO         4537    i.HAL_SYSTICK_Config  stm32f4xx_hal_cortex.o
    0x080034cc   0x080034cc   0x00000002   Code   RO         1643    i.HardFault_Handler  stm32f4xx_it.o
    0x080034ce   0x080034ce   0x00000028   Code   RO         2322    i.I2C_IsAcknowledgeFailed  stm32f4xx_hal_i2c.o
    0x080034f6   0x080034f6   0x000000f0   Code   RO         2331    i.I2C_RequestMemoryRead  stm32f4xx_hal_i2c.o
    0x080035e6   0x080035e6   0x00000002   PAD
    0x080035e8   0x080035e8   0x000000a0   Code   RO         2332    i.I2C_RequestMemoryWrite  stm32f4xx_hal_i2c.o
    0x08003688   0x08003688   0x0000004e   Code   RO         2335    i.I2C_WaitOnBTFFlagUntilTimeout  stm32f4xx_hal_i2c.o
    0x080036d6   0x080036d6   0x00000060   Code   RO         2336    i.I2C_WaitOnFlagUntilTimeout  stm32f4xx_hal_i2c.o
    0x08003736   0x08003736   0x00000002   PAD
    0x08003738   0x08003738   0x00000088   Code   RO         2337    i.I2C_WaitOnMasterAddressFlagUntilTimeout  stm32f4xx_hal_i2c.o
    0x080037c0   0x080037c0   0x00000062   Code   RO         2338    i.I2C_WaitOnRXNEFlagUntilTimeout  stm32f4xx_hal_i2c.o
    0x08003822   0x08003822   0x0000004e   Code   RO         2339    i.I2C_WaitOnTXEFlagUntilTimeout  stm32f4xx_hal_i2c.o
    0x08003870   0x08003870   0x00000014   Code   RO           23    i.I2Cx_Error        stm32f429i_discovery.o
    0x08003884   0x08003884   0x00000048   Code   RO           24    i.I2Cx_Init         stm32f429i_discovery.o
    0x080038cc   0x080038cc   0x000000b8   Code   RO           25    i.I2Cx_MspInit      stm32f429i_discovery.o
    0x08003984   0x08003984   0x00000004   Code   RO           26    i.IOE_Delay         stm32f429i_discovery.o
    0x08003988   0x08003988   0x00000050   Code   RO           27    i.IOE_ITConfig      stm32f429i_discovery.o
    0x080039d8   0x080039d8   0x00000004   Code   RO           28    i.IOE_Init          stm32f429i_discovery.o
    0x080039dc   0x080039dc   0x00000034   Code   RO           29    i.IOE_Read          stm32f429i_discovery.o
    0x08003a10   0x08003a10   0x00000030   Code   RO           30    i.IOE_ReadMultiple  stm32f429i_discovery.o
    0x08003a40   0x08003a40   0x00000030   Code   RO           31    i.IOE_Write         stm32f429i_discovery.o
    0x08003a70   0x08003a70   0x00000004   Code   RO           33    i.LCD_Delay         stm32f429i_discovery.o
    0x08003a74   0x08003a74   0x000000a8   Code   RO           34    i.LCD_IO_Init       stm32f429i_discovery.o
    0x08003b1c   0x08003b1c   0x0000006c   Code   RO           35    i.LCD_IO_ReadData   stm32f429i_discovery.o
    0x08003b88   0x08003b88   0x00000038   Code   RO           36    i.LCD_IO_WriteData  stm32f429i_discovery.o
    0x08003bc0   0x08003bc0   0x00000038   Code   RO           37    i.LCD_IO_WriteReg   stm32f429i_discovery.o
    0x08003bf8   0x08003bf8   0x00000162   Code   RO         2740    i.LTDC_SetConfig    stm32f4xx_hal_ltdc.o
    0x08003d5a   0x08003d5a   0x00000002   PAD
    0x08003d5c   0x08003d5c   0x00000044   Code   RO         1385    i.MX_DMA2D_Init     dma2d.o
    0x08003da0   0x08003da0   0x00000054   Code   RO         1428    i.MX_FMC_Init       fmc.o
    0x08003df4   0x08003df4   0x000001c4   Code   RO         1359    i.MX_GPIO_Init      gpio.o
    0x08003fb8   0x08003fb8   0x0000005c   Code   RO         1475    i.MX_I2C3_Init      i2c.o
    0x08004014   0x08004014   0x000000d8   Code   RO         1517    i.MX_LTDC_Init      ltdc.o
    0x080040ec   0x080040ec   0x00000080   Code   RO         1559    i.MX_RTC_Init       rtc.o
    0x0800416c   0x0800416c   0x00000044   Code   RO         1601    i.MX_SPI5_Init      spi.o
    0x080041b0   0x080041b0   0x00000002   Code   RO         1644    i.MemManage_Handler  stm32f4xx_it.o
    0x080041b2   0x080041b2   0x00000002   Code   RO         1645    i.NMI_Handler       stm32f4xx_it.o
    0x080041b4   0x080041b4   0x00000020   Code   RO         4539    i.NVIC_SetPriority  stm32f4xx_hal_cortex.o
    0x080041d4   0x080041d4   0x00000002   Code   RO         1646    i.PendSV_Handler    stm32f4xx_it.o
    0x080041d6   0x080041d6   0x00000012   Code   RO         3011    i.RTC_Bcd2ToByte    stm32f4xx_hal_rtc.o
    0x080041e8   0x080041e8   0x00000016   Code   RO         3012    i.RTC_ByteToBcd2    stm32f4xx_hal_rtc.o
    0x080041fe   0x080041fe   0x00000002   PAD
    0x08004200   0x08004200   0x0000003a   Code   RO         3013    i.RTC_EnterInitMode  stm32f4xx_hal_rtc.o
    0x0800423a   0x0800423a   0x00000020   Code   RO         3394    i.SPI_CheckFlag_BSY  stm32f4xx_hal_spi.o
    0x0800425a   0x0800425a   0x00000096   Code   RO         3412    i.SPI_WaitFlagStateUntilTimeout  stm32f4xx_hal_spi.o
    0x080042f0   0x080042f0   0x00000014   Code   RO           38    i.SPIx_Error        stm32f429i_discovery.o
    0x08004304   0x08004304   0x0000009c   Code   RO           39    i.SPIx_Init         stm32f429i_discovery.o
    0x080043a0   0x080043a0   0x00000024   Code   RO           40    i.SPIx_Write        stm32f429i_discovery.o
    0x080043c4   0x080043c4   0x00000002   Code   RO         1647    i.SVC_Handler       stm32f4xx_it.o
    0x080043c6   0x080043c6   0x00000004   Code   RO         1648    i.SysTick_Handler   stm32f4xx_it.o
    0x080043ca   0x080043ca   0x00000002   PAD
    0x080043cc   0x080043cc   0x000000a8   Code   RO         1162    i.SystemClock_Config  main.o
    0x08004474   0x08004474   0x00000054   Code   RO         4840    i.SystemInit        system_stm32f4xx.o
    0x080044c8   0x080044c8   0x00000002   Code   RO         1649    i.UsageFault_Handler  stm32f4xx_it.o
    0x080044ca   0x080044ca   0x00000002   PAD
    0x080044cc   0x080044cc   0x00000028   Code   RO         5120    i.__0sprintf        mc_w.l(printfa.o)
    0x080044f4   0x080044f4   0x0000000e   Code   RO         5200    i.__scatterload_copy  mc_w.l(handlers.o)
    0x08004502   0x08004502   0x00000002   Code   RO         5201    i.__scatterload_null  mc_w.l(handlers.o)
    0x08004504   0x08004504   0x0000000e   Code   RO         5202    i.__scatterload_zeroinit  mc_w.l(handlers.o)
    0x08004512   0x08004512   0x00000002   PAD
    0x08004514   0x08004514   0x00000184   Code   RO         5125    i._fp_digits        mc_w.l(printfa.o)
    0x08004698   0x08004698   0x000006dc   Code   RO         5126    i._printf_core      mc_w.l(printfa.o)
    0x08004d74   0x08004d74   0x00000024   Code   RO         5127    i._printf_post_padding  mc_w.l(printfa.o)
    0x08004d98   0x08004d98   0x0000002e   Code   RO         5128    i._printf_pre_padding  mc_w.l(printfa.o)
    0x08004dc6   0x08004dc6   0x0000000a   Code   RO         5130    i._sputc            mc_w.l(printfa.o)
    0x08004dd0   0x08004dd0   0x00000060   Code   RO         1163    i.ack_i2c           main.o
    0x08004e30   0x08004e30   0x00000030   Code   RO         1165    i.envia_0_i2c       main.o
    0x08004e60   0x08004e60   0x0000002c   Code   RO         1166    i.envia_1_i2c       main.o
    0x08004e8c   0x08004e8c   0x00000006   Code   RO          878    i.ili9341_DisplayOff  ili9341.o
    0x08004e92   0x08004e92   0x00000006   Code   RO          879    i.ili9341_DisplayOn  ili9341.o
    0x08004e98   0x08004e98   0x00000006   Code   RO          880    i.ili9341_GetLcdPixelHeight  ili9341.o
    0x08004e9e   0x08004e9e   0x00000004   Code   RO          881    i.ili9341_GetLcdPixelWidth  ili9341.o
    0x08004ea2   0x08004ea2   0x00000292   Code   RO          882    i.ili9341_Init      ili9341.o
    0x08005134   0x08005134   0x00000012   Code   RO          884    i.ili9341_ReadID    ili9341.o
    0x08005146   0x08005146   0x00000002   PAD
    0x08005148   0x08005148   0x00000130   Code   RO         1169    i.le_byte           main.o
    0x08005278   0x08005278   0x000000bc   Code   RO         1170    i.le_temperatura    main.o
    0x08005334   0x08005334   0x00000138   Code   RO         1171    i.le_umidade        main.o
    0x0800546c   0x0800546c   0x00000104   Code   RO         1173    i.main              main.o
    0x08005570   0x08005570   0x00000060   Code   RO         1178    i.start_i2c         main.o
    0x080055d0   0x080055d0   0x0000000a   Code   RO          946    i.stmpe811_ClearGlobalIT  stmpe811.o
    0x080055da   0x080055da   0x0000001c   Code   RO          947    i.stmpe811_DisableGlobalIT  stmpe811.o
    0x080055f6   0x080055f6   0x0000001e   Code   RO          948    i.stmpe811_DisableITSource  stmpe811.o
    0x08005614   0x08005614   0x0000001c   Code   RO          949    i.stmpe811_EnableGlobalIT  stmpe811.o
    0x08005630   0x08005630   0x0000001e   Code   RO          950    i.stmpe811_EnableITSource  stmpe811.o
    0x0800564e   0x0800564e   0x00000002   PAD
    0x08005650   0x08005650   0x0000001c   Code   RO          951    i.stmpe811_GetInstance  stmpe811.o
    0x0800566c   0x0800566c   0x0000001e   Code   RO          958    i.stmpe811_IO_EnableAF  stmpe811.o
    0x0800568a   0x0800568a   0x00000002   PAD
    0x0800568c   0x0800568c   0x00000030   Code   RO          967    i.stmpe811_Init     stmpe811.o
    0x080056bc   0x080056bc   0x00000020   Code   RO          969    i.stmpe811_ReadID   stmpe811.o
    0x080056dc   0x080056dc   0x00000028   Code   RO          970    i.stmpe811_Reset    stmpe811.o
    0x08005704   0x08005704   0x00000006   Code   RO          973    i.stmpe811_TS_ClearIT  stmpe811.o
    0x0800570a   0x0800570a   0x00000036   Code   RO          974    i.stmpe811_TS_DetectTouch  stmpe811.o
    0x08005740   0x08005740   0x00000014   Code   RO          975    i.stmpe811_TS_DisableIT  stmpe811.o
    0x08005754   0x08005754   0x0000001a   Code   RO          976    i.stmpe811_TS_EnableIT  stmpe811.o
    0x0800576e   0x0800576e   0x0000003e   Code   RO          977    i.stmpe811_TS_GetXY  stmpe811.o
    0x080057ac   0x080057ac   0x00000010   Code   RO          978    i.stmpe811_TS_ITStatus  stmpe811.o
    0x080057bc   0x080057bc   0x000000a2   Code   RO          979    i.stmpe811_TS_Start  stmpe811.o
    0x0800585e   0x0800585e   0x00001ab8   Data   RO          444    .constdata          stm32f429i_discovery_lcd.o
    0x08007316   0x08007316   0x00000474   Data   RO          447    .constdata          stm32f429i_discovery_lcd.o
    0x0800778a   0x0800778a   0x00000008   Data   RO         4238    .constdata          stm32f4xx_hal_dma.o
    0x08007792   0x08007792   0x00000010   Data   RO         4841    .constdata          system_stm32f4xx.o
    0x080077a2   0x080077a2   0x00000008   Data   RO         4842    .constdata          system_stm32f4xx.o
    0x080077aa   0x080077aa   0x00000002   PAD
    0x080077ac   0x080077ac   0x00000020   Data   RO         5198    Region$$Table       anon$$obj.o


    Execution Region RW_IRAM1 (Exec base: 0x20000000, Load base: 0x080077cc, Size: 0x000009a8, Max: 0x00030000, ABSOLUTE)

    Exec Addr    Load Addr    Size         Type   Attr      Idx    E Section Name        Object

    0x20000000   0x080077cc   0x00000018   Data   RW           44    .data               stm32f429i_discovery.o
    0x20000018   0x080077e4   0x00000010   Data   RW          449    .data               stm32f429i_discovery_lcd.o
    0x20000028   0x080077f4   0x00000008   Data   RW          452    .data               stm32f429i_discovery_lcd.o
    0x20000030   0x080077fc   0x00000001   Data   RW          758    .data               stm32f429i_discovery_sdram.o
    0x20000031   0x080077fd   0x00000003   PAD
    0x20000034   0x08007800   0x00000010   Data   RW          833    .data               stm32f429i_discovery_ts.o
    0x20000044   0x08007810   0x00000038   Data   RW          887    .data               ili9341.o
    0x2000007c   0x08007848   0x00000028   Data   RW          980    .data               stmpe811.o
    0x200000a4   0x08007870   0x00000002   Data   RW          982    .data               stmpe811.o
    0x200000a6   0x08007872   0x00000002   PAD
    0x200000a8   0x08007874   0x00000008   Data   RW         1430    .data               fmc.o
    0x200000b0   0x0800787c   0x0000000c   Data   RW         4683    .data               stm32f4xx_hal.o
    0x200000bc   0x08007888   0x00000004   Data   RW         4843    .data               system_stm32f4xx.o
    0x200000c0        -       0x000000ac   Zero   RW           42    .bss                stm32f429i_discovery.o
    0x2000016c        -       0x00000130   Zero   RW          443    .bss                stm32f429i_discovery_lcd.o
    0x2000029c        -       0x00000120   Zero   RW          757    .bss                stm32f429i_discovery_sdram.o
    0x200003bc        -       0x00000040   Zero   RW         1386    .bss                dma2d.o
    0x200003fc        -       0x00000034   Zero   RW         1429    .bss                fmc.o
    0x20000430        -       0x00000054   Zero   RW         1476    .bss                i2c.o
    0x20000484        -       0x000000a8   Zero   RW         1518    .bss                ltdc.o
    0x2000052c        -       0x00000020   Zero   RW         1560    .bss                rtc.o
    0x2000054c        -       0x00000058   Zero   RW         1602    .bss                spi.o
    0x200005a4   0x0800788c   0x00000004   PAD
    0x200005a8        -       0x00000400   Zero   RW            1    STACK               startup_stm32f429xx.o


==============================================================================

Image component sizes


      Code (inc. data)   RO Data    RW Data    ZI Data      Debug   Object Name

       108         20          0          0         64       1553   dma2d.o
       300         42          0          8         52       2192   fmc.o
       452         30          0          0          0       1211   gpio.o
       296         48          0          0         84       2297   i2c.o
       698          0          0         56          0       8847   ili9341.o
       588         40          0          0        168       2098   ltdc.o
      1518        206          0          0          0       7796   main.o
       152         16          0          0         32       1547   rtc.o
       216         34          0          0         88       2169   spi.o
        36          8        428          0       1024        840   startup_stm32f429xx.o
      1116        158          0         24        172     770363   stm32f429i_discovery.o
         0          0          0          0          0        744   stm32f429i_discovery_io.o
      1376        160       7980         24        304      19878   stm32f429i_discovery_lcd.o
       612         54          0          1        288       3851   stm32f429i_discovery_sdram.o
        56          8          0         16          0       2864   stm32f429i_discovery_ts.o
       180         28          0         12          0       4605   stm32f4xx_hal.o
       194         14          0          0          0      30431   stm32f4xx_hal_cortex.o
       422         12          8          0          0       3644   stm32f4xx_hal_dma.o
       728          6          0          0          0       5639   stm32f4xx_hal_dma2d.o
       848        100          0          0          0       4073   stm32f4xx_hal_gpio.o
      2070         36          0          0          0      14270   stm32f4xx_hal_i2c.o
       128          0          0          0          0       1871   stm32f4xx_hal_i2c_ex.o
       728         12          0          0          0       3611   stm32f4xx_hal_ltdc.o
        52          4          0          0          0        846   stm32f4xx_hal_msp.o
      1228         64          0          0          0       4569   stm32f4xx_hal_rcc.o
       564         36          0          0          0       1604   stm32f4xx_hal_rcc_ex.o
       764         16          0          0          0       5976   stm32f4xx_hal_rtc.o
       148          0          0          0          0       2736   stm32f4xx_hal_sdram.o
      1530          0          0          0          0       8222   stm32f4xx_hal_spi.o
        20          0          0          0          0       4118   stm32f4xx_it.o
       292          4          0          0          0       3520   stm32f4xx_ll_fmc.o
       650         10          0         42          0      14571   stmpe811.o
        84         18         24          4          0       1171   system_stm32f4xx.o

    ----------------------------------------------------------------------
     18186       1184       8474        192       2280     943727   Object Totals
         0          0         32          0          0          0   (incl. Generated)
        32          0          2          5          4          0   (incl. Padding)

    ----------------------------------------------------------------------

      Code (inc. data)   RO Data    RW Data    ZI Data      Debug   Library Member Name

         0          0          0          0          0          0   entry.o
         0          0          0          0          0          0   entry10a.o
         0          0          0          0          0          0   entry11a.o
         8          4          0          0          0          0   entry2.o
         4          0          0          0          0          0   entry5.o
         0          0          0          0          0          0   entry7b.o
         0          0          0          0          0          0   entry8b.o
         8          4          0          0          0          0   entry9a.o
        30          0          0          0          0          0   handlers.o
        36          8          0          0          0         68   init.o
         0          0          0          0          0          0   iusefp.o
        30          0          0          0          0         68   llshl.o
        36          0          0          0          0         68   llsshr.o
        32          0          0          0          0         68   llushr.o
        36          0          0          0          0         68   memcpya.o
        36          0          0          0          0        108   memseta.o
      2276         86          0          0          0        520   printfa.o
        44          0          0          0          0         80   uidiv.o
        98          0          0          0          0         92   uldiv.o
        48          0          0          0          0         68   cdrcmple.o
        56          0          0          0          0         88   d2f.o
       334          0          0          0          0        148   dadd.o
       222          0          0          0          0        100   ddiv.o
       186          0          0          0          0        176   depilogue.o
        48          0          0          0          0         68   dfixul.o
        34          0          0          0          0         76   dflti.o
        26          0          0          0          0         76   dfltui.o
       228          0          0          0          0         96   dmul.o
        38          0          0          0          0         68   f2d.o
       110          0          0          0          0        168   fepilogue.o

    ----------------------------------------------------------------------
      4008        102          0          0          0       2272   Library Totals
         4          0          0          0          0          0   (incl. Padding)

    ----------------------------------------------------------------------

      Code (inc. data)   RO Data    RW Data    ZI Data      Debug   Library Name

      2674        102          0          0          0       1140   mc_w.l
      1330          0          0          0          0       1132   mf_w.l

    ----------------------------------------------------------------------
      4008        102          0          0          0       2272   Library Totals

    ----------------------------------------------------------------------

==============================================================================


      Code (inc. data)   RO Data    RW Data    ZI Data      Debug   

     22194       1286       8474        192       2280     929159   Grand Totals
     22194       1286       8474        192       2280     929159   ELF Image Totals
     22194       1286       8474        192          0          0   ROM Totals

==============================================================================

    Total RO  Size (Code + RO Data)                30668 (  29.95kB)
    Total RW  Size (RW Data + ZI Data)              2472 (   2.41kB)
    Total ROM Size (Code + RO Data + RW Data)      30860 (  30.14kB)

==============================================================================

