Component: ARM Compiler 5.06 update 6 (build 750) Tool: armlink [4d35ed]

==============================================================================

Section Cross References

    startup_stm32f429xx.o(RESET) refers to startup_stm32f429xx.o(STACK) for __initial_sp
    startup_stm32f429xx.o(RESET) refers to startup_stm32f429xx.o(.text) for Reset_Handler
    startup_stm32f429xx.o(RESET) refers to stm32f4xx_it.o(i.NMI_Handler) for NMI_Handler
    startup_stm32f429xx.o(RESET) refers to stm32f4xx_it.o(i.HardFault_Handler) for HardFault_Handler
    startup_stm32f429xx.o(RESET) refers to stm32f4xx_it.o(i.MemManage_Handler) for MemManage_Handler
    startup_stm32f429xx.o(RESET) refers to stm32f4xx_it.o(i.BusFault_Handler) for BusFault_Handler
    startup_stm32f429xx.o(RESET) refers to stm32f4xx_it.o(i.UsageFault_Handler) for UsageFault_Handler
    startup_stm32f429xx.o(RESET) refers to stm32f4xx_it.o(i.SVC_Handler) for SVC_Handler
    startup_stm32f429xx.o(RESET) refers to stm32f4xx_it.o(i.DebugMon_Handler) for DebugMon_Handler
    startup_stm32f429xx.o(RESET) refers to stm32f4xx_it.o(i.PendSV_Handler) for PendSV_Handler
    startup_stm32f429xx.o(RESET) refers to stm32f4xx_it.o(i.SysTick_Handler) for SysTick_Handler
    startup_stm32f429xx.o(.text) refers to system_stm32f4xx.o(i.SystemInit) for SystemInit
    startup_stm32f429xx.o(.text) refers to entry.o(.ARM.Collect$$$$00000000) for __main
    stm32f429i_discovery.o(i.BSP_LED_Init) refers to stm32f4xx_hal_gpio.o(i.HAL_GPIO_Init) for HAL_GPIO_Init
    stm32f429i_discovery.o(i.BSP_LED_Init) refers to stm32f4xx_hal_gpio.o(i.HAL_GPIO_WritePin) for HAL_GPIO_WritePin
    stm32f429i_discovery.o(i.BSP_LED_Init) refers to stm32f429i_discovery.o(.constdata) for .constdata
    stm32f429i_discovery.o(i.BSP_LED_Init) refers to stm32f429i_discovery.o(.data) for .data
    stm32f429i_discovery.o(i.BSP_LED_Off) refers to stm32f4xx_hal_gpio.o(i.HAL_GPIO_WritePin) for HAL_GPIO_WritePin
    stm32f429i_discovery.o(i.BSP_LED_Off) refers to stm32f429i_discovery.o(.constdata) for .constdata
    stm32f429i_discovery.o(i.BSP_LED_Off) refers to stm32f429i_discovery.o(.data) for .data
    stm32f429i_discovery.o(i.BSP_LED_On) refers to stm32f4xx_hal_gpio.o(i.HAL_GPIO_WritePin) for HAL_GPIO_WritePin
    stm32f429i_discovery.o(i.BSP_LED_On) refers to stm32f429i_discovery.o(.constdata) for .constdata
    stm32f429i_discovery.o(i.BSP_LED_On) refers to stm32f429i_discovery.o(.data) for .data
    stm32f429i_discovery.o(i.BSP_LED_Toggle) refers to stm32f4xx_hal_gpio.o(i.HAL_GPIO_TogglePin) for HAL_GPIO_TogglePin
    stm32f429i_discovery.o(i.BSP_LED_Toggle) refers to stm32f429i_discovery.o(.constdata) for .constdata
    stm32f429i_discovery.o(i.BSP_LED_Toggle) refers to stm32f429i_discovery.o(.data) for .data
    stm32f429i_discovery.o(i.BSP_PB_GetState) refers to stm32f4xx_hal_gpio.o(i.HAL_GPIO_ReadPin) for HAL_GPIO_ReadPin
    stm32f429i_discovery.o(i.BSP_PB_GetState) refers to stm32f429i_discovery.o(.constdata) for .constdata
    stm32f429i_discovery.o(i.BSP_PB_GetState) refers to stm32f429i_discovery.o(.data) for .data
    stm32f429i_discovery.o(i.BSP_PB_Init) refers to stm32f4xx_hal_gpio.o(i.HAL_GPIO_Init) for HAL_GPIO_Init
    stm32f429i_discovery.o(i.BSP_PB_Init) refers to stm32f4xx_hal_cortex.o(i.HAL_NVIC_SetPriority) for HAL_NVIC_SetPriority
    stm32f429i_discovery.o(i.BSP_PB_Init) refers to stm32f4xx_hal_cortex.o(i.HAL_NVIC_EnableIRQ) for HAL_NVIC_EnableIRQ
    stm32f429i_discovery.o(i.BSP_PB_Init) refers to stm32f429i_discovery.o(.constdata) for .constdata
    stm32f429i_discovery.o(i.BSP_PB_Init) refers to stm32f429i_discovery.o(.data) for .data
    stm32f429i_discovery.o(i.GYRO_IO_Init) refers to stm32f4xx_hal_gpio.o(i.HAL_GPIO_Init) for HAL_GPIO_Init
    stm32f429i_discovery.o(i.GYRO_IO_Init) refers to stm32f4xx_hal_gpio.o(i.HAL_GPIO_WritePin) for HAL_GPIO_WritePin
    stm32f429i_discovery.o(i.GYRO_IO_Init) refers to stm32f429i_discovery.o(i.SPIx_Init) for SPIx_Init
    stm32f429i_discovery.o(i.GYRO_IO_Read) refers to stm32f4xx_hal_gpio.o(i.HAL_GPIO_WritePin) for HAL_GPIO_WritePin
    stm32f429i_discovery.o(i.GYRO_IO_Read) refers to stm32f429i_discovery.o(i.SPIx_WriteRead) for SPIx_WriteRead
    stm32f429i_discovery.o(i.GYRO_IO_Write) refers to stm32f4xx_hal_gpio.o(i.HAL_GPIO_WritePin) for HAL_GPIO_WritePin
    stm32f429i_discovery.o(i.GYRO_IO_Write) refers to stm32f429i_discovery.o(i.SPIx_WriteRead) for SPIx_WriteRead
    stm32f429i_discovery.o(i.I2Cx_Error) refers to stm32f4xx_hal_i2c.o(i.HAL_I2C_DeInit) for HAL_I2C_DeInit
    stm32f429i_discovery.o(i.I2Cx_Error) refers to stm32f429i_discovery.o(i.I2Cx_Init) for I2Cx_Init
    stm32f429i_discovery.o(i.I2Cx_Error) refers to stm32f429i_discovery.o(.bss) for .bss
    stm32f429i_discovery.o(i.I2Cx_Init) refers to stm32f4xx_hal_i2c.o(i.HAL_I2C_GetState) for HAL_I2C_GetState
    stm32f429i_discovery.o(i.I2Cx_Init) refers to stm32f429i_discovery.o(i.I2Cx_MspInit) for I2Cx_MspInit
[...]
    i.HAL_GPIO_WritePin                      0x080017e8   Section        0  stm32f4xx_hal_gpio.o(i.HAL_GPIO_WritePin)
    i.HAL_GetTick                            0x080017f4   Section        0  stm32f4xx_hal.o(i.HAL_GetTick)
    i.HAL_I2CEx_ConfigAnalogFilter           0x08001800   Section        0  stm32f4xx_hal_i2c_ex.o(i.HAL_I2CEx_ConfigAnalogFilter)
    i.HAL_I2CEx_ConfigDigitalFilter          0x08001842   Section        0  stm32f4xx_hal_i2c_ex.o(i.HAL_I2CEx_ConfigDigitalFilter)
    i.HAL_I2C_DeInit                         0x08001880   Section        0  stm32f4xx_hal_i2c.o(i.HAL_I2C_DeInit)
    i.HAL_I2C_GetState                       0x080018b2   Section        0  stm32f4xx_hal_i2c.o(i.HAL_I2C_GetState)
    i.HAL_I2C_Init                           0x080018b8   Section        0  stm32f4xx_hal_i2c.o(i.HAL_I2C_Init)
    i.HAL_I2C_Mem_Read                       0x080019c0   Section        0  stm32f4xx_hal_i2c.o(i.HAL_I2C_Mem_Read)
    i.HAL_I2C_Mem_Write                      0x08001bbc   Section        0  stm32f4xx_hal_i2c.o(i.HAL_I2C_Mem_Write)
    i.HAL_I2C_MspDeInit                      0x08001cf8   Section        0  i2c.o(i.HAL_I2C_MspDeInit)
    i.HAL_I2C_MspInit                        0x08001d34   Section        0  i2c.o(i.HAL_I2C_MspInit)
    i.HAL_IncTick                            0x08001dc4   Section        0  stm32f4xx_hal.o(i.HAL_IncTick)
    i.HAL_Init                               0x08001dd4   Section        0  stm32f4xx_hal.o(i.HAL_Init)
    i.HAL_InitTick                           0x08001e08   Section        0  stm32f4xx_hal.o(i.HAL_InitTick)
    i.HAL_LTDC_ConfigLayer                   0x08001e48   Section        0  stm32f4xx_hal_ltdc.o(i.HAL_LTDC_ConfigLayer)
    i.HAL_LTDC_EnableDither                  0x08001e9c   Section        0  stm32f4xx_hal_ltdc.o(i.HAL_LTDC_EnableDither)
    i.HAL_LTDC_Init                          0x08001ecc   Section        0  stm32f4xx_hal_ltdc.o(i.HAL_LTDC_Init)
    i.HAL_LTDC_MspInit                       0x08001fc0   Section        0  ltdc.o(i.HAL_LTDC_MspInit)
    i.HAL_MspInit                            0x08002134   Section        0  stm32f4xx_hal_msp.o(i.HAL_MspInit)
    i.HAL_NVIC_EnableIRQ                     0x08002168   Section        0  stm32f4xx_hal_cortex.o(i.HAL_NVIC_EnableIRQ)
    i.HAL_NVIC_SetPriority                   0x08002180   Section        0  stm32f4xx_hal_cortex.o(i.HAL_NVIC_SetPriority)
    i.HAL_NVIC_SetPriorityGrouping           0x080021c0   Section        0  stm32f4xx_hal_cortex.o(i.HAL_NVIC_SetPriorityGrouping)
    i.HAL_RCCEx_PeriphCLKConfig              0x080021e4   Section        0  stm32f4xx_hal_rcc_ex.o(i.HAL_RCCEx_PeriphCLKConfig)
    i.HAL_RCC_ClockConfig                    0x08002418   Section        0  stm32f4xx_hal_rcc.o(i.HAL_RCC_ClockConfig)
    i.HAL_RCC_GetPCLK1Freq                   0x08002548   Section        0  stm32f4xx_hal_rcc.o(i.HAL_RCC_GetPCLK1Freq)
    i.HAL_RCC_GetSysClockFreq                0x08002568   Section        0  stm32f4xx_hal_rcc.o(i.HAL_RCC_GetSysClockFreq)
    i.HAL_RCC_OscConfig                      0x080025c8   Section        0  stm32f4xx_hal_rcc.o(i.HAL_RCC_OscConfig)
    i.HAL_RTC_GetDate                        0x080028e4   Section        0  stm32f4xx_hal_rtc.o(i.HAL_RTC_GetDate)
    i.HAL_RTC_GetTime                        0x08002928   Section        0  stm32f4xx_hal_rtc.o(i.HAL_RTC_GetTime)
    i.HAL_RTC_Init                           0x08002980   Section        0  stm32f4xx_hal_rtc.o(i.HAL_RTC_Init)
    i.HAL_RTC_MspInit                        0x08002a2c   Section        0  rtc.o(i.HAL_RTC_MspInit)
    i.HAL_RTC_SetDate                        0x08002a44   Section        0  stm32f4xx_hal_rtc.o(i.HAL_RTC_SetDate)
    i.HAL_RTC_SetTime                        0x08002b0c   Section        0  stm32f4xx_hal_rtc.o(i.HAL_RTC_SetTime)
    i.HAL_RTC_WaitForSynchro                 0x08002bfc   Section        0  stm32f4xx_hal_rtc.o(i.HAL_RTC_WaitForSynchro)
    i.HAL_SDRAM_Init                         0x08002c32   Section        0  stm32f4xx_hal_sdram.o(i.HAL_SDRAM_Init)
    i.HAL_SDRAM_MspInit                      0x08002c74   Section        0  fmc.o(i.HAL_SDRAM_MspInit)
    i.HAL_SDRAM_ProgramRefreshRate           0x08002c78   Section        0  stm32f4xx_hal_sdram.o(i.HAL_SDRAM_ProgramRefreshRate)
    i.HAL_SDRAM_SendCommand                  0x08002c9c   Section        0  stm32f4xx_hal_sdram.o(i.HAL_SDRAM_SendCommand)
    i.HAL_SPI_DeInit                         0x08002ccc   Section        0  stm32f4xx_hal_spi.o(i.HAL_SPI_DeInit)
    i.HAL_SPI_GetState                       0x08002cfa   Section        0  stm32f4xx_hal_spi.o(i.HAL_SPI_GetState)
    i.HAL_SPI_Init                           0x08002d00   Section        0  stm32f4xx_hal_spi.o(i.HAL_SPI_Init)
    i.HAL_SPI_MspDeInit                      0x08002d80   Section        0  spi.o(i.HAL_SPI_MspDeInit)
    i.HAL_SPI_MspInit                        0x08002dac   Section        0  spi.o(i.HAL_SPI_MspInit)
    i.HAL_SPI_Receive                        0x08002e14   Section        0  stm32f4xx_hal_spi.o(i.HAL_SPI_Receive)
    i.HAL_SPI_Transmit                       0x08002f64   Section        0  stm32f4xx_hal_spi.o(i.HAL_SPI_Transmit)
    i.HAL_SPI_TransmitReceive                0x080030cc   Section        0  stm32f4xx_hal_spi.o(i.HAL_SPI_TransmitReceive)
    i.HAL_SYSTICK_Config                     0x080032a4   Section        0  stm32f4xx_hal_cortex.o(i.HAL_SYSTICK_Config)
    i.HardFault_Handler                      0x080032cc   Section        0  stm32f4xx_it.o(i.HardFault_Handler)
    i.I2C_IsAcknowledgeFailed                0x080032ce   Section        0  stm32f4xx_hal_i2c.o(i.I2C_IsAcknowledgeFailed)
    I2C_IsAcknowledgeFailed                  0x080032cf   Thumb Code    40  stm32f4xx_hal_i2c.o(i.I2C_IsAcknowledgeFailed)
    i.I2C_RequestMemoryRead                  0x080032f6   Section        0  stm32f4xx_hal_i2c.o(i.I2C_RequestMemoryRead)
    I2C_RequestMemoryRead                    0x080032f7   Thumb Code   240  stm32f4xx_hal_i2c.o(i.I2C_RequestMemoryRead)
    i.I2C_RequestMemoryWrite                 0x080033e8   Section        0  stm32f4xx_hal_i2c.o(i.I2C_RequestMemoryWrite)
    I2C_RequestMemoryWrite                   0x080033e9   Thumb Code   156  stm32f4xx_hal_i2c.o(i.I2C_RequestMemoryWrite)
    i.I2C_WaitOnBTFFlagUntilTimeout          0x08003488   Section        0  stm32f4xx_hal_i2c.o(i.I2C_WaitOnBTFFlagUntilTimeout)
    I2C_WaitOnBTFFlagUntilTimeout            0x08003489   Thumb Code    78  stm32f4xx_hal_i2c.o(i.I2C_WaitOnBTFFlagUntilTimeout)
    i.I2C_WaitOnFlagUntilTimeout             0x080034d6   Section        0  stm32f4xx_hal_i2c.o(i.I2C_WaitOnFlagUntilTimeout)
    I2C_WaitOnFlagUntilTimeout               0x080034d7   Thumb Code    96  stm32f4xx_hal_i2c.o(i.I2C_WaitOnFlagUntilTimeout)
    i.I2C_WaitOnMasterAddressFlagUntilTimeout 0x08003538   Section        0  stm32f4xx_hal_i2c.o(i.I2C_WaitOnMasterAddressFlagUntilTimeout)
    I2C_WaitOnMasterAddressFlagUntilTimeout  0x08003539   Thumb Code   136  stm32f4xx_hal_i2c.o(i.I2C_WaitOnMasterAddressFlagUntilTimeout)
    i.I2C_WaitOnRXNEFlagUntilTimeout         0x080035c0   Section        0  stm32f4xx_hal_i2c.o(i.I2C_WaitOnRXNEFlagUntilTimeout)
    I2C_WaitOnRXNEFlagUntilTimeout           0x080035c1   Thumb Code    98  stm32f4xx_hal_i2c.o(i.I2C_WaitOnRXNEFlagUntilTimeout)
    i.I2C_WaitOnTXEFlagUntilTimeout          0x08003622   Section        0  stm32f4xx_hal_i2c.o(i.I2C_WaitOnTXEFlagUntilTimeout)
    I2C_WaitOnTXEFlagUntilTimeout            0x08003623   Thumb Code    78  stm32f4xx_hal_i2c.o(i.I2C_WaitOnTXEFlagUntilTimeout)
    i.I2Cx_Error                             0x08003670   Section        0  stm32f429i_discovery.o(i.I2Cx_Error)
    I2Cx_Error                               0x08003671   Thumb Code    16  stm32f429i_discovery.o(i.I2Cx_Error)
    i.I2Cx_Init                              0x08003684   Section        0  stm32f429i_discovery.o(i.I2Cx_Init)
    I2Cx_Init                                0x08003685   Thumb Code    58  stm32f429i_discovery.o(i.I2Cx_Init)
    i.I2Cx_MspInit                           0x080036cc   Section        0  stm32f429i_discovery.o(i.I2Cx_MspInit)
    I2Cx_MspInit                             0x080036cd   Thumb Code   166  stm32f429i_discovery.o(i.I2Cx_MspInit)
    i.IOE_Delay                              0x08003784   Section        0  stm32f429i_discovery.o(i.IOE_Delay)
    i.IOE_ITConfig                           0x08003788   Section        0  stm32f429i_discovery.o(i.IOE_ITConfig)
    i.IOE_Init                               0x080037d8   Section        0  stm32f429i_discovery.o(i.IOE_Init)
    i.IOE_Read                               0x080037dc   Section        0  stm32f429i_discovery.o(i.IOE_Read)
    i.IOE_ReadMultiple                       0x08003810   Section        0  stm32f429i_discovery.o(i.IOE_ReadMultiple)
    i.IOE_Write                              0x08003840   Section        0  stm32f429i_discovery.o(i.IOE_Write)
    i.LCD_Delay                              0x08003870   Section        0  stm32f429i_discovery.o(i.LCD_Delay)
    i.LCD_IO_Init                            0x08003874   Section        0  stm32f429i_discovery.o(i.LCD_IO_Init)
    i.LCD_IO_ReadData                        0x0800391c   Section        0  stm32f429i_discovery.o(i.LCD_IO_ReadData)
    i.LCD_IO_WriteData                       0x08003988   Section        0  stm32f429i_discovery.o(i.LCD_IO_WriteData)
    i.LCD_IO_WriteReg                        0x080039c0   Section        0  stm32f429i_discovery.o(i.LCD_IO_WriteReg)
    i.LTDC_SetConfig                         0x080039f8   Section        0  stm32f4xx_hal_ltdc.o(i.LTDC_SetConfig)
    LTDC_SetConfig                           0x080039f9   Thumb Code   354  stm32f4xx_hal_ltdc.o(i.LTDC_SetConfig)
    i.MX_DMA2D_Init                          0x08003b5c   Section        0  dma2d.o(i.MX_DMA2D_Init)
    i.MX_FMC_Init                            0x08003ba0   Section        0  fmc.o(i.MX_FMC_Init)
    i.MX_GPIO_Init                           0x08003bf4   Section        0  gpio.o(i.MX_GPIO_Init)
    i.MX_I2C3_Init                           0x08003db8   Section        0  i2c.o(i.MX_I2C3_Init)
    i.MX_LTDC_Init                           0x08003e14   Section        0  ltdc.o(i.MX_LTDC_Init)
    i.MX_RTC_Init                            0x08003eec   Section        0  rtc.o(i.MX_RTC_Init)
    i.MX_SPI5_Init                           0x08003f6c   Section        0  spi.o(i.MX_SPI5_Init)
    i.MemManage_Handler                      0x08003fb0   Section        0  stm32f4xx_it.o(i.MemManage_Handler)
    i.NMI_Handler                            0x08003fb2   Section        0  stm32f4xx_it.o(i.NMI_Handler)
    i.NVIC_SetPriority                       0x08003fb4   Section        0  stm32f4xx_hal_cortex.o(i.NVIC_SetPriority)
    NVIC_SetPriority                         0x08003fb5   Thumb Code    32  stm32f4xx_hal_cortex.o(i.NVIC_SetPriority)
    i.PendSV_Handler                         0x08003fd4   Section        0  stm32f4xx_it.o(i.PendSV_Handler)
    i.RTC_Bcd2ToByte                         0x08003fd6   Section        0  stm32f4xx_hal_rtc.o(i.RTC_Bcd2ToByte)
    i.RTC_ByteToBcd2                         0x08003fe8   Section        0  stm32f4xx_hal_rtc.o(i.RTC_ByteToBcd2)
    i.RTC_EnterInitMode                      0x08004000   Section        0  stm32f4xx_hal_rtc.o(i.RTC_EnterInitMode)
    i.RTC_Render                             0x0800403c   Section        0  main.o(i.RTC_Render)
    i.SPI_CheckFlag_BSY                      0x0800409c   Section        0  stm32f4xx_hal_spi.o(i.SPI_CheckFlag_BSY)
    SPI_CheckFlag_BSY                        0x0800409d   Thumb Code    32  stm32f4xx_hal_spi.o(i.SPI_CheckFlag_BSY)
    i.SPI_WaitFlagStateUntilTimeout          0x080040bc   Section        0  stm32f4xx_hal_spi.o(i.SPI_WaitFlagStateUntilTimeout)
    SPI_WaitFlagStateUntilTimeout            0x080040bd   Thumb Code   150  stm32f4xx_hal_spi.o(i.SPI_WaitFlagStateUntilTimeout)
    i.SPIx_Error                             0x08004154   Section        0  stm32f429i_discovery.o(i.SPIx_Error)
    SPIx_Error                               0x08004155   Thumb Code    16  stm32f429i_discovery.o(i.SPIx_Error)
    i.SPIx_Init                              0x08004168   Section        0  stm32f429i_discovery.o(i.SPIx_Init)
    SPIx_Init                                0x08004169   Thumb Code   138  stm32f429i_discovery.o(i.SPIx_Init)
    i.SPIx_Write                             0x08004204   Section        0  stm32f429i_discovery.o(i.SPIx_Write)
    SPIx_Write                               0x08004205   Thumb Code    26  stm32f429i_discovery.o(i.SPIx_Write)
    i.SVC_Handler                            0x08004228   Section        0  stm32f4xx_it.o(i.SVC_Handler)
    i.SysTick_Handler                        0x0800422a   Section        0  stm32f4xx_it.o(i.SysTick_Handler)
    i.SystemClock_Config                     0x08004230   Section        0  main.o(i.SystemClock_Config)
    i.SystemInit                             0x080042d8   Section        0  system_stm32f4xx.o(i.SystemInit)
    i.UsageFault_Handler                     0x0800432c   Section        0  stm32f4xx_it.o(i.UsageFault_Handler)
    i.__0sprintf$6                           0x08004330   Section        0  printf6.o(i.__0sprintf$6)
    i.__scatterload_copy                     0x08004358   Section       14  handlers.o(i.__scatterload_copy)
    i.__scatterload_null                     0x08004366   Section        2  handlers.o(i.__scatterload_null)
    i.__scatterload_zeroinit                 0x08004368   Section       14  handlers.o(i.__scatterload_zeroinit)
    i._printf_core                           0x08004378   Section        0  printf6.o(i._printf_core)
    _printf_core                             0x08004379   Thumb Code   748  printf6.o(i._printf_core)
    i._printf_post_padding                   0x08004668   Section        0  printf6.o(i._printf_post_padding)
    _printf_post_padding                     0x08004669   Thumb Code    36  printf6.o(i._printf_post_padding)
    i._printf_pre_padding                    0x0800468c   Section        0  printf6.o(i._printf_pre_padding)
    _printf_pre_padding                      0x0800468d   Thumb Code    46  printf6.o(i._printf_pre_padding)
    i._sputc                                 0x080046ba   Section        0  printf6.o(i._sputc)
    _sputc                                   0x080046bb   Thumb Code    10  printf6.o(i._sputc)
    i.checkTick                              0x080046c4   Section        0  main.o(i.checkTick)
    i.clockTest1                             0x08004724   Section        0  main.o(i.clockTest1)
    i.gearTick                               0x08004744   Section        0  main.o(i.gearTick)
    i.ili9341_DisplayOff                     0x08004790   Section        0  ili9341.o(i.ili9341_DisplayOff)
    i.ili9341_DisplayOn                      0x08004796   Section        0  ili9341.o(i.ili9341_DisplayOn)
    i.ili9341_GetLcdPixelHeight              0x0800479c   Section        0  ili9341.o(i.ili9341_GetLcdPixelHeight)
    i.ili9341_GetLcdPixelWidth               0x080047a2   Section        0  ili9341.o(i.ili9341_GetLcdPixelWidth)
    i.ili9341_Init                           0x080047a6   Section        0  ili9341.o(i.ili9341_Init)
    i.ili9341_ReadID                         0x08004a38   Section        0  ili9341.o(i.ili9341_ReadID)
    i.infosMenuRender                        0x08004a4c   Section        0  main.o(i.infosMenuRender)
    i.leftArrowTick                          0x08004cec   Section        0  main.o(i.leftArrowTick)
    i.main                                   0x08004e10   Section        0  main.o(i.main)
    i.renderBottomMenu                       0x08004f38   Section        0  main.o(i.renderBottomMenu)
    i.rightArrowTick                         0x08004f7c   Section        0  main.o(i.rightArrowTick)
    i.selectionRender                        0x080050b8   Section        0  main.o(i.selectionRender)
    i.stmpe811_ClearGlobalIT                 0x08005256   Section        0  stmpe811.o(i.stmpe811_ClearGlobalIT)
    i.stmpe811_DisableGlobalIT               0x08005260   Section        0  stmpe811.o(i.stmpe811_DisableGlobalIT)
    i.stmpe811_DisableITSource               0x0800527c   Section        0  stmpe811.o(i.stmpe811_DisableITSource)
    i.stmpe811_EnableGlobalIT                0x0800529a   Section        0  stmpe811.o(i.stmpe811_EnableGlobalIT)
    i.stmpe811_EnableITSource                0x080052b6   Section        0  stmpe811.o(i.stmpe811_EnableITSource)
    i.stmpe811_GetInstance                   0x080052d4   Section        0  stmpe811.o(i.stmpe811_GetInstance)
    stmpe811_GetInstance                     0x080052d5   Thumb Code    24  stmpe811.o(i.stmpe811_GetInstance)
    i.stmpe811_IO_EnableAF                   0x080052f0   Section        0  stmpe811.o(i.stmpe811_IO_EnableAF)
    i.stmpe811_Init                          0x08005310   Section        0  stmpe811.o(i.stmpe811_Init)
    i.stmpe811_ReadID                        0x08005340   Section        0  stmpe811.o(i.stmpe811_ReadID)
    i.stmpe811_Reset                         0x08005360   Section        0  stmpe811.o(i.stmpe811_Reset)
    i.stmpe811_TS_ClearIT                    0x08005388   Section        0  stmpe811.o(i.stmpe811_TS_ClearIT)
    i.stmpe811_TS_DetectTouch                0x0800538e   Section        0  stmpe811.o(i.stmpe811_TS_DetectTouch)
    i.stmpe811_TS_DisableIT                  0x080053c4   Section        0  stmpe811.o(i.stmpe811_TS_DisableIT)
    i.stmpe811_TS_EnableIT                   0x080053d8   Section        0  stmpe811.o(i.stmpe811_TS_EnableIT)
    i.stmpe811_TS_GetXY                      0x080053f2   Section        0  stmpe811.o(i.stmpe811_TS_GetXY)
    i.stmpe811_TS_ITStatus                   0x08005430   Section        0  stmpe811.o(i.stmpe811_TS_ITStatus)
    i.stmpe811_TS_Start                      0x08005440   Section        0  stmpe811.o(i.stmpe811_TS_Start)
    i.tick                                   0x080054e2   Section        0  main.o(i.tick)
    i.topIconsRender                         0x08005520   Section        0  main.o(i.topIconsRender)
    .constdata                               0x080055b4   Section     6840  stm32f429i_discovery_lcd.o(.constdata)
    .constdata                               0x0800706c   Section     3040  stm32f429i_discovery_lcd.o(.constdata)
    .constdata                               0x08007c4c   Section     1140  stm32f429i_discovery_lcd.o(.constdata)
    .constdata                               0x080080c0   Section    46554  main.o(.constdata)
    .constdata                               0x0801369a   Section        8  stm32f4xx_hal_dma.o(.constdata)
    flagBitshiftOffset                       0x0801369a   Data           8  stm32f4xx_hal_dma.o(.constdata)
    .constdata                               0x080136a2   Section       16  system_stm32f4xx.o(.constdata)
    .constdata                               0x080136b2   Section        8  system_stm32f4xx.o(.constdata)
    .data                                    0x20000000   Section       24  stm32f429i_discovery.o(.data)
    Is_LCD_IO_Initialized                    0x20000000   Data           1  stm32f429i_discovery.o(.data)
    .data                                    0x20000018   Section       16  stm32f429i_discovery_lcd.o(.data)
    ActiveLayer                              0x20000018   Data           4  stm32f429i_discovery_lcd.o(.data)
    .data                                    0x20000028   Section        8  stm32f429i_discovery_lcd.o(.data)
    .data                                    0x20000030   Section        8  stm32f429i_discovery_lcd.o(.data)
    .data                                    0x20000038   Section        1  stm32f429i_discovery_sdram.o(.data)
    sdramstatus                              0x20000038   Data           1  stm32f429i_discovery_sdram.o(.data)
    .data                                    0x2000003c   Section       16  stm32f429i_discovery_ts.o(.data)
    TsXBoundary                              0x2000003c   Data           2  stm32f429i_discovery_ts.o(.data)
    TsYBoundary                              0x2000003e   Data           2  stm32f429i_discovery_ts.o(.data)
    _x                                       0x20000040   Data           4  stm32f429i_discovery_ts.o(.data)
    _y                                       0x20000044   Data           4  stm32f429i_discovery_ts.o(.data)
    TsDrv                                    0x20000048   Data           4  stm32f429i_discovery_ts.o(.data)
    .data                                    0x2000004c   Section       56  ili9341.o(.data)
    .data                                    0x20000084   Section       40  stmpe811.o(.data)
    .data                                    0x200000ac   Section        2  stmpe811.o(.data)
    .data                                    0x200000b0   Section        8  fmc.o(.data)
    FMC_Initialized                          0x200000b0   Data           4  fmc.o(.data)
    FMC_DeInitialized                        0x200000b4   Data           4  fmc.o(.data)
    .data                                    0x200000b8   Section       12  stm32f4xx_hal.o(.data)
    .data                                    0x200000c4   Section        4  system_stm32f4xx.o(.data)
    .bss                                     0x200000c8   Section      172  stm32f429i_discovery.o(.bss)
    SpiHandle                                0x2000011c   Data          88  stm32f429i_discovery.o(.bss)
    .bss                                     0x20000174   Section      304  stm32f429i_discovery_lcd.o(.bss)
    Dma2dHandler                             0x2000021c   Data          64  stm32f429i_discovery_lcd.o(.bss)
    PeriphClkInitStruct                      0x2000025c   Data          48  stm32f429i_discovery_lcd.o(.bss)
    DrawProp                                 0x2000028c   Data          24  stm32f429i_discovery_lcd.o(.bss)
    .bss                                     0x200002a4   Section      288  stm32f429i_discovery_sdram.o(.bss)
    dmaHandle                                0x200002a4   Data          96  stm32f429i_discovery_sdram.o(.bss)
    dma_handle                               0x20000304   Data          96  stm32f429i_discovery_sdram.o(.bss)
    SdramHandle                              0x20000364   Data          52  stm32f429i_discovery_sdram.o(.bss)
    Timing                                   0x20000398   Data          28  stm32f429i_discovery_sdram.o(.bss)
    Command                                  0x200003b4   Data          16  stm32f429i_discovery_sdram.o(.bss)
    .bss                                     0x200003c4   Section       64  dma2d.o(.bss)
    .bss                                     0x20000404   Section       52  fmc.o(.bss)
    .bss                                     0x20000438   Section       84  i2c.o(.bss)
    .bss                                     0x2000048c   Section      168  ltdc.o(.bss)
    .bss                                     0x20000534   Section       32  rtc.o(.bss)
    .bss                                     0x20000554   Section       88  spi.o(.bss)
    STACK                                    0x200005b0   Section     1024  startup_stm32f429xx.o(STACK)

    Global Symbols

    Symbol Name                              Value     Ov Type        Size  Object(Section)

    BuildAttributes$$THM_ISAv4$E$P$D$K$B$S$7EM$VFPi3$EXTD16$VFPS$VFMA$PE$A:L22UL41UL21$X:L11$S22US41US21$IEEE1$IW$USESV6$~STKCKD$USESV7$~SHL$OTIME$ROPI$EBA8$MICROLIB$REQ8$PRES8$EABIv2 0x00000000   Number         0  anon$$obj.o ABSOLUTE
    __ARM_use_no_argv                        0x00000000   Number         0  main.o ABSOLUTE
    _printf_a                                0x00000000   Number         0  stubs.o ABSOLUTE
    _printf_c                                0x00000000   Number         0  stubs.o ABSOLUTE
    _printf_charcount                        0x00000000   Number         0  stubs.o ABSOLUTE
    _printf_d                                0x00000000   Number         0  stubs.o ABSOLUTE
    _printf_e                                0x00000000   Number         0  stubs.o ABSOLUTE
    _printf_f                                0x00000000   Number         0  stubs.o ABSOLUTE
    _printf_flags                            0x00000000   Number         0  stubs.o ABSOLUTE
    _printf_fp_dec                           0x00000000   Number         0  stubs.o ABSOLUTE
    _printf_fp_hex                           0x00000000   Number         0  stubs.o ABSOLUTE
    _printf_g                                0x00000000   Number         0  stubs.o ABSOLUTE
    _printf_i                                0x00000000   Number         0  stubs.o ABSOLUTE
    _printf_int_dec                          0x00000000   Number         0  stubs.o ABSOLUTE
    _printf_l                                0x00000000   Number         0  stubs.o ABSOLUTE
    _printf_lc                               0x00000000   Number         0  stubs.o ABSOLUTE
    _printf_ll                               0x00000000   Number         0  stubs.o ABSOLUTE
    _printf_lld                              0x00000000   Number         0  stubs.o ABSOLUTE
    _printf_lli                              0x00000000   Number         0  stubs.o ABSOLUTE
    _printf_llo                              0x00000000   Number         0  stubs.o ABSOLUTE
    _printf_llu                              0x00000000   Number         0  stubs.o ABSOLUTE
    _printf_llx                              0x00000000   Number         0  stubs.o ABSOLUTE
    _printf_longlong_dec                     0x00000000   Number         0  stubs.o ABSOLUTE
    _printf_longlong_hex                     0x00000000   Number         0  stubs.o ABSOLUTE
    _printf_longlong_oct                     0x00000000   Number         0  stubs.o ABSOLUTE
    _printf_ls                               0x00000000   Number         0  stubs.o ABSOLUTE
    _printf_mbtowc                           0x00000000   Number         0  stubs.o ABSOLUTE
    _printf_n                                0x00000000   Number         0  stubs.o ABSOLUTE
    _printf_o                                0x00000000   Number         0  stubs.o ABSOLUTE
    _printf_p                                0x00000000   Number         0  stubs.o ABSOLUTE
    _printf_percent                          0x00000000   Number         0  stubs.o ABSOLUTE
    _printf_pre_padding                      0x00000000   Number         0  stubs.o ABSOLUTE
    _printf_return_value                     0x00000000   Number         0  stubs.o ABSOLUTE
    _printf_s                                0x00000000   Number         0  stubs.o ABSOLUTE
    _printf_sizespec                         0x00000000   Number         0  stubs.o ABSOLUTE
    _printf_str                              0x00000000   Number         0  stubs.o ABSOLUTE
    _printf_truncate_signed                  0x00000000   Number         0  stubs.o ABSOLUTE
    _printf_truncate_unsigned                0x00000000   Number         0  stubs.o ABSOLUTE
    _printf_u                                0x00000000   Number         0  stubs.o ABSOLUTE
    _printf_wc                               0x00000000   Number         0  stubs.o ABSOLUTE
    _printf_wctomb                           0x00000000   Number         0  stubs.o ABSOLUTE
    _printf_widthprec                        0x00000000   Number         0  stubs.o ABSOLUTE
    _printf_x                                0x00000000   Number         0  stubs.o ABSOLUTE
    __cpp_initialize__aeabi_                  - Undefined Weak Reference
    __cxa_finalize                            - Undefined Weak Reference
    __decompress                              - Undefined Weak Reference
    _clock_init                               - Undefined Weak Reference
    _microlib_exit                            - Undefined Weak Reference
    __Vectors_Size                           0x000001ac   Number         0  startup_stm32f429xx.o ABSOLUTE
    __Vectors                                0x08000000   Data           4  startup_stm32f429xx.o(RESET)
    __Vectors_End                            0x080001ac   Data           0  startup_stm32f429xx.o(RESET)
    __main                                   0x080001ad   Thumb Code     0  entry.o(.ARM.Collect$$$$00000000)
    _main_stk                                0x080001ad   Thumb Code     0  entry2.o(.ARM.Collect$$$$00000001)
    _main_scatterload                        0x080001b1   Thumb Code     0  entry5.o(.ARM.Collect$$$$00000004)
    __main_after_scatterload                 0x080001b5   Thumb Code     0  entry5.o(.ARM.Collect$$$$00000004)
    _main_clock                              0x080001b5   Thumb Code     0  entry7b.o(.ARM.Collect$$$$00000008)
    _main_cpp_init                           0x080001b5   Thumb Code     0  entry8b.o(.ARM.Collect$$$$0000000A)
    _main_init                               0x080001b5   Thumb Code     0  entry9a.o(.ARM.Collect$$$$0000000B)
    __rt_final_cpp                           0x080001bd   Thumb Code     0  entry10a.o(.ARM.Collect$$$$0000000D)
    __rt_final_exit                          0x080001bd   Thumb Code     0  entry11a.o(.ARM.Collect$$$$0000000F)
    Reset_Handler                            0x080001c1   Thumb Code     8  startup_stm32f429xx.o(.text)
    ADC_IRQHandler                           0x080001db   Thumb Code     0  startup_stm32f429xx.o(.text)
    CAN1_RX0_IRQHandler                      0x080001db   Thumb Code     0  startup_stm32f429xx.o(.text)
    CAN1_RX1_IRQHandler                      0x080001db   Thumb Code     0  startup_stm32f429xx.o(.text)
    CAN1_SCE_IRQHandler                      0x080001db   Thumb Code     0  startup_stm32f429xx.o(.text)
    CAN1_TX_IRQHandler                       0x080001db   Thumb Code     0  startup_stm32f429xx.o(.text)
    CAN2_RX0_IRQHandler                      0x080001db   Thumb Code     0  startup_stm32f429xx.o(.text)
    CAN2_RX1_IRQHandler                      0x080001db   Thumb Code     0  startup_stm32f429xx.o(.text)
    CAN2_SCE_IRQHandler                      0x080001db   Thumb Code     0  startup_stm32f429xx.o(.text)
    CAN2_TX_IRQHandler                       0x080001db   Thumb Code     0  startup_stm32f429xx.o(.text)
    DCMI_IRQHandler                          0x080001db   Thumb Code     0  startup_stm32f429xx.o(.text)
    DMA1_Stream0_IRQHandler                  0x080001db   Thumb Code     0  startup_stm32f429xx.o(.text)
    DMA1_Stream1_IRQHandler                  0x080001db   Thumb Code     0  startup_stm32f429xx.o(.text)
    DMA1_Stream2_IRQHandler                  0x080001db   Thumb Code     0  startup_stm32f429xx.o(.text)
    DMA1_Stream3_IRQHandler                  0x080001db   Thumb Code     0  startup_stm32f429xx.o(.text)
    DMA1_Stream4_IRQHandler                  0x080001db   Thumb Code     0  startup_stm32f429xx.o(.text)
    DMA1_Stream5_IRQHandler                  0x080001db   Thumb Code     0  startup_stm32f429xx.o(.text)
    DMA1_Stream6_IRQHandler                  0x080001db   Thumb Code     0  startup_stm32f429xx.o(.text)
    DMA1_Stream7_IRQHandler                  0x080001db   Thumb Code     0  startup_stm32f429xx.o(.text)
    DMA2D_IRQHandler                         0x080001db   Thumb Code     0  startup_stm32f429xx.o(.text)
    DMA2_Stream0_IRQHandler                  0x080001db   Thumb Code     0  startup_stm32f429xx.o(.text)
    DMA2_Stream1_IRQHandler                  0x080001db   Thumb Code     0  startup_stm32f429xx.o(.text)
    DMA2_Stream2_IRQHandler                  0x080001db   Thumb Code     0  startup_stm32f429xx.o(.text)
    DMA2_Stream3_IRQHandler                  0x080001db   Thumb Code     0  startup_stm32f429xx.o(.text)
    DMA2_Stream4_IRQHandler                  0x080001db   Thumb Code     0  startup_stm32f429xx.o(.text)
    DMA2_Stream5_IRQHandler                  0x080001db   Thumb Code     0  startup_stm32f429xx.o(.text)
    DMA2_Stream6_IRQHandler                  0x080001db   Thumb Code     0  startup_stm32f429xx.o(.text)
    DMA2_Stream7_IRQHandler                  0x080001db   Thumb Code     0  startup_stm32f429xx.o(.text)
    ETH_IRQHandler                           0x080001db   Thumb Code     0  startup_stm32f429xx.o(.text)
    ETH_WKUP_IRQHandler                      0x080001db   Thumb Code     0  startup_stm32f429xx.o(.text)
    EXTI0_IRQHandler                         0x080001db   Thumb Code     0  startup_stm32f429xx.o(.text)
    EXTI15_10_IRQHandler                     0x080001db   Thumb Code     0  startup_stm32f429xx.o(.text)
    EXTI1_IRQHandler                         0x080001db   Thumb Code     0  startup_stm32f429xx.o(.text)
    EXTI2_IRQHandler                         0x080001db   Thumb Code     0  startup_stm32f429xx.o(.text)
    EXTI3_IRQHandler                         0x080001db   Thumb Code     0  startup_stm32f429xx.o(.text)
    EXTI4_IRQHandler                         0x080001db   Thumb Code     0  startup_stm32f429xx.o(.text)
    EXTI9_5_IRQHandler                       0x080001db   Thumb Code     0  startup_stm32f429xx.o(.text)
    FLASH_IRQHandler                         0x080001db   Thumb Code     0  startup_stm32f429xx.o(.text)
    FMC_IRQHandler                           0x080001db   Thumb Code     0  startup_stm32f429xx.o(.text)
    FPU_IRQHandler                           0x080001db   Thumb Code     0  startup_stm32f429xx.o(.text)
    HASH_RNG_IRQHandler                      0x080001db   Thumb Code     0  startup_stm32f429xx.o(.text)
    I2C1_ER_IRQHandler                       0x080001db   Thumb Code     0  startup_stm32f429xx.o(.text)
    I2C1_EV_IRQHandler                       0x080001db   Thumb Code     0  startup_stm32f429xx.o(.text)
    I2C2_ER_IRQHandler                       0x080001db   Thumb Code     0  startup_stm32f429xx.o(.text)
    I2C2_EV_IRQHandler                       0x080001db   Thumb Code     0  startup_stm32f429xx.o(.text)
    I2C3_ER_IRQHandler                       0x080001db   Thumb Code     0  startup_stm32f429xx.o(.text)
    I2C3_EV_IRQHandler                       0x080001db   Thumb Code     0  startup_stm32f429xx.o(.text)
    LTDC_ER_IRQHandler                       0x080001db   Thumb Code     0  startup_stm32f429xx.o(.text)
    LTDC_IRQHandler                          0x080001db   Thumb Code     0  startup_stm32f429xx.o(.text)
    OTG_FS_IRQHandler                        0x080001db   Thumb Code     0  startup_stm32f429xx.o(.text)
    OTG_FS_WKUP_IRQHandler                   0x080001db   Thumb Code     0  startup_stm32f429xx.o(.text)
    OTG_HS_EP1_IN_IRQHandler                 0x080001db   Thumb Code     0  startup_stm32f429xx.o(.text)
    OTG_HS_EP1_OUT_IRQHandler                0x080001db   Thumb Code     0  startup_stm32f429xx.o(.text)
    OTG_HS_IRQHandler                        0x080001db   Thumb Code     0  startup_stm32f429xx.o(.text)
    OTG_HS_WKUP_IRQHandler                   0x080001db   Thumb Code     0  startup_stm32f429xx.o(.text)
    PVD_IRQHandler                           0x080001db   Thumb Code     0  startup_stm32f429xx.o(.text)
    RCC_IRQHandler                           0x080001db   Thumb Code     0  startup_stm32f429xx.o(.text)
    RTC_Alarm_IRQHandler                     0x080001db   Thumb Code     0  startup_stm32f429xx.o(.text)
    RTC_WKUP_IRQHandler                      0x080001db   Thumb Code     0  startup_stm32f429xx.o(.text)
    SAI1_IRQHandler                          0x080001db   Thumb Code     0  startup_stm32f429xx.o(.text)
    SDIO_IRQHandler                          0x080001db   Thumb Code     0  startup_stm32f429xx.o(.text)
    SPI1_IRQHandler                          0x080001db   Thumb Code     0  startup_stm32f429xx.o(.text)
    SPI2_IRQHandler                          0x080001db   Thumb Code     0  startup_stm32f429xx.o(.text)
    SPI3_IRQHandler                          0x080001db   Thumb Code     0  startup_stm32f429xx.o(.text)
    SPI4_IRQHandler                          0x080001db   Thumb Code     0  startup_stm32f429xx.o(.text)
    SPI5_IRQHandler                          0x080001db   Thumb Code     0  startup_stm32f429xx.o(.text)
    SPI6_IRQHandler                          0x080001db   Thumb Code     0  startup_stm32f429xx.o(.text)
    TAMP_STAMP_IRQHandler                    0x080001db   Thumb Code     0  startup_stm32f429xx.o(.text)
    TIM1_BRK_TIM9_IRQHandler                 0x080001db   Thumb Code     0  startup_stm32f429xx.o(.text)
    TIM1_CC_IRQHandler                       0x080001db   Thumb Code     0  startup_stm32f429xx.o(.text)
    TIM1_TRG_COM_TIM11_IRQHandler            0x080001db   Thumb Code     0  startup_stm32f429xx.o(.text)
    TIM1_UP_TIM10_IRQHandler                 0x080001db   Thumb Code     0  startup_stm32f429xx.o(.text)
    TIM2_IRQHandler                          0x080001db   Thumb Code     0  startup_stm32f429xx.o(.text)
    TIM3_IRQHandler                          0x080001db   Thumb Code     0  startup_stm32f429xx.o(.text)
    TIM4_IRQHandler                          0x080001db   Thumb Code     0  startup_stm32f429xx.o(.text)
    TIM5_IRQHandler                          0x080001db   Thumb Code     0  startup_stm32f429xx.o(.text)
    TIM6_DAC_IRQHandler                      0x080001db   Thumb Code     0  startup_stm32f429xx.o(.text)
    TIM7_IRQHandler                          0x080001db   Thumb Code     0  startup_stm32f429xx.o(.text)
    TIM8_BRK_TIM12_IRQHandler                0x080001db   Thumb Code     0  startup_stm32f429xx.o(.text)
    TIM8_CC_IRQHandler                       0x080001db   Thumb Code     0  startup_stm32f429xx.o(.text)
    TIM8_TRG_COM_TIM14_IRQHandler            0x080001db   Thumb Code     0  startup_stm32f429xx.o(.text)
    TIM8_UP_TIM13_IRQHandler                 0x080001db   Thumb Code     0  startup_stm32f429xx.o(.text)
    UART4_IRQHandler                         0x080001db   Thumb Code     0  startup_stm32f429xx.o(.text)
    UART5_IRQHandler                         0x080001db   Thumb Code     0  startup_stm32f429xx.o(.text)
    UART7_IRQHandler                         0x080001db   Thumb Code     0  startup_stm32f429xx.o(.text)
    UART8_IRQHandler                         0x080001db   Thumb Code     0  startup_stm32f429xx.o(.text)
    USART1_IRQHandler                        0x080001db   Thumb Code     0  startup_stm32f429xx.o(.text)
    USART2_IRQHandler                        0x080001db   Thumb Code     0  startup_stm32f429xx.o(.text)
    USART3_IRQHandler                        0x080001db   Thumb Code     0  startup_stm32f429xx.o(.text)
    USART6_IRQHandler                        0x080001db   Thumb Code     0  startup_stm32f429xx.o(.text)
    WWDG_IRQHandler                          0x080001db   Thumb Code     0  startup_stm32f429xx.o(.text)
    __aeabi_uldivmod                         0x080001e5   Thumb Code    98  uldiv.o(.text)
    __aeabi_memcpy                           0x08000247   Thumb Code    36  memcpya.o(.text)
    __aeabi_memcpy4                          0x08000247   Thumb Code     0  memcpya.o(.text)
    __aeabi_memcpy8                          0x08000247   Thumb Code     0  memcpya.o(.text)
    __aeabi_memset                           0x0800026b   Thumb Code    14  memseta.o(.text)
    __aeabi_memset4                          0x0800026b   Thumb Code     0  memseta.o(.text)
    __aeabi_memset8                          0x0800026b   Thumb Code     0  memseta.o(.text)
    __aeabi_memclr                           0x08000279   Thumb Code     4  memseta.o(.text)
    __aeabi_memclr4                          0x08000279   Thumb Code     0  memseta.o(.text)
    __aeabi_memclr8                          0x08000279   Thumb Code     0  memseta.o(.text)
    _memset$wrapper                          0x0800027d   Thumb Code    18  memseta.o(.text)
    __aeabi_uidiv                            0x0800028f   Thumb Code     0  uidiv.o(.text)
    __aeabi_uidivmod                         0x0800028f   Thumb Code    44  uidiv.o(.text)
    __aeabi_llsl                             0x080002bb   Thumb Code    30  llshl.o(.text)
    _ll_shift_l                              0x080002bb   Thumb Code     0  llshl.o(.text)
    __aeabi_llsr                             0x080002d9   Thumb Code    32  llushr.o(.text)
    _ll_ushift_r                             0x080002d9   Thumb Code     0  llushr.o(.text)
    __scatterload                            0x080002f9   Thumb Code    28  init.o(.text)
    __scatterload_rt2                        0x080002f9   Thumb Code     0  init.o(.text)
    BSP_LCD_Clear                            0x0800031d   Thumb Code    50  stm32f429i_discovery_lcd.o(i.BSP_LCD_Clear)
    BSP_LCD_DisplayChar                      0x08000359   Thumb Code    44  stm32f429i_discovery_lcd.o(i.BSP_LCD_DisplayChar)
    BSP_LCD_DisplayOn                        0x0800038d   Thumb Code    14  stm32f429i_discovery_lcd.o(i.BSP_LCD_DisplayOn)
    BSP_LCD_DisplayStringAt                  0x080003a1   Thumb Code   188  stm32f429i_discovery_lcd.o(i.BSP_LCD_DisplayStringAt)
    BSP_LCD_DrawBitmap                       0x08000465   Thumb Code   196  stm32f429i_discovery_lcd.o(i.BSP_LCD_DrawBitmap)
    BSP_LCD_DrawCircle                       0x08000531   Thumb Code   270  stm32f429i_discovery_lcd.o(i.BSP_LCD_DrawCircle)
    BSP_LCD_DrawPixel                        0x08000649   Thumb Code    42  stm32f429i_discovery_lcd.o(i.BSP_LCD_DrawPixel)
    BSP_LCD_GetXSize                         0x0800067d   Thumb Code     8  stm32f429i_discovery_lcd.o(i.BSP_LCD_GetXSize)
    BSP_LCD_GetYSize                         0x08000689   Thumb Code     8  stm32f429i_discovery_lcd.o(i.BSP_LCD_GetYSize)
    BSP_LCD_Init                             0x08000695   Thumb Code   130  stm32f429i_discovery_lcd.o(i.BSP_LCD_Init)
    BSP_LCD_LayerDefaultInit                 0x08000729   Thumb Code   116  stm32f429i_discovery_lcd.o(i.BSP_LCD_LayerDefaultInit)
    BSP_LCD_MspInit                          0x080007a9   Thumb Code   270  stm32f429i_discovery_lcd.o(i.BSP_LCD_MspInit)
    BSP_LCD_SelectLayer                      0x080008d5   Thumb Code     6  stm32f429i_discovery_lcd.o(i.BSP_LCD_SelectLayer)
    BSP_LCD_SetFont                          0x080008e1   Thumb Code    18  stm32f429i_discovery_lcd.o(i.BSP_LCD_SetFont)
    BSP_LCD_SetTextColor                     0x080008fd   Thumb Code    16  stm32f429i_discovery_lcd.o(i.BSP_LCD_SetTextColor)
    BSP_SDRAM_Init                           0x08000915   Thumb Code   106  stm32f429i_discovery_sdram.o(i.BSP_SDRAM_Init)
    BSP_SDRAM_Initialization_sequence        0x0800098d   Thumb Code   132  stm32f429i_discovery_sdram.o(i.BSP_SDRAM_Initialization_sequence)
    BSP_SDRAM_MspInit                        0x08000a15   Thumb Code   320  stm32f429i_discovery_sdram.o(i.BSP_SDRAM_MspInit)
    BSP_TS_GetState                          0x08000b79   Thumb Code   170  stm32f429i_discovery_ts.o(i.BSP_TS_GetState)
    BSP_TS_Init                              0x08000c29   Thumb Code    48  stm32f429i_discovery_ts.o(i.BSP_TS_Init)
    BusFault_Handler                         0x08000c61   Thumb Code     2  stm32f4xx_it.o(i.BusFault_Handler)
    DebugMon_Handler                         0x08000ddd   Thumb Code     2  stm32f4xx_it.o(i.DebugMon_Handler)
    Error_Handler                            0x08000e95   Thumb Code     2  main.o(i.Error_Handler)
    FMC_SDRAM_Init                           0x08000e97   Thumb Code    80  stm32f4xx_ll_fmc.o(i.FMC_SDRAM_Init)
    FMC_SDRAM_ProgramRefreshRate             0x08000ee7   Thumb Code    12  stm32f4xx_ll_fmc.o(i.FMC_SDRAM_ProgramRefreshRate)
    FMC_SDRAM_SendCommand                    0x08000ef3   Thumb Code    72  stm32f4xx_ll_fmc.o(i.FMC_SDRAM_SendCommand)
    FMC_SDRAM_Timing_Init                    0x08000f3d   Thumb Code   124  stm32f4xx_ll_fmc.o(i.FMC_SDRAM_Timing_Init)
    HAL_DMA2D_ConfigLayer                    0x0800101d   Thumb Code   162  stm32f4xx_hal_dma2d.o(i.HAL_DMA2D_ConfigLayer)
    HAL_DMA2D_Init                           0x080010c5   Thumb Code    90  stm32f4xx_hal_dma2d.o(i.HAL_DMA2D_Init)
    HAL_DMA2D_MspInit                        0x08001121   Thumb Code    30  dma2d.o(i.HAL_DMA2D_MspInit)
    HAL_DMA2D_PollForTransfer                0x08001149   Thumb Code   268  stm32f4xx_hal_dma2d.o(i.HAL_DMA2D_PollForTransfer)
    HAL_DMA2D_Start                          0x08001255   Thumb Code    52  stm32f4xx_hal_dma2d.o(i.HAL_DMA2D_Start)
    HAL_DMA_DeInit                           0x08001289   Thumb Code    86  stm32f4xx_hal_dma.o(i.HAL_DMA_DeInit)
    HAL_DMA_Init                             0x080012e1   Thumb Code   206  stm32f4xx_hal_dma.o(i.HAL_DMA_Init)
    HAL_Delay                                0x080013b5   Thumb Code    32  stm32f4xx_hal.o(i.HAL_Delay)
    HAL_GPIO_DeInit                          0x080014ad   Thumb Code   320  stm32f4xx_hal_gpio.o(i.HAL_GPIO_DeInit)
    HAL_GPIO_Init                            0x0800161d   Thumb Code   408  stm32f4xx_hal_gpio.o(i.HAL_GPIO_Init)
    HAL_GPIO_WritePin                        0x080017e9   Thumb Code    10  stm32f4xx_hal_gpio.o(i.HAL_GPIO_WritePin)
    HAL_GetTick                              0x080017f5   Thumb Code     6  stm32f4xx_hal.o(i.HAL_GetTick)
    HAL_I2CEx_ConfigAnalogFilter             0x08001801   Thumb Code    66  stm32f4xx_hal_i2c_ex.o(i.HAL_I2CEx_ConfigAnalogFilter)
    HAL_I2CEx_ConfigDigitalFilter            0x08001843   Thumb Code    62  stm32f4xx_hal_i2c_ex.o(i.HAL_I2CEx_ConfigDigitalFilter)
    HAL_I2C_DeInit                           0x08001881   Thumb Code    50  stm32f4xx_hal_i2c.o(i.HAL_I2C_DeInit)
    HAL_I2C_GetState                         0x080018b3   Thumb Code     6  stm32f4xx_hal_i2c.o(i.HAL_I2C_GetState)
    HAL_I2C_Init                             0x080018b9   Thumb Code   254  stm32f4xx_hal_i2c.o(i.HAL_I2C_Init)
    HAL_I2C_Mem_Read                         0x080019c1   Thumb Code   496  stm32f4xx_hal_i2c.o(i.HAL_I2C_Mem_Read)
    HAL_I2C_Mem_Write                        0x08001bbd   Thumb Code   306  stm32f4xx_hal_i2c.o(i.HAL_I2C_Mem_Write)
    HAL_I2C_MspDeInit                        0x08001cf9   Thumb Code    44  i2c.o(i.HAL_I2C_MspDeInit)
    HAL_I2C_MspInit                          0x08001d35   Thumb Code   126  i2c.o(i.HAL_I2C_MspInit)
    HAL_IncTick                              0x08001dc5   Thumb Code    12  stm32f4xx_hal.o(i.HAL_IncTick)
    HAL_Init                                 0x08001dd5   Thumb Code    48  stm32f4xx_hal.o(i.HAL_Init)
    HAL_InitTick                             0x08001e09   Thumb Code    54  stm32f4xx_hal.o(i.HAL_InitTick)
    HAL_LTDC_ConfigLayer                     0x08001e49   Thumb Code    82  stm32f4xx_hal_ltdc.o(i.HAL_LTDC_ConfigLayer)
    HAL_LTDC_EnableDither                    0x08001e9d   Thumb Code    42  stm32f4xx_hal_ltdc.o(i.HAL_LTDC_EnableDither)
    HAL_LTDC_Init                            0x08001ecd   Thumb Code   238  stm32f4xx_hal_ltdc.o(i.HAL_LTDC_Init)
    HAL_LTDC_MspInit                         0x08001fc1   Thumb Code   340  ltdc.o(i.HAL_LTDC_MspInit)
    HAL_MspInit                              0x08002135   Thumb Code    48  stm32f4xx_hal_msp.o(i.HAL_MspInit)
    HAL_NVIC_EnableIRQ                       0x08002169   Thumb Code    22  stm32f4xx_hal_cortex.o(i.HAL_NVIC_EnableIRQ)
    HAL_NVIC_SetPriority                     0x08002181   Thumb Code    60  stm32f4xx_hal_cortex.o(i.HAL_NVIC_SetPriority)
    HAL_NVIC_SetPriorityGrouping             0x080021c1   Thumb Code    26  stm32f4xx_hal_cortex.o(i.HAL_NVIC_SetPriorityGrouping)
    HAL_RCCEx_PeriphCLKConfig                0x080021e5   Thumb Code   528  stm32f4xx_hal_rcc_ex.o(i.HAL_RCCEx_PeriphCLKConfig)
    HAL_RCC_ClockConfig                      0x08002419   Thumb Code   286  stm32f4xx_hal_rcc.o(i.HAL_RCC_ClockConfig)
    HAL_RCC_GetPCLK1Freq                     0x08002549   Thumb Code    20  stm32f4xx_hal_rcc.o(i.HAL_RCC_GetPCLK1Freq)
    HAL_RCC_GetSysClockFreq                  0x08002569   Thumb Code    88  stm32f4xx_hal_rcc.o(i.HAL_RCC_GetSysClockFreq)
    HAL_RCC_OscConfig                        0x080025c9   Thumb Code   770  stm32f4xx_hal_rcc.o(i.HAL_RCC_OscConfig)
    HAL_RTC_GetDate                          0x080028e5   Thumb Code    62  stm32f4xx_hal_rtc.o(i.HAL_RTC_GetDate)
    HAL_RTC_GetTime                          0x08002929   Thumb Code    82  stm32f4xx_hal_rtc.o(i.HAL_RTC_GetTime)
    HAL_RTC_Init                             0x08002981   Thumb Code   166  stm32f4xx_hal_rtc.o(i.HAL_RTC_Init)
    HAL_RTC_MspInit                          0x08002a2d   Thumb Code    16  rtc.o(i.HAL_RTC_MspInit)
    HAL_RTC_SetDate                          0x08002a45   Thumb Code   194  stm32f4xx_hal_rtc.o(i.HAL_RTC_SetDate)
    HAL_RTC_SetTime                          0x08002b0d   Thumb Code   236  stm32f4xx_hal_rtc.o(i.HAL_RTC_SetTime)
    HAL_RTC_WaitForSynchro                   0x08002bfd   Thumb Code    54  stm32f4xx_hal_rtc.o(i.HAL_RTC_WaitForSynchro)
    HAL_SDRAM_Init                           0x08002c33   Thumb Code    66  stm32f4xx_hal_sdram.o(i.HAL_SDRAM_Init)
    HAL_SDRAM_MspInit                        0x08002c75   Thumb Code     4  fmc.o(i.HAL_SDRAM_MspInit)
    HAL_SDRAM_ProgramRefreshRate             0x08002c79   Thumb Code    34  stm32f4xx_hal_sdram.o(i.HAL_SDRAM_ProgramRefreshRate)
    HAL_SDRAM_SendCommand                    0x08002c9d   Thumb Code    48  stm32f4xx_hal_sdram.o(i.HAL_SDRAM_SendCommand)
    HAL_SPI_DeInit                           0x08002ccd   Thumb Code    46  stm32f4xx_hal_spi.o(i.HAL_SPI_DeInit)
    HAL_SPI_GetState                         0x08002cfb   Thumb Code     6  stm32f4xx_hal_spi.o(i.HAL_SPI_GetState)
    HAL_SPI_Init                             0x08002d01   Thumb Code   128  stm32f4xx_hal_spi.o(i.HAL_SPI_Init)
    HAL_SPI_MspDeInit                        0x08002d81   Thumb Code    30  spi.o(i.HAL_SPI_MspDeInit)
    HAL_SPI_MspInit                          0x08002dad   Thumb Code    92  spi.o(i.HAL_SPI_MspInit)
    HAL_SPI_Receive                          0x08002e15   Thumb Code   336  stm32f4xx_hal_spi.o(i.HAL_SPI_Receive)
    HAL_SPI_Transmit                         0x08002f65   Thumb Code   360  stm32f4xx_hal_spi.o(i.HAL_SPI_Transmit)
    HAL_SPI_TransmitReceive                  0x080030cd   Thumb Code   472  stm32f4xx_hal_spi.o(i.HAL_SPI_TransmitReceive)
    HAL_SYSTICK_Config                       0x080032a5   Thumb Code    40  stm32f4xx_hal_cortex.o(i.HAL_SYSTICK_Config)
    HardFault_Handler                        0x080032cd   Thumb Code     2  stm32f4xx_it.o(i.HardFault_Handler)
    IOE_Delay                                0x08003785   Thumb Code     4  stm32f429i_discovery.o(i.IOE_Delay)
    IOE_ITConfig                             0x08003789   Thumb Code    68  stm32f429i_discovery.o(i.IOE_ITConfig)
    IOE_Init                                 0x080037d9   Thumb Code     4  stm32f429i_discovery.o(i.IOE_Init)
    IOE_Read                                 0x080037dd   Thumb Code    44  stm32f429i_discovery.o(i.IOE_Read)
    IOE_ReadMultiple                         0x08003811   Thumb Code    38  stm32f429i_discovery.o(i.IOE_ReadMultiple)
    IOE_Write                                0x08003841   Thumb Code    40  stm32f429i_discovery.o(i.IOE_Write)
    LCD_Delay                                0x08003871   Thumb Code     4  stm32f429i_discovery.o(i.LCD_Delay)
    LCD_IO_Init                              0x08003875   Thumb Code   150  stm32f429i_discovery.o(i.LCD_IO_Init)
    LCD_IO_ReadData                          0x0800391d   Thumb Code    92  stm32f429i_discovery.o(i.LCD_IO_ReadData)
    LCD_IO_WriteData                         0x08003989   Thumb Code    46  stm32f429i_discovery.o(i.LCD_IO_WriteData)
    LCD_IO_WriteReg                          0x080039c1   Thumb Code    48  stm32f429i_discovery.o(i.LCD_IO_WriteReg)
    MX_DMA2D_Init                            0x08003b5d   Thumb Code    58  dma2d.o(i.MX_DMA2D_Init)
    MX_FMC_Init                              0x08003ba1   Thumb Code    74  fmc.o(i.MX_FMC_Init)
    MX_GPIO_Init                             0x08003bf5   Thumb Code   422  gpio.o(i.MX_GPIO_Init)
    MX_I2C3_Init                             0x08003db9   Thumb Code    78  i2c.o(i.MX_I2C3_Init)
    MX_LTDC_Init                             0x08003e15   Thumb Code   208  ltdc.o(i.MX_LTDC_Init)
    MX_RTC_Init                              0x08003eed   Thumb Code   120  rtc.o(i.MX_RTC_Init)
    MX_SPI5_Init                             0x08003f6d   Thumb Code    60  spi.o(i.MX_SPI5_Init)
    MemManage_Handler                        0x08003fb1   Thumb Code     2  stm32f4xx_it.o(i.MemManage_Handler)
    NMI_Handler                              0x08003fb3   Thumb Code     2  stm32f4xx_it.o(i.NMI_Handler)
    PendSV_Handler                           0x08003fd5   Thumb Code     2  stm32f4xx_it.o(i.PendSV_Handler)
    RTC_Bcd2ToByte                           0x08003fd7   Thumb Code    18  stm32f4xx_hal_rtc.o(i.RTC_Bcd2ToByte)
    RTC_ByteToBcd2                           0x08003fe9   Thumb Code    22  stm32f4xx_hal_rtc.o(i.RTC_ByteToBcd2)
    RTC_EnterInitMode                        0x08004001   Thumb Code    58  stm32f4xx_hal_rtc.o(i.RTC_EnterInitMode)
    RTC_Render                               0x0800403d   Thumb Code    70  main.o(i.RTC_Render)
    SVC_Handler                              0x08004229   Thumb Code     2  stm32f4xx_it.o(i.SVC_Handler)
    SysTick_Handler                          0x0800422b   Thumb Code     4  stm32f4xx_it.o(i.SysTick_Handler)
    SystemClock_Config                       0x08004231   Thumb Code   158  main.o(i.SystemClock_Config)
    SystemInit                               0x080042d9   Thumb Code    66  system_stm32f4xx.o(i.SystemInit)
    UsageFault_Handler                       0x0800432d   Thumb Code     2  stm32f4xx_it.o(i.UsageFault_Handler)
    __0sprintf$6                             0x08004331   Thumb Code    34  printf6.o(i.__0sprintf$6)
    __1sprintf$6                             0x08004331   Thumb Code     0  printf6.o(i.__0sprintf$6)
    __2sprintf                               0x08004331   Thumb Code     0  printf6.o(i.__0sprintf$6)
    __scatterload_copy                       0x08004359   Thumb Code    14  handlers.o(i.__scatterload_copy)
    __scatterload_null                       0x08004367   Thumb Code     2  handlers.o(i.__scatterload_null)
    __scatterload_zeroinit                   0x08004369   Thumb Code    14  handlers.o(i.__scatterload_zeroinit)
    checkTick                                0x080046c5   Thumb Code    96  main.o(i.checkTick)
    clockTest1                               0x08004725   Thumb Code    26  main.o(i.clockTest1)
    gearTick                                 0x08004745   Thumb Code    76  main.o(i.gearTick)
    ili9341_DisplayOff                       0x08004791   Thumb Code     6  ili9341.o(i.ili9341_DisplayOff)
    ili9341_DisplayOn                        0x08004797   Thumb Code     6  ili9341.o(i.ili9341_DisplayOn)
    ili9341_GetLcdPixelHeight                0x0800479d   Thumb Code     6  ili9341.o(i.ili9341_GetLcdPixelHeight)
    ili9341_GetLcdPixelWidth                 0x080047a3   Thumb Code     4  ili9341.o(i.ili9341_GetLcdPixelWidth)
    ili9341_Init                             0x080047a7   Thumb Code   658  ili9341.o(i.ili9341_Init)
    ili9341_ReadID                           0x08004a39   Thumb Code    18  ili9341.o(i.ili9341_ReadID)
    infosMenuRender                          0x08004a4d   Thumb Code   400  main.o(i.infosMenuRender)
    leftArrowTick                            0x08004ced   Thumb Code   292  main.o(i.leftArrowTick)
    main                                     0x08004e11   Thumb Code   292  main.o(i.main)
    renderBottomMenu                         0x08004f39   Thumb Code    50  main.o(i.renderBottomMenu)
    rightArrowTick                           0x08004f7d   Thumb Code   316  main.o(i.rightArrowTick)
    selectionRender                          0x080050b9   Thumb Code   414  main.o(i.selectionRender)
    stmpe811_ClearGlobalIT                   0x08005257   Thumb Code    10  stmpe811.o(i.stmpe811_ClearGlobalIT)
    stmpe811_DisableGlobalIT                 0x08005261   Thumb Code    28  stmpe811.o(i.stmpe811_DisableGlobalIT)
    stmpe811_DisableITSource                 0x0800527d   Thumb Code    30  stmpe811.o(i.stmpe811_DisableITSource)
    stmpe811_EnableGlobalIT                  0x0800529b   Thumb Code    28  stmpe811.o(i.stmpe811_EnableGlobalIT)
    stmpe811_EnableITSource                  0x080052b7   Thumb Code    30  stmpe811.o(i.stmpe811_EnableITSource)
    stmpe811_IO_EnableAF                     0x080052f1   Thumb Code    30  stmpe811.o(i.stmpe811_IO_EnableAF)
    stmpe811_Init                            0x08005311   Thumb Code    42  stmpe811.o(i.stmpe811_Init)
    stmpe811_ReadID                          0x08005341   Thumb Code    32  stmpe811.o(i.stmpe811_ReadID)
    stmpe811_Reset                           0x08005361   Thumb Code    40  stmpe811.o(i.stmpe811_Reset)
    stmpe811_TS_ClearIT                      0x08005389   Thumb Code     6  stmpe811.o(i.stmpe811_TS_ClearIT)
    stmpe811_TS_DetectTouch                  0x0800538f   Thumb Code    54  stmpe811.o(i.stmpe811_TS_DetectTouch)
    stmpe811_TS_DisableIT                    0x080053c5   Thumb Code    20  stmpe811.o(i.stmpe811_TS_DisableIT)
    stmpe811_TS_EnableIT                     0x080053d9   Thumb Code    26  stmpe811.o(i.stmpe811_TS_EnableIT)
    stmpe811_TS_GetXY                        0x080053f3   Thumb Code    62  stmpe811.o(i.stmpe811_TS_GetXY)
    stmpe811_TS_ITStatus                     0x08005431   Thumb Code    16  stmpe811.o(i.stmpe811_TS_ITStatus)
    stmpe811_TS_Start                        0x08005441   Thumb Code   162  stmpe811.o(i.stmpe811_TS_Start)
    tick                                     0x080054e3   Thumb Code    60  main.o(i.tick)
    topIconsRender                           0x08005521   Thumb Code   110  main.o(i.topIconsRender)
    Font24_Table                             0x080055b4   Data        6840  stm32f429i_discovery_lcd.o(.constdata)
    Font16_Table                             0x0800706c   Data        3040  stm32f429i_discovery_lcd.o(.constdata)
    Font12_Table                             0x08007c4c   Data        1140  stm32f429i_discovery_lcd.o(.constdata)
    thermo                                   0x080080c0   Data        9302  main.o(.constdata)
    lamp                                     0x0800a516   Data        9302  main.o(.constdata)
    rightArrow                               0x0800c96c   Data        4662  main.o(.constdata)
    leftArrow                                0x0800dba2   Data        4662  main.o(.constdata)
    drop                                     0x0800edd8   Data        9302  main.o(.constdata)
    gear                                     0x0801122e   Data        4662  main.o(.constdata)
    check                                    0x08012464   Data        4662  main.o(.constdata)
    AHBPrescTable                            0x080136a2   Data          16  system_stm32f4xx.o(.constdata)
    APBPrescTable                            0x080136b2   Data           8  system_stm32f4xx.o(.constdata)
    Region$$Table$$Base                      0x080136bc   Number         0  anon$$obj.o(Region$$Table)
    Region$$Table$$Limit                     0x080136dc   Number         0  anon$$obj.o(Region$$Table)
    BUTTON_PORT                              0x20000004   Data           4  stm32f429i_discovery.o(.data)
    I2cxTimeout                              0x20000008   Data           4  stm32f429i_discovery.o(.data)
    SpixTimeout                              0x2000000c   Data           4  stm32f429i_discovery.o(.data)
    GPIO_PORT                                0x20000010   Data           8  stm32f429i_discovery.o(.data)
    LcdDrv                                   0x2000001c   Data           4  stm32f429i_discovery_lcd.o(.data)
    Font24                                   0x20000020   Data           8  stm32f429i_discovery_lcd.o(.data)
    Font16                                   0x20000028   Data           8  stm32f429i_discovery_lcd.o(.data)
    Font12                                   0x20000030   Data           8  stm32f429i_discovery_lcd.o(.data)
    ili9341_drv                              0x2000004c   Data          56  ili9341.o(.data)
    stmpe811_ts_drv                          0x20000084   Data          40  stmpe811.o(.data)
    stmpe811                                 0x200000ac   Data           2  stmpe811.o(.data)
    uwTickFreq                               0x200000b8   Data           1  stm32f4xx_hal.o(.data)
    uwTickPrio                               0x200000bc   Data           4  stm32f4xx_hal.o(.data)
    uwTick                                   0x200000c0   Data           4  stm32f4xx_hal.o(.data)
    SystemCoreClock                          0x200000c4   Data           4  system_stm32f4xx.o(.data)
    I2cHandle                                0x200000c8   Data          84  stm32f429i_discovery.o(.bss)
    LtdcHandler                              0x20000174   Data         168  stm32f429i_discovery_lcd.o(.bss)
    hdma2d                                   0x200003c4   Data          64  dma2d.o(.bss)
    hsdram1                                  0x20000404   Data          52  fmc.o(.bss)
    hi2c3                                    0x20000438   Data          84  i2c.o(.bss)
    hltdc                                    0x2000048c   Data         168  ltdc.o(.bss)
    hrtc                                     0x20000534   Data          32  rtc.o(.bss)
    hspi5                                    0x20000554   Data          88  spi.o(.bss)
    __initial_sp                             0x200009b0   Data           0  startup_stm32f429xx.o(STACK)



==============================================================================

Memory Map of the image

  Image Entry point : 0x080001ad

  Load Region LR_IROM1 (Base: 0x08000000, Size: 0x000137a4, Max: 0x00200000, ABSOLUTE)

    Execution Region ER_IROM1 (Exec base: 0x08000000, Load base: 0x08000000, Size: 0x000136dc, Max: 0x00200000, ABSOLUTE)

    Exec Addr    Load Addr    Size         Type   Attr      Idx    E Section Name        Object

    0x08000000   0x08000000   0x000001ac   Data   RO            3    RESET               startup_stm32f429xx.o
    0x080001ac   0x080001ac   0x00000000   Code   RO         4891  * .ARM.Collect$$$$00000000  mc_w.l(entry.o)
    0x080001ac   0x080001ac   0x00000004   Code   RO         5173    .ARM.Collect$$$$00000001  mc_w.l(entry2.o)
    0x080001b0   0x080001b0   0x00000004   Code   RO         5176    .ARM.Collect$$$$00000004  mc_w.l(entry5.o)
    0x080001b4   0x080001b4   0x00000000   Code   RO         5178    .ARM.Collect$$$$00000008  mc_w.l(entry7b.o)
    0x080001b4   0x080001b4   0x00000000   Code   RO         5180    .ARM.Collect$$$$0000000A  mc_w.l(entry8b.o)
    0x080001b4   0x080001b4   0x00000008   Code   RO         5181    .ARM.Collect$$$$0000000B  mc_w.l(entry9a.o)
    0x080001bc   0x080001bc   0x00000000   Code   RO         5183    .ARM.Collect$$$$0000000D  mc_w.l(entry10a.o)
    0x080001bc   0x080001bc   0x00000000   Code   RO         5185    .ARM.Collect$$$$0000000F  mc_w.l(entry11a.o)
    0x080001bc   0x080001bc   0x00000004   Code   RO         5174    .ARM.Collect$$$$00002712  mc_w.l(entry2.o)
    0x080001c0   0x080001c0   0x00000024   Code   RO            4    .text               startup_stm32f429xx.o
    0x080001e4   0x080001e4   0x00000062   Code   RO         4894    .text               mc_w.l(uldiv.o)
    0x08000246   0x08000246   0x00000024   Code   RO         4896    .text               mc_w.l(memcpya.o)
    0x0800026a   0x0800026a   0x00000024   Code   RO         4898    .text               mc_w.l(memseta.o)
    0x0800028e   0x0800028e   0x0000002c   Code   RO         5190    .text               mc_w.l(uidiv.o)
    0x080002ba   0x080002ba   0x0000001e   Code   RO         5192    .text               mc_w.l(llshl.o)
    0x080002d8   0x080002d8   0x00000020   Code   RO         5194    .text               mc_w.l(llushr.o)
    0x080002f8   0x080002f8   0x00000024   Code   RO         5209    .text               mc_w.l(init.o)
    0x0800031c   0x0800031c   0x0000003c   Code   RO          393    i.BSP_LCD_Clear     stm32f429i_discovery_lcd.o
    0x08000358   0x08000358   0x00000034   Code   RO          395    i.BSP_LCD_DisplayChar  stm32f429i_discovery_lcd.o
    0x0800038c   0x0800038c   0x00000014   Code   RO          397    i.BSP_LCD_DisplayOn  stm32f429i_discovery_lcd.o
    0x080003a0   0x080003a0   0x000000c4   Code   RO          398    i.BSP_LCD_DisplayStringAt  stm32f429i_discovery_lcd.o
    0x08000464   0x08000464   0x000000cc   Code   RO          400    i.BSP_LCD_DrawBitmap  stm32f429i_discovery_lcd.o
    0x08000530   0x08000530   0x00000118   Code   RO          401    i.BSP_LCD_DrawCircle  stm32f429i_discovery_lcd.o
    0x08000648   0x08000648   0x00000034   Code   RO          405    i.BSP_LCD_DrawPixel  stm32f429i_discovery_lcd.o
    0x0800067c   0x0800067c   0x0000000c   Code   RO          417    i.BSP_LCD_GetXSize  stm32f429i_discovery_lcd.o
    0x08000688   0x08000688   0x0000000c   Code   RO          418    i.BSP_LCD_GetYSize  stm32f429i_discovery_lcd.o
    0x08000694   0x08000694   0x00000094   Code   RO          419    i.BSP_LCD_Init      stm32f429i_discovery_lcd.o
    0x08000728   0x08000728   0x00000080   Code   RO          420    i.BSP_LCD_LayerDefaultInit  stm32f429i_discovery_lcd.o
    0x080007a8   0x080007a8   0x0000012c   Code   RO          421    i.BSP_LCD_MspInit   stm32f429i_discovery_lcd.o
    0x080008d4   0x080008d4   0x0000000c   Code   RO          426    i.BSP_LCD_SelectLayer  stm32f429i_discovery_lcd.o
    0x080008e0   0x080008e0   0x0000001c   Code   RO          430    i.BSP_LCD_SetFont   stm32f429i_discovery_lcd.o
    0x080008fc   0x080008fc   0x00000018   Code   RO          437    i.BSP_LCD_SetTextColor  stm32f429i_discovery_lcd.o
    0x08000914   0x08000914   0x00000078   Code   RO          748    i.BSP_SDRAM_Init    stm32f429i_discovery_sdram.o
    0x0800098c   0x0800098c   0x00000088   Code   RO          749    i.BSP_SDRAM_Initialization_sequence  stm32f429i_discovery_sdram.o
    0x08000a14   0x08000a14   0x00000164   Code   RO          751    i.BSP_SDRAM_MspInit  stm32f429i_discovery_sdram.o
    0x08000b78   0x08000b78   0x000000b0   Code   RO          828    i.BSP_TS_GetState   stm32f429i_discovery_ts.o
    0x08000c28   0x08000c28   0x00000038   Code   RO          832    i.BSP_TS_Init       stm32f429i_discovery_ts.o
    0x08000c60   0x08000c60   0x00000002   Code   RO         1658    i.BusFault_Handler  stm32f4xx_it.o
    0x08000c62   0x08000c62   0x00000002   PAD
    0x08000c64   0x08000c64   0x00000064   Code   RO          440    i.ConvertLineToARGB8888  stm32f429i_discovery_lcd.o
    0x08000cc8   0x08000cc8   0x00000096   Code   RO         1757    i.DMA2D_SetConfig   stm32f4xx_hal_dma2d.o
    0x08000d5e   0x08000d5e   0x00000002   PAD
    0x08000d60   0x08000d60   0x00000028   Code   RO         4240    i.DMA_CalcBaseAndBitshift  stm32f4xx_hal_dma.o
    0x08000d88   0x08000d88   0x00000054   Code   RO         4241    i.DMA_CheckFifoParam  stm32f4xx_hal_dma.o
    0x08000ddc   0x08000ddc   0x00000002   Code   RO         1659    i.DebugMon_Handler  stm32f4xx_it.o
    0x08000dde   0x08000dde   0x00000002   PAD
    0x08000de0   0x08000de0   0x000000b4   Code   RO          441    i.DrawChar          stm32f429i_discovery_lcd.o
    0x08000e94   0x08000e94   0x00000002   Code   RO         1160    i.Error_Handler     main.o
    0x08000e96   0x08000e96   0x00000050   Code   RO         1974    i.FMC_SDRAM_Init    stm32f4xx_ll_fmc.o
    0x08000ee6   0x08000ee6   0x0000000c   Code   RO         1975    i.FMC_SDRAM_ProgramRefreshRate  stm32f4xx_ll_fmc.o
    0x08000ef2   0x08000ef2   0x00000048   Code   RO         1976    i.FMC_SDRAM_SendCommand  stm32f4xx_ll_fmc.o
    0x08000f3a   0x08000f3a   0x00000002   PAD
    0x08000f3c   0x08000f3c   0x00000080   Code   RO         1978    i.FMC_SDRAM_Timing_Init  stm32f4xx_ll_fmc.o
    0x08000fbc   0x08000fbc   0x00000060   Code   RO          442    i.FillBuffer        stm32f429i_discovery_lcd.o
    0x0800101c   0x0800101c   0x000000a8   Code   RO         1769    i.HAL_DMA2D_ConfigLayer  stm32f4xx_hal_dma2d.o
    0x080010c4   0x080010c4   0x0000005a   Code   RO         1777    i.HAL_DMA2D_Init    stm32f4xx_hal_dma2d.o
    0x0800111e   0x0800111e   0x00000002   PAD
    0x08001120   0x08001120   0x00000028   Code   RO         1401    i.HAL_DMA2D_MspInit  dma2d.o
    0x08001148   0x08001148   0x0000010c   Code   RO         1781    i.HAL_DMA2D_PollForTransfer  stm32f4xx_hal_dma2d.o
    0x08001254   0x08001254   0x00000034   Code   RO         1784    i.HAL_DMA2D_Start   stm32f4xx_hal_dma2d.o
    0x08001288   0x08001288   0x00000056   Code   RO         4245    i.HAL_DMA_DeInit    stm32f4xx_hal_dma.o
    0x080012de   0x080012de   0x00000002   PAD
    0x080012e0   0x080012e0   0x000000d4   Code   RO         4249    i.HAL_DMA_Init      stm32f4xx_hal_dma.o
    0x080013b4   0x080013b4   0x00000024   Code   RO         4680    i.HAL_Delay         stm32f4xx_hal.o
    0x080013d8   0x080013d8   0x000000d4   Code   RO         1442    i.HAL_FMC_MspInit   fmc.o
    0x080014ac   0x080014ac   0x00000170   Code   RO         4133    i.HAL_GPIO_DeInit   stm32f4xx_hal_gpio.o
    0x0800161c   0x0800161c   0x000001cc   Code   RO         4136    i.HAL_GPIO_Init     stm32f4xx_hal_gpio.o
    0x080017e8   0x080017e8   0x0000000a   Code   RO         4140    i.HAL_GPIO_WritePin  stm32f4xx_hal_gpio.o
    0x080017f2   0x080017f2   0x00000002   PAD
    0x080017f4   0x080017f4   0x0000000c   Code   RO         4688    i.HAL_GetTick       stm32f4xx_hal.o
    0x08001800   0x08001800   0x00000042   Code   RO         2688    i.HAL_I2CEx_ConfigAnalogFilter  stm32f4xx_hal_i2c_ex.o
    0x08001842   0x08001842   0x0000003e   Code   RO         2689    i.HAL_I2CEx_ConfigDigitalFilter  stm32f4xx_hal_i2c_ex.o
    0x08001880   0x08001880   0x00000032   Code   RO         2292    i.HAL_I2C_DeInit    stm32f4xx_hal_i2c.o
    0x080018b2   0x080018b2   0x00000006   Code   RO         2300    i.HAL_I2C_GetState  stm32f4xx_hal_i2c.o
    0x080018b8   0x080018b8   0x00000108   Code   RO         2301    i.HAL_I2C_Init      stm32f4xx_hal_i2c.o
    0x080019c0   0x080019c0   0x000001fc   Code   RO         2317    i.HAL_I2C_Mem_Read  stm32f4xx_hal_i2c.o
    0x08001bbc   0x08001bbc   0x0000013c   Code   RO         2320    i.HAL_I2C_Mem_Write  stm32f4xx_hal_i2c.o
    0x08001cf8   0x08001cf8   0x0000003c   Code   RO         1490    i.HAL_I2C_MspDeInit  i2c.o
    0x08001d34   0x08001d34   0x00000090   Code   RO         1491    i.HAL_I2C_MspInit   i2c.o
    0x08001dc4   0x08001dc4   0x00000010   Code   RO         4692    i.HAL_IncTick       stm32f4xx_hal.o
    0x08001dd4   0x08001dd4   0x00000034   Code   RO         4693    i.HAL_Init          stm32f4xx_hal.o
    0x08001e08   0x08001e08   0x00000040   Code   RO         4694    i.HAL_InitTick      stm32f4xx_hal.o
    0x08001e48   0x08001e48   0x00000052   Code   RO         2721    i.HAL_LTDC_ConfigLayer  stm32f4xx_hal_ltdc.o
    0x08001e9a   0x08001e9a   0x00000002   PAD
    0x08001e9c   0x08001e9c   0x00000030   Code   RO         2733    i.HAL_LTDC_EnableDither  stm32f4xx_hal_ltdc.o
    0x08001ecc   0x08001ecc   0x000000f4   Code   RO         2738    i.HAL_LTDC_Init     stm32f4xx_hal_ltdc.o
    0x08001fc0   0x08001fc0   0x00000174   Code   RO         1533    i.HAL_LTDC_MspInit  ltdc.o
    0x08002134   0x08002134   0x00000034   Code   RO         1733    i.HAL_MspInit       stm32f4xx_hal_msp.o
    0x08002168   0x08002168   0x00000016   Code   RO         4543    i.HAL_NVIC_EnableIRQ  stm32f4xx_hal_cortex.o
    0x0800217e   0x0800217e   0x00000002   PAD
    0x08002180   0x08002180   0x00000040   Code   RO         4549    i.HAL_NVIC_SetPriority  stm32f4xx_hal_cortex.o
    0x080021c0   0x080021c0   0x00000024   Code   RO         4550    i.HAL_NVIC_SetPriorityGrouping  stm32f4xx_hal_cortex.o
    0x080021e4   0x080021e4   0x00000234   Code   RO         3837    i.HAL_RCCEx_PeriphCLKConfig  stm32f4xx_hal_rcc_ex.o
    0x08002418   0x08002418   0x00000130   Code   RO         3730    i.HAL_RCC_ClockConfig  stm32f4xx_hal_rcc.o
    0x08002548   0x08002548   0x00000020   Code   RO         3737    i.HAL_RCC_GetPCLK1Freq  stm32f4xx_hal_rcc.o
    0x08002568   0x08002568   0x00000060   Code   RO         3739    i.HAL_RCC_GetSysClockFreq  stm32f4xx_hal_rcc.o
    0x080025c8   0x080025c8   0x0000031c   Code   RO         3742    i.HAL_RCC_OscConfig  stm32f4xx_hal_rcc.o
    0x080028e4   0x080028e4   0x00000044   Code   RO         3016    i.HAL_RTC_GetDate   stm32f4xx_hal_rtc.o
    0x08002928   0x08002928   0x00000058   Code   RO         3018    i.HAL_RTC_GetTime   stm32f4xx_hal_rtc.o
    0x08002980   0x08002980   0x000000ac   Code   RO         3019    i.HAL_RTC_Init      stm32f4xx_hal_rtc.o
    0x08002a2c   0x08002a2c   0x00000018   Code   RO         1575    i.HAL_RTC_MspInit   rtc.o
    0x08002a44   0x08002a44   0x000000c8   Code   RO         3025    i.HAL_RTC_SetDate   stm32f4xx_hal_rtc.o
    0x08002b0c   0x08002b0c   0x000000f0   Code   RO         3026    i.HAL_RTC_SetTime   stm32f4xx_hal_rtc.o
    0x08002bfc   0x08002bfc   0x00000036   Code   RO         3027    i.HAL_RTC_WaitForSynchro  stm32f4xx_hal_rtc.o
    0x08002c32   0x08002c32   0x00000042   Code   RO         2140    i.HAL_SDRAM_Init    stm32f4xx_hal_sdram.o
    0x08002c74   0x08002c74   0x00000004   Code   RO         1444    i.HAL_SDRAM_MspInit  fmc.o
    0x08002c78   0x08002c78   0x00000022   Code   RO         2143    i.HAL_SDRAM_ProgramRefreshRate  stm32f4xx_hal_sdram.o
    0x08002c9a   0x08002c9a   0x00000002   PAD
    0x08002c9c   0x08002c9c   0x00000030   Code   RO         2149    i.HAL_SDRAM_SendCommand  stm32f4xx_hal_sdram.o
    0x08002ccc   0x08002ccc   0x0000002e   Code   RO         3382    i.HAL_SPI_DeInit    stm32f4xx_hal_spi.o
    0x08002cfa   0x08002cfa   0x00000006   Code   RO         3385    i.HAL_SPI_GetState  stm32f4xx_hal_spi.o
    0x08002d00   0x08002d00   0x00000080   Code   RO         3387    i.HAL_SPI_Init      stm32f4xx_hal_spi.o
    0x08002d80   0x08002d80   0x0000002c   Code   RO         1616    i.HAL_SPI_MspDeInit  spi.o
    0x08002dac   0x08002dac   0x00000068   Code   RO         1617    i.HAL_SPI_MspInit   spi.o
    0x08002e14   0x08002e14   0x00000150   Code   RO         3390    i.HAL_SPI_Receive   stm32f4xx_hal_spi.o
    0x08002f64   0x08002f64   0x00000168   Code   RO         3395    i.HAL_SPI_Transmit  stm32f4xx_hal_spi.o
    0x080030cc   0x080030cc   0x000001d8   Code   RO         3396    i.HAL_SPI_TransmitReceive  stm32f4xx_hal_spi.o
    0x080032a4   0x080032a4   0x00000028   Code   RO         4554    i.HAL_SYSTICK_Config  stm32f4xx_hal_cortex.o
    0x080032cc   0x080032cc   0x00000002   Code   RO         1660    i.HardFault_Handler  stm32f4xx_it.o
    0x080032ce   0x080032ce   0x00000028   Code   RO         2339    i.I2C_IsAcknowledgeFailed  stm32f4xx_hal_i2c.o
    0x080032f6   0x080032f6   0x000000f0   Code   RO         2348    i.I2C_RequestMemoryRead  stm32f4xx_hal_i2c.o
    0x080033e6   0x080033e6   0x00000002   PAD
    0x080033e8   0x080033e8   0x000000a0   Code   RO         2349    i.I2C_RequestMemoryWrite  stm32f4xx_hal_i2c.o
    0x08003488   0x08003488   0x0000004e   Code   RO         2352    i.I2C_WaitOnBTFFlagUntilTimeout  stm32f4xx_hal_i2c.o
    0x080034d6   0x080034d6   0x00000060   Code   RO         2353    i.I2C_WaitOnFlagUntilTimeout  stm32f4xx_hal_i2c.o
    0x08003536   0x08003536   0x00000002   PAD
    0x08003538   0x08003538   0x00000088   Code   RO         2354    i.I2C_WaitOnMasterAddressFlagUntilTimeout  stm32f4xx_hal_i2c.o
    0x080035c0   0x080035c0   0x00000062   Code   RO         2355    i.I2C_WaitOnRXNEFlagUntilTimeout  stm32f4xx_hal_i2c.o
    0x08003622   0x08003622   0x0000004e   Code   RO         2356    i.I2C_WaitOnTXEFlagUntilTimeout  stm32f4xx_hal_i2c.o
    0x08003670   0x08003670   0x00000014   Code   RO           23    i.I2Cx_Error        stm32f429i_discovery.o
    0x08003684   0x08003684   0x00000048   Code   RO           24    i.I2Cx_Init         stm32f429i_discovery.o
    0x080036cc   0x080036cc   0x000000b8   Code   RO           25    i.I2Cx_MspInit      stm32f429i_discovery.o
    0x08003784   0x08003784   0x00000004   Code   RO           26    i.IOE_Delay         stm32f429i_discovery.o
    0x08003788   0x08003788   0x00000050   Code   RO           27    i.IOE_ITConfig      stm32f429i_discovery.o
    0x080037d8   0x080037d8   0x00000004   Code   RO           28    i.IOE_Init          stm32f429i_discovery.o
    0x080037dc   0x080037dc   0x00000034   Code   RO           29    i.IOE_Read          stm32f429i_discovery.o
    0x08003810   0x08003810   0x00000030   Code   RO           30    i.IOE_ReadMultiple  stm32f429i_discovery.o
    0x08003840   0x08003840   0x00000030   Code   RO           31    i.IOE_Write         stm32f429i_discovery.o
    0x08003870   0x08003870   0x00000004   Code   RO           33    i.LCD_Delay         stm32f429i_discovery.o
    0x08003874   0x08003874   0x000000a8   Code   RO           34    i.LCD_IO_Init       stm32f429i_discovery.o
    0x0800391c   0x0800391c   0x0000006c   Code   RO           35    i.LCD_IO_ReadData   stm32f429i_discovery.o
    0x08003988   0x08003988   0x00000038   Code   RO           36    i.LCD_IO_WriteData  stm32f429i_discovery.o
    0x080039c0   0x080039c0   0x00000038   Code   RO           37    i.LCD_IO_WriteReg   stm32f429i_discovery.o
    0x080039f8   0x080039f8   0x00000162   Code   RO         2757    i.LTDC_SetConfig    stm32f4xx_hal_ltdc.o
    0x08003b5a   0x08003b5a   0x00000002   PAD
    0x08003b5c   0x08003b5c   0x00000044   Code   RO         1402    i.MX_DMA2D_Init     dma2d.o
    0x08003ba0   0x08003ba0   0x00000054   Code   RO         1445    i.MX_FMC_Init       fmc.o
    0x08003bf4   0x08003bf4   0x000001c4   Code   RO         1376    i.MX_GPIO_Init      gpio.o
    0x08003db8   0x08003db8   0x0000005c   Code   RO         1492    i.MX_I2C3_Init      i2c.o
    0x08003e14   0x08003e14   0x000000d8   Code   RO         1534    i.MX_LTDC_Init      ltdc.o
    0x08003eec   0x08003eec   0x00000080   Code   RO         1576    i.MX_RTC_Init       rtc.o
    0x08003f6c   0x08003f6c   0x00000044   Code   RO         1618    i.MX_SPI5_Init      spi.o
    0x08003fb0   0x08003fb0   0x00000002   Code   RO         1661    i.MemManage_Handler  stm32f4xx_it.o
    0x08003fb2   0x08003fb2   0x00000002   Code   RO         1662    i.NMI_Handler       stm32f4xx_it.o
    0x08003fb4   0x08003fb4   0x00000020   Code   RO         4556    i.NVIC_SetPriority  stm32f4xx_hal_cortex.o
    0x08003fd4   0x08003fd4   0x00000002   Code   RO         1663    i.PendSV_Handler    stm32f4xx_it.o
    0x08003fd6   0x08003fd6   0x00000012   Code   RO         3028    i.RTC_Bcd2ToByte    stm32f4xx_hal_rtc.o
    0x08003fe8   0x08003fe8   0x00000016   Code   RO         3029    i.RTC_ByteToBcd2    stm32f4xx_hal_rtc.o
    0x08003ffe   0x08003ffe   0x00000002   PAD
    0x08004000   0x08004000   0x0000003a   Code   RO         3030    i.RTC_EnterInitMode  stm32f4xx_hal_rtc.o
    0x0800403a   0x0800403a   0x00000002   PAD
    0x0800403c   0x0800403c   0x00000060   Code   RO         1161    i.RTC_Render        main.o
    0x0800409c   0x0800409c   0x00000020   Code   RO         3411    i.SPI_CheckFlag_BSY  stm32f4xx_hal_spi.o
    0x080040bc   0x080040bc   0x00000096   Code   RO         3429    i.SPI_WaitFlagStateUntilTimeout  stm32f4xx_hal_spi.o
    0x08004152   0x08004152   0x00000002   PAD
    0x08004154   0x08004154   0x00000014   Code   RO           38    i.SPIx_Error        stm32f429i_discovery.o
    0x08004168   0x08004168   0x0000009c   Code   RO           39    i.SPIx_Init         stm32f429i_discovery.o
    0x08004204   0x08004204   0x00000024   Code   RO           40    i.SPIx_Write        stm32f429i_discovery.o
    0x08004228   0x08004228   0x00000002   Code   RO         1664    i.SVC_Handler       stm32f4xx_it.o
    0x0800422a   0x0800422a   0x00000004   Code   RO         1665    i.SysTick_Handler   stm32f4xx_it.o
    0x0800422e   0x0800422e   0x00000002   PAD
    0x08004230   0x08004230   0x000000a8   Code   RO         1162    i.SystemClock_Config  main.o
    0x080042d8   0x080042d8   0x00000054   Code   RO         4857    i.SystemInit        system_stm32f4xx.o
    0x0800432c   0x0800432c   0x00000002   Code   RO         1666    i.UsageFault_Handler  stm32f4xx_it.o
    0x0800432e   0x0800432e   0x00000002   PAD
    0x08004330   0x08004330   0x00000028   Code   RO         5059    i.__0sprintf$6      mc_w.l(printf6.o)
    0x08004358   0x08004358   0x0000000e   Code   RO         5215    i.__scatterload_copy  mc_w.l(handlers.o)
    0x08004366   0x08004366   0x00000002   Code   RO         5216    i.__scatterload_null  mc_w.l(handlers.o)
    0x08004368   0x08004368   0x0000000e   Code   RO         5217    i.__scatterload_zeroinit  mc_w.l(handlers.o)
    0x08004376   0x08004376   0x00000002   PAD
    0x08004378   0x08004378   0x000002f0   Code   RO         5064    i._printf_core      mc_w.l(printf6.o)
    0x08004668   0x08004668   0x00000024   Code   RO         5065    i._printf_post_padding  mc_w.l(printf6.o)
    0x0800468c   0x0800468c   0x0000002e   Code   RO         5066    i._printf_pre_padding  mc_w.l(printf6.o)
    0x080046ba   0x080046ba   0x0000000a   Code   RO         5068    i._sputc            mc_w.l(printf6.o)
    0x080046c4   0x080046c4   0x00000060   Code   RO         1164    i.checkTick         main.o
    0x08004724   0x08004724   0x00000020   Code   RO         1165    i.clockTest1        main.o
    0x08004744   0x08004744   0x0000004c   Code   RO         1169    i.gearTick          main.o
    0x08004790   0x08004790   0x00000006   Code   RO          878    i.ili9341_DisplayOff  ili9341.o
    0x08004796   0x08004796   0x00000006   Code   RO          879    i.ili9341_DisplayOn  ili9341.o
    0x0800479c   0x0800479c   0x00000006   Code   RO          880    i.ili9341_GetLcdPixelHeight  ili9341.o
    0x080047a2   0x080047a2   0x00000004   Code   RO          881    i.ili9341_GetLcdPixelWidth  ili9341.o
    0x080047a6   0x080047a6   0x00000292   Code   RO          882    i.ili9341_Init      ili9341.o
    0x08004a38   0x08004a38   0x00000012   Code   RO          884    i.ili9341_ReadID    ili9341.o
    0x08004a4a   0x08004a4a   0x00000002   PAD
    0x08004a4c   0x08004a4c   0x000002a0   Code   RO         1170    i.infosMenuRender   main.o
    0x08004cec   0x08004cec   0x00000124   Code   RO         1174    i.leftArrowTick     main.o
    0x08004e10   0x08004e10   0x00000128   Code   RO         1175    i.main              main.o
    0x08004f38   0x08004f38   0x00000044   Code   RO         1178    i.renderBottomMenu  main.o
    0x08004f7c   0x08004f7c   0x0000013c   Code   RO         1179    i.rightArrowTick    main.o
    0x080050b8   0x080050b8   0x0000019e   Code   RO         1180    i.selectionRender   main.o
    0x08005256   0x08005256   0x0000000a   Code   RO          946    i.stmpe811_ClearGlobalIT  stmpe811.o
    0x08005260   0x08005260   0x0000001c   Code   RO          947    i.stmpe811_DisableGlobalIT  stmpe811.o
    0x0800527c   0x0800527c   0x0000001e   Code   RO          948    i.stmpe811_DisableITSource  stmpe811.o
    0x0800529a   0x0800529a   0x0000001c   Code   RO          949    i.stmpe811_EnableGlobalIT  stmpe811.o
    0x080052b6   0x080052b6   0x0000001e   Code   RO          950    i.stmpe811_EnableITSource  stmpe811.o
    0x080052d4   0x080052d4   0x0000001c   Code   RO          951    i.stmpe811_GetInstance  stmpe811.o
    0x080052f0   0x080052f0   0x0000001e   Code   RO          958    i.stmpe811_IO_EnableAF  stmpe811.o
    0x0800530e   0x0800530e   0x00000002   PAD
    0x08005310   0x08005310   0x00000030   Code   RO          967    i.stmpe811_Init     stmpe811.o
    0x08005340   0x08005340   0x00000020   Code   RO          969    i.stmpe811_ReadID   stmpe811.o
    0x08005360   0x08005360   0x00000028   Code   RO          970    i.stmpe811_Reset    stmpe811.o
    0x08005388   0x08005388   0x00000006   Code   RO          973    i.stmpe811_TS_ClearIT  stmpe811.o
    0x0800538e   0x0800538e   0x00000036   Code   RO          974    i.stmpe811_TS_DetectTouch  stmpe811.o
    0x080053c4   0x080053c4   0x00000014   Code   RO          975    i.stmpe811_TS_DisableIT  stmpe811.o
    0x080053d8   0x080053d8   0x0000001a   Code   RO          976    i.stmpe811_TS_EnableIT  stmpe811.o
    0x080053f2   0x080053f2   0x0000003e   Code   RO          977    i.stmpe811_TS_GetXY  stmpe811.o
    0x08005430   0x08005430   0x00000010   Code   RO          978    i.stmpe811_TS_ITStatus  stmpe811.o
    0x08005440   0x08005440   0x000000a2   Code   RO          979    i.stmpe811_TS_Start  stmpe811.o
    0x080054e2   0x080054e2   0x0000003c   Code   RO         1183    i.tick              main.o
    0x0800551e   0x0800551e   0x00000002   PAD
    0x08005520   0x08005520   0x00000094   Code   RO         1184    i.topIconsRender    main.o
    0x080055b4   0x080055b4   0x00001ab8   Data   RO          444    .constdata          stm32f429i_discovery_lcd.o
    0x0800706c   0x0800706c   0x00000be0   Data   RO          446    .constdata          stm32f429i_discovery_lcd.o
    0x08007c4c   0x08007c4c   0x00000474   Data   RO          447    .constdata          stm32f429i_discovery_lcd.o
    0x080080c0   0x080080c0   0x0000b5da   Data   RO         1185    .constdata          main.o
    0x0801369a   0x0801369a   0x00000008   Data   RO         4255    .constdata          stm32f4xx_hal_dma.o
    0x080136a2   0x080136a2   0x00000010   Data   RO         4858    .constdata          system_stm32f4xx.o
    0x080136b2   0x080136b2   0x00000008   Data   RO         4859    .constdata          system_stm32f4xx.o
    0x080136ba   0x080136ba   0x00000002   PAD
    0x080136bc   0x080136bc   0x00000020   Data   RO         5213    Region$$Table       anon$$obj.o


    Execution Region RW_IRAM1 (Exec base: 0x20000000, Load base: 0x080136dc, Size: 0x000009b0, Max: 0x00030000, ABSOLUTE)

    Exec Addr    Load Addr    Size         Type   Attr      Idx    E Section Name        Object

    0x20000000   0x080136dc   0x00000018   Data   RW           44    .data               stm32f429i_discovery.o
    0x20000018   0x080136f4   0x00000010   Data   RW          449    .data               stm32f429i_discovery_lcd.o
    0x20000028   0x08013704   0x00000008   Data   RW          451    .data               stm32f429i_discovery_lcd.o
    0x20000030   0x0801370c   0x00000008   Data   RW          452    .data               stm32f429i_discovery_lcd.o
    0x20000038   0x08013714   0x00000001   Data   RW          758    .data               stm32f429i_discovery_sdram.o
    0x20000039   0x08013715   0x00000003   PAD
    0x2000003c   0x08013718   0x00000010   Data   RW          833    .data               stm32f429i_discovery_ts.o
    0x2000004c   0x08013728   0x00000038   Data   RW          887    .data               ili9341.o
    0x20000084   0x08013760   0x00000028   Data   RW          980    .data               stmpe811.o
    0x200000ac   0x08013788   0x00000002   Data   RW          982    .data               stmpe811.o
    0x200000ae   0x0801378a   0x00000002   PAD
    0x200000b0   0x0801378c   0x00000008   Data   RW         1447    .data               fmc.o
    0x200000b8   0x08013794   0x0000000c   Data   RW         4700    .data               stm32f4xx_hal.o
    0x200000c4   0x080137a0   0x00000004   Data   RW         4860    .data               system_stm32f4xx.o
    0x200000c8        -       0x000000ac   Zero   RW           42    .bss                stm32f429i_discovery.o
    0x20000174        -       0x00000130   Zero   RW          443    .bss                stm32f429i_discovery_lcd.o
    0x200002a4        -       0x00000120   Zero   RW          757    .bss                stm32f429i_discovery_sdram.o
    0x200003c4        -       0x00000040   Zero   RW         1403    .bss                dma2d.o
    0x20000404        -       0x00000034   Zero   RW         1446    .bss                fmc.o
    0x20000438        -       0x00000054   Zero   RW         1493    .bss                i2c.o
    0x2000048c        -       0x000000a8   Zero   RW         1535    .bss                ltdc.o
    0x20000534        -       0x00000020   Zero   RW         1577    .bss                rtc.o
    0x20000554        -       0x00000058   Zero   RW         1619    .bss                spi.o
    0x200005ac   0x080137a4   0x00000004   PAD
    0x200005b0        -       0x00000400   Zero   RW            1    STACK               startup_stm32f429xx.o


==============================================================================

Image component sizes


      Code (inc. data)   RO Data    RW Data    ZI Data      Debug   Object Name

       108         20          0          0         64       1553   dma2d.o
       300         42          0          8         52       2192   fmc.o
       452         30          0          0          0       1211   gpio.o
       296         48          0          0         84       2297   i2c.o
       698          0          0         56          0       8847   ili9341.o
       588         40          0          0        168       2098   ltdc.o
      2736        374      46554          0          0      12354   main.o
       152         16          0          0         32       1547   rtc.o
       216         34          0          0         88       2169   spi.o
        36          8        428          0       1024        840   startup_stm32f429xx.o
      1116        158          0         24        172     770363   stm32f429i_discovery.o
         0          0          0          0          0        744   stm32f429i_discovery_io.o
      1904        176      11020         32        304      21262   stm32f429i_discovery_lcd.o
       612         54          0          1        288       3851   stm32f429i_discovery_sdram.o
       232         14          0         16          0       2992   stm32f429i_discovery_ts.o
       180         28          0         12          0       4605   stm32f4xx_hal.o
       194         14          0          0          0      30431   stm32f4xx_hal_cortex.o
       422         12          8          0          0       3644   stm32f4xx_hal_dma.o
       728          6          0          0          0       5639   stm32f4xx_hal_dma2d.o
       838        100          0          0          0       3410   stm32f4xx_hal_gpio.o
      2070         36          0          0          0      14270   stm32f4xx_hal_i2c.o
       128          0          0          0          0       1871   stm32f4xx_hal_i2c_ex.o
       728         12          0          0          0       3611   stm32f4xx_hal_ltdc.o
        52          4          0          0          0        846   stm32f4xx_hal_msp.o
      1228         64          0          0          0       4569   stm32f4xx_hal_rcc.o
       564         36          0          0          0       1604   stm32f4xx_hal_rcc_ex.o
       920         28          0          0          0       7524   stm32f4xx_hal_rtc.o
       148          0          0          0          0       2736   stm32f4xx_hal_sdram.o
      1530          0          0          0          0       8222   stm32f4xx_hal_spi.o
        20          0          0          0          0       4118   stm32f4xx_it.o
       292          4          0          0          0       3520   stm32f4xx_ll_fmc.o
       650         10          0         42          0      14571   stmpe811.o
        84         18         24          4          0       1171   system_stm32f4xx.o

    ----------------------------------------------------------------------
     20264       1386      58068        200       2280     950682   Object Totals
         0          0         32          0          0          0   (incl. Generated)
        42          0          2          5          4          0   (incl. Padding)

    ----------------------------------------------------------------------

      Code (inc. data)   RO Data    RW Data    ZI Data      Debug   Library Member Name

         0          0          0          0          0          0   entry.o
         0          0          0          0          0          0   entry10a.o
         0          0          0          0          0          0   entry11a.o
         8          4          0          0          0          0   entry2.o
         4          0          0          0          0          0   entry5.o
         0          0          0          0          0          0   entry7b.o
         0          0          0          0          0          0   entry8b.o
         8          4          0          0          0          0   entry9a.o
        30          0          0          0          0          0   handlers.o
        36          8          0          0          0         68   init.o
        30          0          0          0          0         68   llshl.o
        32          0          0          0          0         68   llushr.o
        36          0          0          0          0         68   memcpya.o
        36          0          0          0          0        108   memseta.o
       884         10          0          0          0        420   printf6.o
        44          0          0          0          0         80   uidiv.o
        98          0          0          0          0         92   uldiv.o

    ----------------------------------------------------------------------
      1248         26          0          0          0        972   Library Totals
         2          0          0          0          0          0   (incl. Padding)

    ----------------------------------------------------------------------

      Code (inc. data)   RO Data    RW Data    ZI Data      Debug   Library Name

      1246         26          0          0          0        972   mc_w.l

    ----------------------------------------------------------------------
      1248         26          0          0          0        972   Library Totals

    ----------------------------------------------------------------------

==============================================================================


      Code (inc. data)   RO Data    RW Data    ZI Data      Debug   

     21512       1412      58068        200       2280     934790   Grand Totals
     21512       1412      58068        200       2280     934790   ELF Image Totals
     21512       1412      58068        200          0          0   ROM Totals

==============================================================================

    Total RO  Size (Code + RO Data)                79580 (  77.71kB)
    Total RW  Size (RW Data + ZI Data)              2480 (   2.42kB)
    Total ROM Size (Code + RO Data + RW Data)      79780 (  77.91kB)

==============================================================================

